Archive member included to satisfy reference by file (symbol)

/Applications/ArmGNUToolchain/15.2.rel1/arm-none-eabi/bin/../lib/gcc/arm-none-eabi/15.2.1/thumb/v6-m/nofp/libgcc.a(_dvmd_tls.o)
                              CMakeFiles/mainCLAT.dir/Users/mdalaminashik/pico-zero/pico-sdk/src/rp2_common/pico_divider/divider_hardware.S.o (__aeabi_idiv0)
/Applications/ArmGNUToolchain/15.2.rel1/arm-none-eabi/bin/../lib/gcc/arm-none-eabi/15.2.1/../../../../arm-none-eabi/lib/thumb/v6-m/nofp/libg.a(libc_a-calloc.o)
                              CMakeFiles/mainCLAT.dir/Users/mdalaminashik/pico-zero/pico-sdk/src/rp2_common/pico_malloc/malloc.c.o (calloc)
/Applications/ArmGNUToolchain/15.2.rel1/arm-none-eabi/bin/../lib/gcc/arm-none-eabi/15.2.1/../../../../arm-none-eabi/lib/thumb/v6-m/nofp/libg.a(libc_a-callocr.o)
                              /Applications/ArmGNUToolchain/15.2.rel1/arm-none-eabi/bin/../lib/gcc/arm-none-eabi/15.2.1/../../../../arm-none-eabi/lib/thumb/v6-m/nofp/libg.a(libc_a-calloc.o) (_calloc_r)
/Applications/ArmGNUToolchain/15.2.rel1/arm-none-eabi/bin/../lib/gcc/arm-none-eabi/15.2.1/../../../../arm-none-eabi/lib/thumb/v6-m/nofp/libg.a(libc_a-malloc.o)
                              CMakeFiles/mainCLAT.dir/Users/mdalaminashik/pico-zero/pico-sdk/src/rp2_common/pico_malloc/malloc.c.o (malloc)
/Applications/ArmGNUToolchain/15.2.rel1/arm-none-eabi/bin/../lib/gcc/arm-none-eabi/15.2.1/../../../../arm-none-eabi/lib/thumb/v6-m/nofp/libg.a(libc_a-mallocr.o)
                              /Applications/ArmGNUToolchain/15.2.rel1/arm-none-eabi/bin/../lib/gcc/arm-none-eabi/15.2.1/../../../../arm-none-eabi/lib/thumb/v6-m/nofp/libg.a(libc_a-callocr.o) (_malloc_r)
/Applications/ArmGNUToolchain/15.2.rel1/arm-none-eabi/bin/../lib/gcc/arm-none-eabi/15.2.1/../../../../arm-none-eabi/lib/thumb/v6-m/nofp/libg.a(libc_a-mlock.o)
                              /Applications/ArmGNUToolchain/15.2.rel1/arm-none-eabi/bin/../lib/gcc/arm-none-eabi/15.2.1/../../../../arm-none-eabi/lib/thumb/v6-m/nofp/libg.a(libc_a-mallocr.o) (__malloc_lock)
/Applications/ArmGNUToolchain/15.2.rel1/arm-none-eabi/bin/../lib/gcc/arm-none-eabi/15.2.1/../../../../arm-none-eabi/lib/thumb/v6-m/nofp/libg.a(libc_a-realloc.o)
                              CMakeFiles/mainCLAT.dir/Users/mdalaminashik/pico-zero/pico-sdk/src/rp2_common/pico_malloc/malloc.c.o (realloc)
/Applications/ArmGNUToolchain/15.2.rel1/arm-none-eabi/bin/../lib/gcc/arm-none-eabi/15.2.1/../../../../arm-none-eabi/lib/thumb/v6-m/nofp/libg.a(libc_a-reallocr.o)
                              /Applications/ArmGNUToolchain/15.2.rel1/arm-none-eabi/bin/../lib/gcc/arm-none-eabi/15.2.1/../../../../arm-none-eabi/lib/thumb/v6-m/nofp/libg.a(libc_a-realloc.o) (_realloc_r)
/Applications/ArmGNUToolchain/15.2.rel1/arm-none-eabi/bin/../lib/gcc/arm-none-eabi/15.2.1/../../../../arm-none-eabi/lib/thumb/v6-m/nofp/libg.a(libc_a-memcmp.o)
                              CMakeFiles/mainCLAT.dir/Users/mdalaminashik/pico-zero/pico-sdk/src/rp2_common/pico_atomic/atomic.c.o (memcmp)
/Applications/ArmGNUToolchain/15.2.rel1/arm-none-eabi/bin/../lib/gcc/arm-none-eabi/15.2.1/../../../../arm-none-eabi/lib/thumb/v6-m/nofp/libg.a(libc_a-memmove.o)
                              /Applications/ArmGNUToolchain/15.2.rel1/arm-none-eabi/bin/../lib/gcc/arm-none-eabi/15.2.1/../../../../arm-none-eabi/lib/thumb/v6-m/nofp/libg.a(libc_a-reallocr.o) (memmove)
/Applications/ArmGNUToolchain/15.2.rel1/arm-none-eabi/bin/../lib/gcc/arm-none-eabi/15.2.1/../../../../arm-none-eabi/lib/thumb/v6-m/nofp/libg.a(libc_a-lcltime_r.o)
                              CMakeFiles/mainCLAT.dir/Users/mdalaminashik/pico-zero/pico-sdk/src/common/pico_util/datetime.c.o (localtime_r)
/Applications/ArmGNUToolchain/15.2.rel1/arm-none-eabi/bin/../lib/gcc/arm-none-eabi/15.2.1/../../../../arm-none-eabi/lib/thumb/v6-m/nofp/libg.a(libc_a-mktime.o)
                              CMakeFiles/mainCLAT.dir/Users/mdalaminashik/pico-zero/pico-sdk/src/common/pico_util/datetime.c.o (mktime)
/Applications/ArmGNUToolchain/15.2.rel1/arm-none-eabi/bin/../lib/gcc/arm-none-eabi/15.2.1/../../../../arm-none-eabi/lib/thumb/v6-m/nofp/libg.a(libc_a-month_lengths.o)
                              /Applications/ArmGNUToolchain/15.2.rel1/arm-none-eabi/bin/../lib/gcc/arm-none-eabi/15.2.1/../../../../arm-none-eabi/lib/thumb/v6-m/nofp/libg.a(libc_a-lcltime_r.o) (__month_lengths)
/Applications/ArmGNUToolchain/15.2.rel1/arm-none-eabi/bin/../lib/gcc/arm-none-eabi/15.2.1/../../../../arm-none-eabi/lib/thumb/v6-m/nofp/libg.a(libc_a-tzcalc_limits.o)
                              /Applications/ArmGNUToolchain/15.2.rel1/arm-none-eabi/bin/../lib/gcc/arm-none-eabi/15.2.1/../../../../arm-none-eabi/lib/thumb/v6-m/nofp/libg.a(libc_a-lcltime_r.o) (__tzcalc_limits)
/Applications/ArmGNUToolchain/15.2.rel1/arm-none-eabi/bin/../lib/gcc/arm-none-eabi/15.2.1/../../../../arm-none-eabi/lib/thumb/v6-m/nofp/libg.a(libc_a-tzlock.o)
[...]
Memory Configuration

Name             Origin             Length             Attributes
FLASH            0x10000000         0x00200000         xr
XIP_RAM          0x15000000         0x00004000         xrw
RAM              0x20000000         0x00040000         xrw
SCRATCH_X        0x20040000         0x00001000         xrw
SCRATCH_Y        0x20041000         0x00001000         xrw
*default*        0x00000000         0xffffffff

Linker script and memory map

                0x20000000                        RAM_ORIGIN_DEFAULT = 0x20000000
                0x00040000                        RAM_LENGTH_DEFAULT = 0x40000
                0x20040000                        SCRATCH_X_ORIGIN_DEFAULT = 0x20040000
                0x00001000                        SCRATCH_X_LENGTH_DEFAULT = 0x1000
                0x20041000                        SCRATCH_Y_ORIGIN_DEFAULT = 0x20041000
                0x00001000                        SCRATCH_Y_LENGTH_DEFAULT = 0x1000
                0x15000000                        XIP_RAM_ORIGIN_DEFAULT = 0x15000000
                0x00004000                        XIP_RAM_LENGTH_DEFAULT = 0x4000
LOAD CMakeFiles/mainCLAT.dir/mainCLAT.c.o
LOAD CMakeFiles/mainCLAT.dir/lcd_i2c.c.o
LOAD CMakeFiles/mainCLAT.dir/bat_calc.c.o
LOAD CMakeFiles/mainCLAT.dir/Users/mdalaminashik/pico-zero/pico-sdk/src/rp2_common/pico_stdlib/stdlib.c.o
LOAD CMakeFiles/mainCLAT.dir/Users/mdalaminashik/pico-zero/pico-sdk/src/rp2_common/hardware_gpio/gpio.c.o
LOAD CMakeFiles/mainCLAT.dir/Users/mdalaminashik/pico-zero/pico-sdk/src/rp2040/pico_platform/platform.c.o
LOAD CMakeFiles/mainCLAT.dir/Users/mdalaminashik/pico-zero/pico-sdk/src/rp2_common/pico_platform_common/common.c.o
LOAD CMakeFiles/mainCLAT.dir/Users/mdalaminashik/pico-zero/pico-sdk/src/rp2_common/pico_platform_panic/panic.c.o
LOAD CMakeFiles/mainCLAT.dir/Users/mdalaminashik/pico-zero/pico-sdk/src/rp2_common/pico_platform_panic/custom_panic_function.S.o
LOAD CMakeFiles/mainCLAT.dir/Users/mdalaminashik/pico-zero/pico-sdk/src/common/hardware_claim/claim.c.o
LOAD CMakeFiles/mainCLAT.dir/Users/mdalaminashik/pico-zero/pico-sdk/src/rp2_common/hardware_sync/sync.c.o
LOAD CMakeFiles/mainCLAT.dir/Users/mdalaminashik/pico-zero/pico-sdk/src/rp2_common/hardware_sync_spin_lock/sync_spin_lock.c.o
LOAD CMakeFiles/mainCLAT.dir/Users/mdalaminashik/pico-zero/pico-sdk/src/rp2_common/hardware_irq/irq.c.o
LOAD CMakeFiles/mainCLAT.dir/Users/mdalaminashik/pico-zero/pico-sdk/src/rp2_common/hardware_irq/irq_handler_chain.S.o
LOAD CMakeFiles/mainCLAT.dir/Users/mdalaminashik/pico-zero/pico-sdk/src/common/pico_sync/sem.c.o
LOAD CMakeFiles/mainCLAT.dir/Users/mdalaminashik/pico-zero/pico-sdk/src/common/pico_sync/lock_core.c.o
LOAD CMakeFiles/mainCLAT.dir/Users/mdalaminashik/pico-zero/pico-sdk/src/common/pico_sync/mutex.c.o
LOAD CMakeFiles/mainCLAT.dir/Users/mdalaminashik/pico-zero/pico-sdk/src/common/pico_sync/critical_section.c.o
LOAD CMakeFiles/mainCLAT.dir/Users/mdalaminashik/pico-zero/pico-sdk/src/common/pico_time/time.c.o
LOAD CMakeFiles/mainCLAT.dir/Users/mdalaminashik/pico-zero/pico-sdk/src/common/pico_time/timeout_helper.c.o
LOAD CMakeFiles/mainCLAT.dir/Users/mdalaminashik/pico-zero/pico-sdk/src/rp2_common/hardware_timer/timer.c.o
LOAD CMakeFiles/mainCLAT.dir/Users/mdalaminashik/pico-zero/pico-sdk/src/common/pico_util/datetime.c.o
LOAD CMakeFiles/mainCLAT.dir/Users/mdalaminashik/pico-zero/pico-sdk/src/common/pico_util/fixed_bitset.c.o
LOAD CMakeFiles/mainCLAT.dir/Users/mdalaminashik/pico-zero/pico-sdk/src/common/pico_util/pheap.c.o
LOAD CMakeFiles/mainCLAT.dir/Users/mdalaminashik/pico-zero/pico-sdk/src/common/pico_util/queue.c.o
LOAD CMakeFiles/mainCLAT.dir/Users/mdalaminashik/pico-zero/pico-sdk/src/rp2_common/hardware_uart/uart.c.o
LOAD CMakeFiles/mainCLAT.dir/Users/mdalaminashik/pico-zero/pico-sdk/src/rp2_common/hardware_clocks/clocks.c.o
LOAD CMakeFiles/mainCLAT.dir/Users/mdalaminashik/pico-zero/pico-sdk/src/rp2_common/hardware_pll/pll.c.o
LOAD CMakeFiles/mainCLAT.dir/Users/mdalaminashik/pico-zero/pico-sdk/src/rp2_common/hardware_vreg/vreg.c.o
LOAD CMakeFiles/mainCLAT.dir/Users/mdalaminashik/pico-zero/pico-sdk/src/rp2_common/hardware_watchdog/watchdog.c.o
LOAD CMakeFiles/mainCLAT.dir/Users/mdalaminashik/pico-zero/pico-sdk/src/rp2_common/hardware_ticks/ticks.c.o
LOAD CMakeFiles/mainCLAT.dir/Users/mdalaminashik/pico-zero/pico-sdk/src/rp2_common/pico_bootrom/bootrom.c.o
LOAD CMakeFiles/mainCLAT.dir/Users/mdalaminashik/pico-zero/pico-sdk/src/rp2_common/pico_bootrom/bootrom_lock.c.o
LOAD CMakeFiles/mainCLAT.dir/Users/mdalaminashik/pico-zero/pico-sdk/src/rp2_common/hardware_boot_lock/boot_lock.c.o
LOAD CMakeFiles/mainCLAT.dir/Users/mdalaminashik/pico-zero/pico-sdk/src/rp2_common/pico_flash/flash.c.o
LOAD CMakeFiles/mainCLAT.dir/Users/mdalaminashik/pico-zero/pico-sdk/src/rp2_common/hardware_xosc/xosc.c.o
LOAD CMakeFiles/mainCLAT.dir/Users/mdalaminashik/pico-zero/pico-sdk/src/rp2_common/hardware_divider/divider.S.o
LOAD CMakeFiles/mainCLAT.dir/Users/mdalaminashik/pico-zero/pico-sdk/src/rp2_common/pico_runtime/runtime.c.o
LOAD CMakeFiles/mainCLAT.dir/Users/mdalaminashik/pico-zero/pico-sdk/src/rp2_common/pico_runtime_init/runtime_init.c.o
LOAD CMakeFiles/mainCLAT.dir/Users/mdalaminashik/pico-zero/pico-sdk/src/rp2_common/pico_runtime_init/runtime_init_clocks.c.o
LOAD CMakeFiles/mainCLAT.dir/Users/mdalaminashik/pico-zero/pico-sdk/src/rp2_common/pico_runtime_init/runtime_init_stack_guard.c.o
LOAD CMakeFiles/mainCLAT.dir/Users/mdalaminashik/pico-zero/pico-sdk/src/rp2_common/hardware_rtc/rtc.c.o
LOAD CMakeFiles/mainCLAT.dir/Users/mdalaminashik/pico-zero/pico-sdk/src/rp2_common/pico_bit_ops/bit_ops_aeabi.S.o
LOAD CMakeFiles/mainCLAT.dir/Users/mdalaminashik/pico-zero/pico-sdk/src/rp2_common/pico_divider/divider_hardware.S.o
LOAD CMakeFiles/mainCLAT.dir/Users/mdalaminashik/pico-zero/pico-sdk/src/rp2_common/pico_double/double_aeabi_rp2040.S.o
LOAD CMakeFiles/mainCLAT.dir/Users/mdalaminashik/pico-zero/pico-sdk/src/rp2_common/pico_double/double_init_rom_rp2040.c.o
LOAD CMakeFiles/mainCLAT.dir/Users/mdalaminashik/pico-zero/pico-sdk/src/rp2_common/pico_double/double_math.c.o
LOAD CMakeFiles/mainCLAT.dir/Users/mdalaminashik/pico-zero/pico-sdk/src/rp2_common/pico_double/double_v1_rom_shim_rp2040.S.o
LOAD CMakeFiles/mainCLAT.dir/Users/mdalaminashik/pico-zero/pico-sdk/src/rp2_common/pico_int64_ops/pico_int64_ops_aeabi.S.o
LOAD CMakeFiles/mainCLAT.dir/Users/mdalaminashik/pico-zero/pico-sdk/src/rp2_common/pico_float/float_aeabi_rp2040.S.o
LOAD CMakeFiles/mainCLAT.dir/Users/mdalaminashik/pico-zero/pico-sdk/src/rp2_common/pico_float/float_init_rom_rp2040.c.o
LOAD CMakeFiles/mainCLAT.dir/Users/mdalaminashik/pico-zero/pico-sdk/src/rp2_common/pico_float/float_math.c.o
LOAD CMakeFiles/mainCLAT.dir/Users/mdalaminashik/pico-zero/pico-sdk/src/rp2_common/pico_float/float_v1_rom_shim_rp2040.S.o
LOAD CMakeFiles/mainCLAT.dir/Users/mdalaminashik/pico-zero/pico-sdk/src/rp2_common/pico_malloc/malloc.c.o
LOAD CMakeFiles/mainCLAT.dir/Users/mdalaminashik/pico-zero/pico-sdk/src/rp2_common/pico_mem_ops/mem_ops_aeabi.S.o
LOAD CMakeFiles/mainCLAT.dir/Users/mdalaminashik/pico-zero/pico-sdk/src/rp2_common/pico_atomic/atomic.c.o
LOAD CMakeFiles/mainCLAT.dir/Users/mdalaminashik/pico-zero/pico-sdk/src/rp2_common/pico_cxx_options/new_delete.cpp.o
LOAD CMakeFiles/mainCLAT.dir/Users/mdalaminashik/pico-zero/pico-sdk/src/rp2_common/pico_standard_binary_info/standard_binary_info.c.o
LOAD CMakeFiles/mainCLAT.dir/Users/mdalaminashik/pico-zero/pico-sdk/src/rp2_common/pico_printf/printf.c.o
LOAD CMakeFiles/mainCLAT.dir/Users/mdalaminashik/pico-zero/pico-sdk/src/rp2_common/pico_crt0/crt0.S.o
LOAD CMakeFiles/mainCLAT.dir/Users/mdalaminashik/pico-zero/pico-sdk/src/rp2_common/pico_clib_interface/newlib_interface.c.o
LOAD CMakeFiles/mainCLAT.dir/Users/mdalaminashik/pico-zero/pico-sdk/src/rp2_common/pico_clib_interface/cxa_guard.c.o
LOAD CMakeFiles/mainCLAT.dir/Users/mdalaminashik/pico-zero/pico-sdk/src/rp2_common/pico_stdio/stdio.c.o
LOAD CMakeFiles/mainCLAT.dir/Users/mdalaminashik/pico-zero/pico-sdk/src/rp2_common/pico_stdio_usb/stdio_usb.c.o
LOAD CMakeFiles/mainCLAT.dir/Users/mdalaminashik/pico-zero/pico-sdk/src/rp2_common/pico_stdio_usb/stdio_usb_descriptors.c.o
LOAD CMakeFiles/mainCLAT.dir/Users/mdalaminashik/pico-zero/pico-sdk/src/rp2_common/pico_unique_id/unique_id.c.o
LOAD CMakeFiles/mainCLAT.dir/Users/mdalaminashik/pico-zero/pico-sdk/src/rp2_common/hardware_flash/flash.c.o
LOAD CMakeFiles/mainCLAT.dir/Users/mdalaminashik/pico-zero/pico-sdk/src/rp2_common/hardware_xip_cache/xip_cache.c.o
LOAD CMakeFiles/mainCLAT.dir/Users/mdalaminashik/pico-zero/pico-sdk/src/rp2_common/pico_usb_reset/usb_reset.c.o
LOAD CMakeFiles/mainCLAT.dir/Users/mdalaminashik/pico-zero/pico-sdk/lib/tinyusb/src/portable/raspberrypi/rp2040/dcd_rp2040.c.o
LOAD CMakeFiles/mainCLAT.dir/Users/mdalaminashik/pico-zero/pico-sdk/lib/tinyusb/src/portable/raspberrypi/rp2040/rp2040_usb.c.o
LOAD CMakeFiles/mainCLAT.dir/Users/mdalaminashik/pico-zero/pico-sdk/lib/tinyusb/src/device/usbd.c.o
LOAD CMakeFiles/mainCLAT.dir/Users/mdalaminashik/pico-zero/pico-sdk/lib/tinyusb/src/device/usbd_control.c.o
LOAD CMakeFiles/mainCLAT.dir/Users/mdalaminashik/pico-zero/pico-sdk/lib/tinyusb/src/class/audio/audio_device.c.o
LOAD CMakeFiles/mainCLAT.dir/Users/mdalaminashik/pico-zero/pico-sdk/lib/tinyusb/src/class/cdc/cdc_device.c.o
LOAD CMakeFiles/mainCLAT.dir/Users/mdalaminashik/pico-zero/pico-sdk/lib/tinyusb/src/class/dfu/dfu_device.c.o
LOAD CMakeFiles/mainCLAT.dir/Users/mdalaminashik/pico-zero/pico-sdk/lib/tinyusb/src/class/dfu/dfu_rt_device.c.o
LOAD CMakeFiles/mainCLAT.dir/Users/mdalaminashik/pico-zero/pico-sdk/lib/tinyusb/src/class/hid/hid_device.c.o
LOAD CMakeFiles/mainCLAT.dir/Users/mdalaminashik/pico-zero/pico-sdk/lib/tinyusb/src/class/midi/midi_device.c.o
LOAD CMakeFiles/mainCLAT.dir/Users/mdalaminashik/pico-zero/pico-sdk/lib/tinyusb/src/class/msc/msc_device.c.o
LOAD CMakeFiles/mainCLAT.dir/Users/mdalaminashik/pico-zero/pico-sdk/lib/tinyusb/src/class/net/ecm_rndis_device.c.o
LOAD CMakeFiles/mainCLAT.dir/Users/mdalaminashik/pico-zero/pico-sdk/lib/tinyusb/src/class/net/ncm_device.c.o
LOAD CMakeFiles/mainCLAT.dir/Users/mdalaminashik/pico-zero/pico-sdk/lib/tinyusb/src/class/usbtmc/usbtmc_device.c.o
LOAD CMakeFiles/mainCLAT.dir/Users/mdalaminashik/pico-zero/pico-sdk/lib/tinyusb/src/class/vendor/vendor_device.c.o
LOAD CMakeFiles/mainCLAT.dir/Users/mdalaminashik/pico-zero/pico-sdk/lib/tinyusb/src/class/video/video_device.c.o
LOAD CMakeFiles/mainCLAT.dir/Users/mdalaminashik/pico-zero/pico-sdk/lib/tinyusb/src/tusb.c.o
LOAD CMakeFiles/mainCLAT.dir/Users/mdalaminashik/pico-zero/pico-sdk/lib/tinyusb/src/common/tusb_fifo.c.o
LOAD CMakeFiles/mainCLAT.dir/Users/mdalaminashik/pico-zero/pico-sdk/src/rp2_common/pico_fix/rp2040_usb_device_enumeration/rp2040_usb_device_enumeration.c.o
LOAD CMakeFiles/mainCLAT.dir/Users/mdalaminashik/pico-zero/pico-sdk/src/rp2_common/pico_thread_local/thread_local.c.o
LOAD CMakeFiles/mainCLAT.dir/Users/mdalaminashik/pico-zero/pico-sdk/src/rp2_common/hardware_adc/adc.c.o
LOAD CMakeFiles/mainCLAT.dir/Users/mdalaminashik/pico-zero/pico-sdk/src/rp2_common/hardware_i2c/i2c.c.o
LOAD pico-sdk/src/rp2040/boot_stage2/CMakeFiles/bs2_default_library.dir/./bs2_default_padded_checksummed.S.o
LOAD /Applications/ArmGNUToolchain/15.2.rel1/arm-none-eabi/bin/../lib/gcc/arm-none-eabi/15.2.1/../../../../arm-none-eabi/lib/thumb/v6-m/nofp/libstdc++.a
LOAD /Applications/ArmGNUToolchain/15.2.rel1/arm-none-eabi/bin/../lib/gcc/arm-none-eabi/15.2.1/../../../../arm-none-eabi/lib/thumb/v6-m/nofp/libm.a
START GROUP
LOAD /Applications/ArmGNUToolchain/15.2.rel1/arm-none-eabi/bin/../lib/gcc/arm-none-eabi/15.2.1/thumb/v6-m/nofp/libgcc.a
LOAD /Applications/ArmGNUToolchain/15.2.rel1/arm-none-eabi/bin/../lib/gcc/arm-none-eabi/15.2.1/../../../../arm-none-eabi/lib/thumb/v6-m/nofp/libg.a
LOAD /Applications/ArmGNUToolchain/15.2.rel1/arm-none-eabi/bin/../lib/gcc/arm-none-eabi/15.2.1/../../../../arm-none-eabi/lib/thumb/v6-m/nofp/libc.a
END GROUP
                0x20000000                        PROVIDE (RAM_ORIGIN = RAM_ORIGIN_DEFAULT)
                0x00040000                        PROVIDE (RAM_LENGTH = RAM_LENGTH_DEFAULT)
                0x20040000                        PROVIDE (SCRATCH_X_ORIGIN = SCRATCH_X_ORIGIN_DEFAULT)
                0x00001000                        PROVIDE (SCRATCH_X_LENGTH = SCRATCH_X_LENGTH_DEFAULT)
                0x20041000                        PROVIDE (SCRATCH_Y_ORIGIN = SCRATCH_Y_ORIGIN_DEFAULT)
                0x00001000                        PROVIDE (SCRATCH_Y_LENGTH = SCRATCH_Y_LENGTH_DEFAULT)
                0x15000000                        PROVIDE (XIP_RAM_ORIGIN = XIP_RAM_ORIGIN_DEFAULT)
                0x00004000                        PROVIDE (XIP_RAM_LENGTH = XIP_RAM_LENGTH_DEFAULT)
                0x20000000                        RAM_ORIGIN = DEFINED (RAM_ORIGIN)?RAM_ORIGIN:RAM_ORIGIN_DEFAULT
                0x00040000                        RAM_LENGTH = DEFINED (RAM_LENGTH)?RAM_LENGTH:RAM_LENGTH_DEFAULT
                0x20040000                        SCRATCH_X_ORIGIN = DEFINED (SCRATCH_X_ORIGIN)?SCRATCH_X_ORIGIN:SCRATCH_X_ORIGIN_DEFAULT
                0x00001000                        SCRATCH_X_LENGTH = DEFINED (SCRATCH_X_LENGTH)?SCRATCH_X_LENGTH:SCRATCH_X_LENGTH_DEFAULT
                0x20041000                        SCRATCH_Y_ORIGIN = DEFINED (SCRATCH_Y_ORIGIN)?SCRATCH_Y_ORIGIN:SCRATCH_Y_ORIGIN_DEFAULT
                0x00001000                        SCRATCH_Y_LENGTH = DEFINED (SCRATCH_Y_LENGTH)?SCRATCH_Y_LENGTH:SCRATCH_Y_LENGTH_DEFAULT
                0x15000000                        XIP_RAM_ORIGIN = DEFINED (XIP_RAM_ORIGIN)?XIP_RAM_ORIGIN:XIP_RAM_ORIGIN_DEFAULT
                0x00004000                        XIP_RAM_LENGTH = DEFINED (XIP_RAM_LENGTH)?XIP_RAM_LENGTH:XIP_RAM_LENGTH_DEFAULT

.flash_begin    0x10000000        0x0
                0x10000000                        __flash_binary_start = .

.boot2          0x10000000      0x100
                0x10000000                        __boot2_start__ = .
 *(.boot2)
 .boot2         0x10000000      0x100 pico-sdk/src/rp2040/boot_stage2/CMakeFiles/bs2_default_library.dir/./bs2_default_padded_checksummed.S.o
                0x10000100                        __boot2_end__ = .
                0x00000001                        ASSERT (((__boot2_end__ - __boot2_start__) == 0x100), ERROR: Pico second stage bootloader must be exactly 256 bytes in size for RP2040)

.text           0x10000100     0x7790
                0x10000100                        __logical_binary_start = .
 *(.vectors)
 .vectors       0x10000100       0xd4 CMakeFiles/mainCLAT.dir/Users/mdalaminashik/pico-zero/pico-sdk/src/rp2_common/pico_crt0/crt0.S.o
                0x10000100                __VECTOR_TABLE
                0x10000100                __vectors
                0x100001c0                isr_irq13
                0x100001c0                isr_irq27
                0x100001c0                isr_irq31
                0x100001c0                isr_irq5
                0x100001c0                isr_irq11
                0x100001c0                isr_irq23
                0x100001c0                isr_irq18
                0x100001c0                isr_irq9
                0x100001c0                __unhandled_user_irq
                0x100001c0                isr_irq25
                0x100001c0                isr_irq4
                0x100001c0                isr_irq16
                0x100001c0                isr_irq29
                0x100001c0                isr_irq26
                0x100001c0                isr_irq3
                0x100001c0                isr_irq12
                0x100001c0                isr_irq30
                0x100001c0                isr_irq28
                0x100001c0                isr_irq19
                0x100001c0                isr_irq0
                0x100001c0                isr_irq6
                0x100001c0                isr_irq22
                0x100001c0                isr_irq17
                0x100001c0                isr_irq14
                0x100001c0                __vectors_end
                0x100001c0                __default_isrs_start
                0x100001c0                isr_irq2
                0x100001c0                isr_irq10
                0x100001c0                isr_irq8
                0x100001c0                isr_irq24
                0x100001c0                isr_irq1
                0x100001c0                isr_irq7
                0x100001c0                isr_irq21
                0x100001c0                isr_irq20
                0x100001c0                isr_irq15
                0x100001c6                unhandled_user_irq_num_in_r0
                0x100001c8                isr_invalid
                0x100001ca                isr_nmi
                0x100001cc                isr_hardfault
                0x100001ce                isr_svcall
                0x100001d0                isr_pendsv
                0x100001d2                isr_systick
                0x100001d4                __default_isrs_end
 *(.binary_info_header)
 .binary_info_header
                0x100001d4       0x14 CMakeFiles/mainCLAT.dir/Users/mdalaminashik/pico-zero/pico-sdk/src/rp2_common/pico_crt0/crt0.S.o
                0x100001e8                        __binary_info_header_end = .
 *(.embedded_block)
                0x100001e8                        __embedded_block_end = .
 *(.reset)
 .reset         0x100001e8       0x98 CMakeFiles/mainCLAT.dir/Users/mdalaminashik/pico-zero/pico-sdk/src/rp2_common/pico_crt0/crt0.S.o
                0x100001e8                _entry_point
 *(.init)
 *libgcc.a:cmse_nonsecure_call.o()
 *(EXCLUDE_FILE(*libm.a: *lib*_a-mem*.o *libc.a: *libgcc.a:) .text*)
 .text.show_splash_screen
                0x10000280       0x3c CMakeFiles/mainCLAT.dir/mainCLAT.c.o
                0x10000280                show_splash_screen
 .text.startup.main
                0x100002bc      0x38c CMakeFiles/mainCLAT.dir/mainCLAT.c.o
                0x100002bc                main
 .text.lcd_init
                0x10000648      0x3f4 CMakeFiles/mainCLAT.dir/lcd_i2c.c.o
                0x10000648                lcd_init
 .text.lcd_clear
                0x10000a3c       0xbc CMakeFiles/mainCLAT.dir/lcd_i2c.c.o
                0x10000a3c                lcd_clear
 .text.lcd_set_cursor
                0x10000af8       0xf0 CMakeFiles/mainCLAT.dir/lcd_i2c.c.o
                0x10000af8                lcd_set_cursor
 .text.lcd_print
                0x10000be8       0xfc CMakeFiles/mainCLAT.dir/lcd_i2c.c.o
                0x10000be8                lcd_print
 .text.lcd_print_num
                0x10000ce4      0x118 CMakeFiles/mainCLAT.dir/lcd_i2c.c.o
                0x10000ce4                lcd_print_num
 .text.lcd_print_num_padded
                0x10000dfc      0x128 CMakeFiles/mainCLAT.dir/lcd_i2c.c.o
                0x10000dfc                lcd_print_num_padded
 .text.voltage_to_soc
                0x10000f24      0x1cc CMakeFiles/mainCLAT.dir/bat_calc.c.o
                0x10000f24                voltage_to_soc
 .text.filter_voltage
                0x100010f0       0x6c CMakeFiles/mainCLAT.dir/bat_calc.c.o
                0x100010f0                filter_voltage
 .text.gpio_set_function
                0x1000115c       0x30 CMakeFiles/mainCLAT.dir/Users/mdalaminashik/pico-zero/pico-sdk/src/rp2_common/hardware_gpio/gpio.c.o
                0x1000115c                gpio_set_function
 .text.gpio_set_pulls
                0x1000118c       0x24 CMakeFiles/mainCLAT.dir/Users/mdalaminashik/pico-zero/pico-sdk/src/rp2_common/hardware_gpio/gpio.c.o
                0x1000118c                gpio_set_pulls
 .text.gpio_set_input_enabled
                0x100011b0       0x24 CMakeFiles/mainCLAT.dir/Users/mdalaminashik/pico-zero/pico-sdk/src/rp2_common/hardware_gpio/gpio.c.o
                0x100011b0                gpio_set_input_enabled
 .text.gpio_init
                0x100011d4       0x3c CMakeFiles/mainCLAT.dir/Users/mdalaminashik/pico-zero/pico-sdk/src/rp2_common/hardware_gpio/gpio.c.o
                0x100011d4                gpio_init
 .text.rp2040_chip_version
                0x10001210        0xc CMakeFiles/mainCLAT.dir/Users/mdalaminashik/pico-zero/pico-sdk/src/rp2040/pico_platform/platform.c.o
                0x10001210                rp2040_chip_version
 .text.panic    0x1000121c       0x30 CMakeFiles/mainCLAT.dir/Users/mdalaminashik/pico-zero/pico-sdk/src/rp2_common/pico_platform_panic/panic.c.o
                0x1000121c                panic
 .text.hw_claim_or_assert
                0x1000124c       0x50 CMakeFiles/mainCLAT.dir/Users/mdalaminashik/pico-zero/pico-sdk/src/common/hardware_claim/claim.c.o
                0x1000124c                hw_claim_or_assert
 .text.hw_claim_unused_from_range
                0x1000129c       0x88 CMakeFiles/mainCLAT.dir/Users/mdalaminashik/pico-zero/pico-sdk/src/common/hardware_claim/claim.c.o
                0x1000129c                hw_claim_unused_from_range
 .text.next_striped_spin_lock_num
                0x10001324       0x18 CMakeFiles/mainCLAT.dir/Users/mdalaminashik/pico-zero/pico-sdk/src/rp2_common/hardware_sync/sync.c.o
                0x10001324                next_striped_spin_lock_num
 .text.spin_lock_claim_unused
                0x1000133c       0x20 CMakeFiles/mainCLAT.dir/Users/mdalaminashik/pico-zero/pico-sdk/src/rp2_common/hardware_sync/sync.c.o
                0x1000133c                spin_lock_claim_unused
 .text.spin_locks_reset
                0x1000135c       0x1c CMakeFiles/mainCLAT.dir/Users/mdalaminashik/pico-zero/pico-sdk/src/rp2_common/hardware_sync_spin_lock/sync_spin_lock.c.o
                0x1000135c                spin_locks_reset
 .text.runtime_init_per_core_irq_priorities
                0x10001378       0x48 CMakeFiles/mainCLAT.dir/Users/mdalaminashik/pico-zero/pico-sdk/src/rp2_common/hardware_irq/irq.c.o
                0x10001378                runtime_init_per_core_irq_priorities
 .text.irq_set_enabled
                0x100013c0       0x24 CMakeFiles/mainCLAT.dir/Users/mdalaminashik/pico-zero/pico-sdk/src/rp2_common/hardware_irq/irq.c.o
                0x100013c0                irq_set_enabled
 .text.irq_is_enabled
                0x100013e4       0x18 CMakeFiles/mainCLAT.dir/Users/mdalaminashik/pico-zero/pico-sdk/src/rp2_common/hardware_irq/irq.c.o
                0x100013e4                irq_is_enabled
 .text.irq_set_pending
                0x100013fc       0x10 CMakeFiles/mainCLAT.dir/Users/mdalaminashik/pico-zero/pico-sdk/src/rp2_common/hardware_irq/irq.c.o
                0x100013fc                irq_set_pending
 .text.irq_has_shared_handler
                0x1000140c       0x20 CMakeFiles/mainCLAT.dir/Users/mdalaminashik/pico-zero/pico-sdk/src/rp2_common/hardware_irq/irq.c.o
                0x1000140c                irq_has_shared_handler
 .text.irq_set_exclusive_handler
                0x1000142c       0x54 CMakeFiles/mainCLAT.dir/Users/mdalaminashik/pico-zero/pico-sdk/src/rp2_common/hardware_irq/irq.c.o
                0x1000142c                irq_set_exclusive_handler
 .text.irq_add_shared_handler
                0x10001480      0x1b8 CMakeFiles/mainCLAT.dir/Users/mdalaminashik/pico-zero/pico-sdk/src/rp2_common/hardware_irq/irq.c.o
                0x10001480                irq_add_shared_handler
 .text.irq_add_tail_to_free_list
                0x10001638       0xcc CMakeFiles/mainCLAT.dir/Users/mdalaminashik/pico-zero/pico-sdk/src/rp2_common/hardware_irq/irq.c.o
                0x10001638                irq_add_tail_to_free_list
 .text.user_irq_claim_unused
                0x10001704       0x28 CMakeFiles/mainCLAT.dir/Users/mdalaminashik/pico-zero/pico-sdk/src/rp2_common/hardware_irq/irq.c.o
                0x10001704                user_irq_claim_unused
 .text.lock_init
                0x1000172c       0x10 CMakeFiles/mainCLAT.dir/Users/mdalaminashik/pico-zero/pico-sdk/src/common/pico_sync/lock_core.c.o
                0x1000172c                lock_init
 .text.runtime_init_mutex
                0x1000173c       0x50 CMakeFiles/mainCLAT.dir/Users/mdalaminashik/pico-zero/pico-sdk/src/common/pico_sync/mutex.c.o
                0x1000173c                runtime_init_mutex
 .text.mutex_init
                0x1000178c       0x1c CMakeFiles/mainCLAT.dir/Users/mdalaminashik/pico-zero/pico-sdk/src/common/pico_sync/mutex.c.o
                0x1000178c                mutex_init
 .text.critical_section_init
                0x100017a8       0x1c CMakeFiles/mainCLAT.dir/Users/mdalaminashik/pico-zero/pico-sdk/src/common/pico_sync/critical_section.c.o
                0x100017a8                critical_section_init
 .text.critical_section_init_with_lock_num
                0x100017c4       0x14 CMakeFiles/mainCLAT.dir/Users/mdalaminashik/pico-zero/pico-sdk/src/common/pico_sync/critical_section.c.o
                0x100017c4                critical_section_init_with_lock_num
 .text.sleep_until_callback
                0x100017d8       0x30 CMakeFiles/mainCLAT.dir/Users/mdalaminashik/pico-zero/pico-sdk/src/common/pico_time/time.c.o
 .text.alarm_pool_irq_handler
                0x10001808      0x2f4 CMakeFiles/mainCLAT.dir/Users/mdalaminashik/pico-zero/pico-sdk/src/common/pico_time/time.c.o
 .text.runtime_init_default_alarm_pool
                0x10001afc       0xd8 CMakeFiles/mainCLAT.dir/Users/mdalaminashik/pico-zero/pico-sdk/src/common/pico_time/time.c.o
                0x10001afc                runtime_init_default_alarm_pool
 .text.alarm_pool_get_default
                0x10001bd4        0x8 CMakeFiles/mainCLAT.dir/Users/mdalaminashik/pico-zero/pico-sdk/src/common/pico_time/time.c.o
                0x10001bd4                alarm_pool_get_default
 .text.alarm_pool_add_alarm_at
                0x10001bdc       0xcc CMakeFiles/mainCLAT.dir/Users/mdalaminashik/pico-zero/pico-sdk/src/common/pico_time/time.c.o
                0x10001bdc                alarm_pool_add_alarm_at
 .text.alarm_pool_add_alarm_at_force_in_context
                0x10001ca8       0xbc CMakeFiles/mainCLAT.dir/Users/mdalaminashik/pico-zero/pico-sdk/src/common/pico_time/time.c.o
                0x10001ca8                alarm_pool_add_alarm_at_force_in_context
 .text.alarm_pool_cancel_alarm
                0x10001d64       0x74 CMakeFiles/mainCLAT.dir/Users/mdalaminashik/pico-zero/pico-sdk/src/common/pico_time/time.c.o
                0x10001d64                alarm_pool_cancel_alarm
 .text.alarm_pool_core_num
                0x10001dd8        0x4 CMakeFiles/mainCLAT.dir/Users/mdalaminashik/pico-zero/pico-sdk/src/common/pico_time/time.c.o
                0x10001dd8                alarm_pool_core_num
 .text.sleep_us
                0x10001ddc       0xec CMakeFiles/mainCLAT.dir/Users/mdalaminashik/pico-zero/pico-sdk/src/common/pico_time/time.c.o
                0x10001ddc                sleep_us
 .text.sleep_ms
                0x10001ec8       0xfc CMakeFiles/mainCLAT.dir/Users/mdalaminashik/pico-zero/pico-sdk/src/common/pico_time/time.c.o
                0x10001ec8                sleep_ms
 .text.best_effort_wfe_or_timeout
                0x10001fc4      0x12c CMakeFiles/mainCLAT.dir/Users/mdalaminashik/pico-zero/pico-sdk/src/common/pico_time/time.c.o
                0x10001fc4                best_effort_wfe_or_timeout
 .text.timer_hardware_alarm_claim
                0x100020f0       0x14 CMakeFiles/mainCLAT.dir/Users/mdalaminashik/pico-zero/pico-sdk/src/rp2_common/hardware_timer/timer.c.o
                0x100020f0                timer_hardware_alarm_claim
 .text.timer_time_us_64
                0x10002104       0x10 CMakeFiles/mainCLAT.dir/Users/mdalaminashik/pico-zero/pico-sdk/src/rp2_common/hardware_timer/timer.c.o
                0x10002104                timer_time_us_64
 .text.time_us_64
                0x10002114       0x14 CMakeFiles/mainCLAT.dir/Users/mdalaminashik/pico-zero/pico-sdk/src/rp2_common/hardware_timer/timer.c.o
                0x10002114                time_us_64
 .text.busy_wait_until
                0x10002128       0x20 CMakeFiles/mainCLAT.dir/Users/mdalaminashik/pico-zero/pico-sdk/src/rp2_common/hardware_timer/timer.c.o
                0x10002128                busy_wait_until
 .text.clock_configure_int_divider
                0x10002148       0xec CMakeFiles/mainCLAT.dir/Users/mdalaminashik/pico-zero/pico-sdk/src/rp2_common/hardware_clocks/clocks.c.o
                0x10002148                clock_configure_int_divider
 .text.clock_configure_undivided
                0x10002234       0xe0 CMakeFiles/mainCLAT.dir/Users/mdalaminashik/pico-zero/pico-sdk/src/rp2_common/hardware_clocks/clocks.c.o
                0x10002234                clock_configure_undivided
 .text.clock_get_hz
                0x10002314        0xc CMakeFiles/mainCLAT.dir/Users/mdalaminashik/pico-zero/pico-sdk/src/rp2_common/hardware_clocks/clocks.c.o
                0x10002314                clock_get_hz
 .text.pll_init
                0x10002320       0xb0 CMakeFiles/mainCLAT.dir/Users/mdalaminashik/pico-zero/pico-sdk/src/rp2_common/hardware_pll/pll.c.o
                0x10002320                pll_init
 .text.watchdog_reboot
                0x100023d0       0x9c CMakeFiles/mainCLAT.dir/Users/mdalaminashik/pico-zero/pico-sdk/src/rp2_common/hardware_watchdog/watchdog.c.o
                0x100023d0                watchdog_reboot
 .text.tick_start
                0x1000246c       0x10 CMakeFiles/mainCLAT.dir/Users/mdalaminashik/pico-zero/pico-sdk/src/rp2_common/hardware_ticks/ticks.c.o
                0x1000246c                tick_start
 .text.rom_func_lookup
                0x1000247c       0x10 CMakeFiles/mainCLAT.dir/Users/mdalaminashik/pico-zero/pico-sdk/src/rp2_common/pico_bootrom/bootrom.c.o
                0x1000247c                rom_func_lookup
 .text.rom_data_lookup
                0x1000248c       0x10 CMakeFiles/mainCLAT.dir/Users/mdalaminashik/pico-zero/pico-sdk/src/rp2_common/pico_bootrom/bootrom.c.o
                0x1000248c                rom_data_lookup
 .text.rom_funcs_lookup
                0x1000249c       0x44 CMakeFiles/mainCLAT.dir/Users/mdalaminashik/pico-zero/pico-sdk/src/rp2_common/pico_bootrom/bootrom.c.o
                0x1000249c                rom_funcs_lookup
 .text.rom_reset_usb_boot_extra
                0x100024e0       0x24 CMakeFiles/mainCLAT.dir/Users/mdalaminashik/pico-zero/pico-sdk/src/rp2_common/pico_bootrom/bootrom.c.o
                0x100024e0                rom_reset_usb_boot_extra
 .text.xosc_init
                0x10002504       0x28 CMakeFiles/mainCLAT.dir/Users/mdalaminashik/pico-zero/pico-sdk/src/rp2_common/hardware_xosc/xosc.c.o
                0x10002504                xosc_init
 .text.first_per_core_initializer
                0x1000252c        0x4 CMakeFiles/mainCLAT.dir/Users/mdalaminashik/pico-zero/pico-sdk/src/rp2_common/pico_runtime/runtime.c.o
 .text.hard_assertion_failure
                0x10002530        0xc CMakeFiles/mainCLAT.dir/Users/mdalaminashik/pico-zero/pico-sdk/src/rp2_common/pico_runtime/runtime.c.o
                0x10002530                hard_assertion_failure
 .text.runtime_run_initializers
                0x1000253c       0x28 CMakeFiles/mainCLAT.dir/Users/mdalaminashik/pico-zero/pico-sdk/src/rp2_common/pico_runtime/runtime.c.o
                0x1000253c                runtime_run_initializers
 .text.runtime_init_early_resets
                0x10002564       0x2c CMakeFiles/mainCLAT.dir/Users/mdalaminashik/pico-zero/pico-sdk/src/rp2_common/pico_runtime_init/runtime_init.c.o
                0x10002564                runtime_init_early_resets
 .text.runtime_init_usb_power_down
                0x10002590       0x1c CMakeFiles/mainCLAT.dir/Users/mdalaminashik/pico-zero/pico-sdk/src/rp2_common/pico_runtime_init/runtime_init.c.o
                0x10002590                runtime_init_usb_power_down
 .text.runtime_init_post_clock_resets
                0x100025ac       0x20 CMakeFiles/mainCLAT.dir/Users/mdalaminashik/pico-zero/pico-sdk/src/rp2_common/pico_runtime_init/runtime_init.c.o
                0x100025ac                runtime_init_post_clock_resets
 .text.runtime_init_rp2040_gpio_ie_disable
                0x100025cc       0x14 CMakeFiles/mainCLAT.dir/Users/mdalaminashik/pico-zero/pico-sdk/src/rp2_common/pico_runtime_init/runtime_init.c.o
                0x100025cc                runtime_init_rp2040_gpio_ie_disable
 .text.runtime_init_spin_locks_reset
                0x100025e0        0x8 CMakeFiles/mainCLAT.dir/Users/mdalaminashik/pico-zero/pico-sdk/src/rp2_common/pico_runtime_init/runtime_init.c.o
                0x100025e0                runtime_init_spin_locks_reset
 .text.runtime_init_install_ram_vector_table
                0x100025e8       0xb4 CMakeFiles/mainCLAT.dir/Users/mdalaminashik/pico-zero/pico-sdk/src/rp2_common/pico_runtime_init/runtime_init.c.o
                0x100025e8                runtime_init_install_ram_vector_table
 .text.runtime_init_clocks
                0x1000269c       0xd8 CMakeFiles/mainCLAT.dir/Users/mdalaminashik/pico-zero/pico-sdk/src/rp2_common/pico_runtime_init/runtime_init_clocks.c.o
                0x1000269c                runtime_init_clocks
 .text          0x10002774       0x10 CMakeFiles/mainCLAT.dir/Users/mdalaminashik/pico-zero/pico-sdk/src/rp2_common/pico_bit_ops/bit_ops_aeabi.S.o
 .text.__wrap___aeabi_idiv
                0x10002784       0x50 CMakeFiles/mainCLAT.dir/Users/mdalaminashik/pico-zero/pico-sdk/src/rp2_common/pico_divider/divider_hardware.S.o
                0x10002784                __wrap___aeabi_idivmod
                0x10002784                divmod_s32s32
                0x10002784                div_s32s32
                0x10002784                __wrap___aeabi_idiv
                0x100027b8                divmod_s32s32_savestate
 .text.__wrap___aeabi_uidiv
                0x100027d4       0x4c CMakeFiles/mainCLAT.dir/Users/mdalaminashik/pico-zero/pico-sdk/src/rp2_common/pico_divider/divider_hardware.S.o
                0x100027d4                __wrap___aeabi_uidiv
                0x100027d4                __wrap___aeabi_uidivmod
                0x100027d4                div_u32u32
                0x100027d4                divmod_u32u32
                0x10002804                divmod_u32u32_savestate
 .text.__wrap___aeabi_ldiv
                0x10002820      0x424 CMakeFiles/mainCLAT.dir/Users/mdalaminashik/pico-zero/pico-sdk/src/rp2_common/pico_divider/divider_hardware.S.o
                0x10002820                __wrap___aeabi_ldivmod
                0x10002820                div_s64s64
                0x10002820                divmod_s64s64
                0x10002850                divmod_u64u64
                0x10002850                div_u64u64
                0x10002850                __wrap___aeabi_uldivmod
                0x10002860                divmod_u64u64_savestate
                0x10002880                divmod_s64s64_unsafe
                0x10002908                divmod_u64u64_unsafe
 .text.__wrap___aeabi_darithmetic
                0x10002c44       0x80 CMakeFiles/mainCLAT.dir/Users/mdalaminashik/pico-zero/pico-sdk/src/rp2_common/pico_double/double_aeabi_rp2040.S.o
                0x10002c44                __wrap___aeabi_drsub
                0x10002c4a                __wrap___aeabi_dsub
                0x10002c5c                __wrap___aeabi_dadd
                0x10002c6e                __wrap___aeabi_ddiv
                0x10002caa                __wrap___aeabi_dmul
 .text.__wrap___aeabi_cdcmple
                0x10002cc4       0x6c CMakeFiles/mainCLAT.dir/Users/mdalaminashik/pico-zero/pico-sdk/src/rp2_common/pico_double/double_aeabi_rp2040.S.o
                0x10002cc4                __wrap___aeabi_cdrcmple
                0x10002cd4                __wrap___aeabi_cdcmple
                0x10002cd4                __wrap___aeabi_cdcmpeq
 .text.__wrap___aeabi_dcmplt
                0x10002d30        0xc CMakeFiles/mainCLAT.dir/Users/mdalaminashik/pico-zero/pico-sdk/src/rp2_common/pico_double/double_aeabi_rp2040.S.o
                0x10002d30                __wrap___aeabi_dcmplt
 .text.__wrap___aeabi_dcmple
                0x10002d3c       0x10 CMakeFiles/mainCLAT.dir/Users/mdalaminashik/pico-zero/pico-sdk/src/rp2_common/pico_double/double_aeabi_rp2040.S.o
                0x10002d3c                __wrap___aeabi_dcmple
 .text.__wrap___aeabi_dcmpge
                0x10002d4c       0x10 CMakeFiles/mainCLAT.dir/Users/mdalaminashik/pico-zero/pico-sdk/src/rp2_common/pico_double/double_aeabi_rp2040.S.o
                0x10002d4c                __wrap___aeabi_dcmpge
 .text.__wrap___aeabi_dcmpgt
                0x10002d5c        0xa CMakeFiles/mainCLAT.dir/Users/mdalaminashik/pico-zero/pico-sdk/src/rp2_common/pico_double/double_aeabi_rp2040.S.o
                0x10002d5c                __wrap___aeabi_dcmpgt
 .text.__wrap___aeabi_dcmpun
                0x10002d66       0x18 CMakeFiles/mainCLAT.dir/Users/mdalaminashik/pico-zero/pico-sdk/src/rp2_common/pico_double/double_aeabi_rp2040.S.o
                0x10002d66                __wrap___aeabi_dcmpun
 *fill*         0x10002d7e        0x2 
 .text.__wrap___aeabi_i2d
                0x10002d80       0x38 CMakeFiles/mainCLAT.dir/Users/mdalaminashik/pico-zero/pico-sdk/src/rp2_common/pico_double/double_aeabi_rp2040.S.o
                0x10002d80                __wrap___aeabi_ui2d
                0x10002d80                uint2double
                0x10002d88                __wrap___aeabi_i2d
                0x10002d88                int2double
 .text.__wrap___aeabi_d2iz
                0x10002db8       0x48 CMakeFiles/mainCLAT.dir/Users/mdalaminashik/pico-zero/pico-sdk/src/rp2_common/pico_double/double_aeabi_rp2040.S.o
                0x10002db8                __wrap___aeabi_d2iz
                0x10002db8                double2int_z
 .text.__wrap___aeabi_d2uiz
                0x10002e00       0x18 CMakeFiles/mainCLAT.dir/Users/mdalaminashik/pico-zero/pico-sdk/src/rp2_common/pico_double/double_aeabi_rp2040.S.o
                0x10002e00                double2uint_z
                0x10002e00                double2uint
                0x10002e00                __wrap___aeabi_d2uiz
 .text.__aeabi_double_init
                0x10002e18       0xa4 CMakeFiles/mainCLAT.dir/Users/mdalaminashik/pico-zero/pico-sdk/src/rp2_common/pico_double/double_init_rom_rp2040.c.o
                0x10002e18                __aeabi_double_init
 .text.double_table_shim_on_use_helper
                0x10002ebc       0x2c CMakeFiles/mainCLAT.dir/Users/mdalaminashik/pico-zero/pico-sdk/src/rp2_common/pico_double/double_v1_rom_shim_rp2040.S.o
                0x10002ebc                double_table_shim_on_use_helper
 .text.__wrap___aeabi_dsub
                0x10002ee8       0x10 CMakeFiles/mainCLAT.dir/Users/mdalaminashik/pico-zero/pico-sdk/src/rp2_common/pico_double/double_v1_rom_shim_rp2040.S.o
                0x10002ee8                drsub_shim
                0x10002eee                dsub_shim
 .text.dadd_shim
                0x10002ef8      0x15c CMakeFiles/mainCLAT.dir/Users/mdalaminashik/pico-zero/pico-sdk/src/rp2_common/pico_double/double_v1_rom_shim_rp2040.S.o
                0x10002ef8                dadd_shim
 .text.dmul_shim
                0x10003054      0x15c CMakeFiles/mainCLAT.dir/Users/mdalaminashik/pico-zero/pico-sdk/src/rp2_common/pico_double/double_v1_rom_shim_rp2040.S.o
                0x10003054                dmul_shim
 .text.ddiv_shim
                0x100031b0      0x1b0 CMakeFiles/mainCLAT.dir/Users/mdalaminashik/pico-zero/pico-sdk/src/rp2_common/pico_double/double_v1_rom_shim_rp2040.S.o
                0x100031b0                ddiv_shim
 .text.double2uint_shim
                0x10003360        0xe CMakeFiles/mainCLAT.dir/Users/mdalaminashik/pico-zero/pico-sdk/src/rp2_common/pico_double/double_v1_rom_shim_rp2040.S.o
                0x10003360                double2uint_shim
                0x10003362                double2ufix_shim
 *fill*         0x1000336e        0x2 
 .text.double2uint64_shim
                0x10003370       0x70 CMakeFiles/mainCLAT.dir/Users/mdalaminashik/pico-zero/pico-sdk/src/rp2_common/pico_double/double_v1_rom_shim_rp2040.S.o
                0x10003370                double2uint64_shim
                0x10003372                double2ufix64_shim
                0x10003392                d2fix_a
 .text.dunpacks
                0x100033e0       0x3c CMakeFiles/mainCLAT.dir/Users/mdalaminashik/pico-zero/pico-sdk/src/rp2_common/pico_double/double_v1_rom_shim_rp2040.S.o
                0x100033e0                dunpacks
 .text.__aeabi_lmul
                0x1000341c       0x32 CMakeFiles/mainCLAT.dir/Users/mdalaminashik/pico-zero/pico-sdk/src/rp2_common/pico_int64_ops/pico_int64_ops_aeabi.S.o
                0x1000341c                __wrap___aeabi_lmul
 *fill*         0x1000344e        0x2 
 .text.__wrap___aeabi_farithmetic
                0x10003450       0x48 CMakeFiles/mainCLAT.dir/Users/mdalaminashik/pico-zero/pico-sdk/src/rp2_common/pico_float/float_aeabi_rp2040.S.o
                0x10003450                __wrap___aeabi_frsub
                0x10003456                __wrap___aeabi_fsub
                0x1000345c                __wrap___aeabi_fadd
                0x10003462                __wrap___aeabi_fdiv
                0x1000348a                __wrap___aeabi_fmul
 .text.__wrap___aeabi_cfcmple
                0x10003498       0x50 CMakeFiles/mainCLAT.dir/Users/mdalaminashik/pico-zero/pico-sdk/src/rp2_common/pico_float/float_aeabi_rp2040.S.o
                0x10003498                __wrap___aeabi_cfrcmple
                0x100034a4                __wrap___aeabi_cfcmpeq
                0x100034a4                __wrap___aeabi_cfcmple
 .text.__wrap___aeabi_fcmple
                0x100034e8       0x10 CMakeFiles/mainCLAT.dir/Users/mdalaminashik/pico-zero/pico-sdk/src/rp2_common/pico_float/float_aeabi_rp2040.S.o
                0x100034e8                __wrap___aeabi_fcmple
 .text.__wrap___aeabi_fcmpge
                0x100034f8       0x10 CMakeFiles/mainCLAT.dir/Users/mdalaminashik/pico-zero/pico-sdk/src/rp2_common/pico_float/float_aeabi_rp2040.S.o
                0x100034f8                __wrap___aeabi_fcmpge
 .text.__wrap___aeabi_i2f
                0x10003508       0x44 CMakeFiles/mainCLAT.dir/Users/mdalaminashik/pico-zero/pico-sdk/src/rp2_common/pico_float/float_aeabi_rp2040.S.o
                0x10003508                int2float
                0x10003508                __wrap___aeabi_i2f
 .text.__wrap___aeabi_f2d
                0x1000354c       0x14 CMakeFiles/mainCLAT.dir/Users/mdalaminashik/pico-zero/pico-sdk/src/rp2_common/pico_float/float_aeabi_rp2040.S.o
                0x1000354c                __wrap___aeabi_f2d
 .text.__aeabi_float_init
                0x10003560       0x68 CMakeFiles/mainCLAT.dir/Users/mdalaminashik/pico-zero/pico-sdk/src/rp2_common/pico_float/float_init_rom_rp2040.c.o
                0x10003560                __aeabi_float_init
 .text.float_table_shim_on_use_helper
                0x100035c8       0x2c CMakeFiles/mainCLAT.dir/Users/mdalaminashik/pico-zero/pico-sdk/src/rp2_common/pico_float/float_v1_rom_shim_rp2040.S.o
                0x100035c8                float_table_shim_on_use_helper
 .text.float2double_shim
                0x100035f4       0x30 CMakeFiles/mainCLAT.dir/Users/mdalaminashik/pico-zero/pico-sdk/src/rp2_common/pico_float/float_v1_rom_shim_rp2040.S.o
                0x100035f4                float2double_shim
 .text          0x10003624       0x10 CMakeFiles/mainCLAT.dir/Users/mdalaminashik/pico-zero/pico-sdk/src/rp2_common/pico_mem_ops/mem_ops_aeabi.S.o
                0x10003624                __aeabi_mem_init
 .text.memset   0x10003634        0xc CMakeFiles/mainCLAT.dir/Users/mdalaminashik/pico-zero/pico-sdk/src/rp2_common/pico_mem_ops/mem_ops_aeabi.S.o
                0x10003634                __wrap_memset
 .text.memcpy   0x10003640        0xc CMakeFiles/mainCLAT.dir/Users/mdalaminashik/pico-zero/pico-sdk/src/rp2_common/pico_mem_ops/mem_ops_aeabi.S.o
                0x10003640                __wrap___aeabi_memcpy
                0x10003640                __wrap_memcpy
 .text._out_buffer
                0x1000364c        0x8 CMakeFiles/mainCLAT.dir/Users/mdalaminashik/pico-zero/pico-sdk/src/rp2_common/pico_printf/printf.c.o
 .text._out_null
                0x10003654        0x4 CMakeFiles/mainCLAT.dir/Users/mdalaminashik/pico-zero/pico-sdk/src/rp2_common/pico_printf/printf.c.o
 .text._out_rev
                0x10003658       0xa8 CMakeFiles/mainCLAT.dir/Users/mdalaminashik/pico-zero/pico-sdk/src/rp2_common/pico_printf/printf.c.o
 .text._ntoa_format
                0x10003700      0x1d8 CMakeFiles/mainCLAT.dir/Users/mdalaminashik/pico-zero/pico-sdk/src/rp2_common/pico_printf/printf.c.o
 .text._out_char
                0x100038d8       0x10 CMakeFiles/mainCLAT.dir/Users/mdalaminashik/pico-zero/pico-sdk/src/rp2_common/pico_printf/printf.c.o
 .text._out_fct
                0x100038e8       0x10 CMakeFiles/mainCLAT.dir/Users/mdalaminashik/pico-zero/pico-sdk/src/rp2_common/pico_printf/printf.c.o
 .text._ftoa    0x100038f8      0x474 CMakeFiles/mainCLAT.dir/Users/mdalaminashik/pico-zero/pico-sdk/src/rp2_common/pico_printf/printf.c.o
 .text._etoa    0x10003d6c      0x560 CMakeFiles/mainCLAT.dir/Users/mdalaminashik/pico-zero/pico-sdk/src/rp2_common/pico_printf/printf.c.o
 .text._vsnprintf
                0x100042cc      0xab8 CMakeFiles/mainCLAT.dir/Users/mdalaminashik/pico-zero/pico-sdk/src/rp2_common/pico_printf/printf.c.o
 .text.__wrap_snprintf
                0x10004d84       0x28 CMakeFiles/mainCLAT.dir/Users/mdalaminashik/pico-zero/pico-sdk/src/rp2_common/pico_printf/printf.c.o
                0x10004d84                __wrap_snprintf
 .text.vfctprintf
                0x10004dac       0x20 CMakeFiles/mainCLAT.dir/Users/mdalaminashik/pico-zero/pico-sdk/src/rp2_common/pico_printf/printf.c.o
                0x10004dac                vfctprintf
 .text.weak_raw_vprintf
                0x10004dcc       0x30 CMakeFiles/mainCLAT.dir/Users/mdalaminashik/pico-zero/pico-sdk/src/rp2_common/pico_printf/printf.c.o
                0x10004dcc                weak_raw_vprintf
 .text._exit    0x10004dfc        0x4 CMakeFiles/mainCLAT.dir/Users/mdalaminashik/pico-zero/pico-sdk/src/rp2_common/pico_clib_interface/newlib_interface.c.o
                0x10004dfc                _exit
 .text._fini    0x10004e00        0x4 CMakeFiles/mainCLAT.dir/Users/mdalaminashik/pico-zero/pico-sdk/src/rp2_common/pico_clib_interface/newlib_interface.c.o
                0x10004e00                _fini
 .text.exit     0x10004e04        0x8 CMakeFiles/mainCLAT.dir/Users/mdalaminashik/pico-zero/pico-sdk/src/rp2_common/pico_clib_interface/newlib_interface.c.o
                0x10004e04                exit
 .text.runtime_init
                0x10004e0c       0x2c CMakeFiles/mainCLAT.dir/Users/mdalaminashik/pico-zero/pico-sdk/src/rp2_common/pico_clib_interface/newlib_interface.c.o
                0x10004e0c                runtime_init
 .text.stdio_out_chars_no_crlf
                0x10004e38       0x10 CMakeFiles/mainCLAT.dir/Users/mdalaminashik/pico-zero/pico-sdk/src/rp2_common/pico_stdio/stdio.c.o
 .text.stdio_out_chars_crlf
                0x10004e48       0x90 CMakeFiles/mainCLAT.dir/Users/mdalaminashik/pico-zero/pico-sdk/src/rp2_common/pico_stdio/stdio.c.o
 .text.stdio_buffered_printer
                0x10004ed8       0x58 CMakeFiles/mainCLAT.dir/Users/mdalaminashik/pico-zero/pico-sdk/src/rp2_common/pico_stdio/stdio.c.o
 .text.stdio_put_string
                0x10004f30       0xf4 CMakeFiles/mainCLAT.dir/Users/mdalaminashik/pico-zero/pico-sdk/src/rp2_common/pico_stdio/stdio.c.o
                0x10004f30                stdio_put_string
 .text.stdio_set_driver_enabled
                0x10005024       0x30 CMakeFiles/mainCLAT.dir/Users/mdalaminashik/pico-zero/pico-sdk/src/rp2_common/pico_stdio/stdio.c.o
                0x10005024                stdio_set_driver_enabled
 .text.stdio_init_all
                0x10005054        0x8 CMakeFiles/mainCLAT.dir/Users/mdalaminashik/pico-zero/pico-sdk/src/rp2_common/pico_stdio/stdio.c.o
                0x10005054                stdio_init_all
 .text.__wrap_putchar
                0x1000505c       0x94 CMakeFiles/mainCLAT.dir/Users/mdalaminashik/pico-zero/pico-sdk/src/rp2_common/pico_stdio/stdio.c.o
                0x1000505c                stdio_putchar
                0x1000505c                __wrap_putchar
 .text.__wrap_puts
                0x100050f0       0x3c CMakeFiles/mainCLAT.dir/Users/mdalaminashik/pico-zero/pico-sdk/src/rp2_common/pico_stdio/stdio.c.o
                0x100050f0                __wrap_puts
                0x100050f0                stdio_puts
 .text.__wrap_vprintf
                0x1000512c       0xc8 CMakeFiles/mainCLAT.dir/Users/mdalaminashik/pico-zero/pico-sdk/src/rp2_common/pico_stdio/stdio.c.o
                0x1000512c                __wrap_vprintf
                0x1000512c                stdio_vprintf
 .text.__wrap_printf
                0x100051f4       0x18 CMakeFiles/mainCLAT.dir/Users/mdalaminashik/pico-zero/pico-sdk/src/rp2_common/pico_stdio/stdio.c.o
                0x100051f4                stdio_printf
                0x100051f4                __wrap_printf
 .text.stdio_usb_set_chars_available_callback
                0x1000520c       0x14 CMakeFiles/mainCLAT.dir/Users/mdalaminashik/pico-zero/pico-sdk/src/rp2_common/pico_stdio_usb/stdio_usb.c.o
                0x1000520c                stdio_usb_set_chars_available_callback
 .text.usb_irq  0x10005220       0x10 CMakeFiles/mainCLAT.dir/Users/mdalaminashik/pico-zero/pico-sdk/src/rp2_common/pico_stdio_usb/stdio_usb.c.o
 .text.timer_task
                0x10005230       0x64 CMakeFiles/mainCLAT.dir/Users/mdalaminashik/pico-zero/pico-sdk/src/rp2_common/pico_stdio_usb/stdio_usb.c.o
 .text.stdio_usb_in_chars
                0x10005294       0x8c CMakeFiles/mainCLAT.dir/Users/mdalaminashik/pico-zero/pico-sdk/src/rp2_common/pico_stdio_usb/stdio_usb.c.o
                0x10005294                stdio_usb_in_chars
 .text.stdio_usb_out_flush
                0x10005320       0x4c CMakeFiles/mainCLAT.dir/Users/mdalaminashik/pico-zero/pico-sdk/src/rp2_common/pico_stdio_usb/stdio_usb.c.o
 .text.stdio_usb_out_chars
                0x1000536c       0xf8 CMakeFiles/mainCLAT.dir/Users/mdalaminashik/pico-zero/pico-sdk/src/rp2_common/pico_stdio_usb/stdio_usb.c.o
 .text.low_priority_worker_irq
                0x10005464       0xc4 CMakeFiles/mainCLAT.dir/Users/mdalaminashik/pico-zero/pico-sdk/src/rp2_common/pico_stdio_usb/stdio_usb.c.o
 .text.stdio_usb_init
                0x10005528       0xe4 CMakeFiles/mainCLAT.dir/Users/mdalaminashik/pico-zero/pico-sdk/src/rp2_common/pico_stdio_usb/stdio_usb.c.o
                0x10005528                stdio_usb_init
 .text.tud_descriptor_device_cb
                0x1000560c        0x8 CMakeFiles/mainCLAT.dir/Users/mdalaminashik/pico-zero/pico-sdk/src/rp2_common/pico_stdio_usb/stdio_usb_descriptors.c.o
                0x1000560c                tud_descriptor_device_cb
 .text.tud_descriptor_configuration_cb
                0x10005614        0x8 CMakeFiles/mainCLAT.dir/Users/mdalaminashik/pico-zero/pico-sdk/src/rp2_common/pico_stdio_usb/stdio_usb_descriptors.c.o
                0x10005614                tud_descriptor_configuration_cb
 .text.tud_descriptor_string_cb
                0x1000561c       0x70 CMakeFiles/mainCLAT.dir/Users/mdalaminashik/pico-zero/pico-sdk/src/rp2_common/pico_stdio_usb/stdio_usb_descriptors.c.o
                0x1000561c                tud_descriptor_string_cb
 .text.startup._retrieve_unique_id_on_boot
                0x1000568c       0x10 CMakeFiles/mainCLAT.dir/Users/mdalaminashik/pico-zero/pico-sdk/src/rp2_common/pico_unique_id/unique_id.c.o
 .text.pico_get_unique_board_id_string
                0x1000569c      0x1e0 CMakeFiles/mainCLAT.dir/Users/mdalaminashik/pico-zero/pico-sdk/src/rp2_common/pico_unique_id/unique_id.c.o
                0x1000569c                pico_get_unique_board_id_string
 .text.flash_get_unique_id
                0x1000587c       0x3c CMakeFiles/mainCLAT.dir/Users/mdalaminashik/pico-zero/pico-sdk/src/rp2_common/hardware_flash/flash.c.o
                0x1000587c                flash_get_unique_id
 .text.usb_reset_interface_init
                0x100058b8        0x4 CMakeFiles/mainCLAT.dir/Users/mdalaminashik/pico-zero/pico-sdk/src/rp2_common/pico_usb_reset/usb_reset.c.o
                0x100058b8                usb_reset_interface_init
 .text.usb_reset_interface_reset
                0x100058bc        0xc CMakeFiles/mainCLAT.dir/Users/mdalaminashik/pico-zero/pico-sdk/src/rp2_common/pico_usb_reset/usb_reset.c.o
                0x100058bc                usb_reset_interface_reset
 .text.usb_reset_interface_open
                0x100058c8       0x28 CMakeFiles/mainCLAT.dir/Users/mdalaminashik/pico-zero/pico-sdk/src/rp2_common/pico_usb_reset/usb_reset.c.o
                0x100058c8                usb_reset_interface_open
 .text.usb_reset_interface_xfer_cb
                0x100058f0        0x4 CMakeFiles/mainCLAT.dir/Users/mdalaminashik/pico-zero/pico-sdk/src/rp2_common/pico_usb_reset/usb_reset.c.o
                0x100058f0                usb_reset_interface_xfer_cb
 .text.usb_reset_interface_control_xfer_cb
                0x100058f4       0x60 CMakeFiles/mainCLAT.dir/Users/mdalaminashik/pico-zero/pico-sdk/src/rp2_common/pico_usb_reset/usb_reset.c.o
                0x100058f4                usb_reset_interface_control_xfer_cb
 .text.tud_descriptor_bos_cb
                0x10005954        0x8 CMakeFiles/mainCLAT.dir/Users/mdalaminashik/pico-zero/pico-sdk/src/rp2_common/pico_usb_reset/usb_reset.c.o
                0x10005954                tud_descriptor_bos_cb
 .text.tud_vendor_control_xfer_cb
                0x1000595c       0x38 CMakeFiles/mainCLAT.dir/Users/mdalaminashik/pico-zero/pico-sdk/src/rp2_common/pico_usb_reset/usb_reset.c.o
                0x1000595c                tud_vendor_control_xfer_cb
 .text.usbd_app_driver_get_cb
                0x10005994        0xc CMakeFiles/mainCLAT.dir/Users/mdalaminashik/pico-zero/pico-sdk/src/rp2_common/pico_usb_reset/usb_reset.c.o
                0x10005994                usbd_app_driver_get_cb
 .text.tud_cdc_line_coding_cb
                0x100059a0       0x2c CMakeFiles/mainCLAT.dir/Users/mdalaminashik/pico-zero/pico-sdk/src/rp2_common/pico_usb_reset/usb_reset.c.o
                0x100059a0                tud_cdc_line_coding_cb
 .text.dcd_init
                0x100059cc       0x90 CMakeFiles/mainCLAT.dir/Users/mdalaminashik/pico-zero/pico-sdk/lib/tinyusb/src/portable/raspberrypi/rp2040/dcd_rp2040.c.o
                0x100059cc                dcd_init
 .text.dcd_int_enable
                0x10005a5c        0xc CMakeFiles/mainCLAT.dir/Users/mdalaminashik/pico-zero/pico-sdk/lib/tinyusb/src/portable/raspberrypi/rp2040/dcd_rp2040.c.o
                0x10005a5c                dcd_int_enable
 .text.dcd_set_address
                0x10005a68       0x14 CMakeFiles/mainCLAT.dir/Users/mdalaminashik/pico-zero/pico-sdk/lib/tinyusb/src/portable/raspberrypi/rp2040/dcd_rp2040.c.o
                0x10005a68                dcd_set_address
 .text.dcd_sof_enable
                0x10005a7c       0x1c CMakeFiles/mainCLAT.dir/Users/mdalaminashik/pico-zero/pico-sdk/lib/tinyusb/src/portable/raspberrypi/rp2040/dcd_rp2040.c.o
                0x10005a7c                dcd_sof_enable
 .text.dcd_edpt0_status_complete
                0x10005a98       0x1c CMakeFiles/mainCLAT.dir/Users/mdalaminashik/pico-zero/pico-sdk/lib/tinyusb/src/portable/raspberrypi/rp2040/dcd_rp2040.c.o
                0x10005a98                dcd_edpt0_status_complete
 .text.dcd_edpt_open
                0x10005ab4       0xfc CMakeFiles/mainCLAT.dir/Users/mdalaminashik/pico-zero/pico-sdk/lib/tinyusb/src/portable/raspberrypi/rp2040/dcd_rp2040.c.o
                0x10005ab4                dcd_edpt_open
 .text.dcd_edpt_close_all
                0x10005bb0        0x8 CMakeFiles/mainCLAT.dir/Users/mdalaminashik/pico-zero/pico-sdk/lib/tinyusb/src/portable/raspberrypi/rp2040/dcd_rp2040.c.o
                0x10005bb0                dcd_edpt_close_all
 .text.dcd_edpt_xfer
                0x10005bb8       0x24 CMakeFiles/mainCLAT.dir/Users/mdalaminashik/pico-zero/pico-sdk/lib/tinyusb/src/portable/raspberrypi/rp2040/dcd_rp2040.c.o
                0x10005bb8                dcd_edpt_xfer
 .text.dcd_edpt_stall
                0x10005bdc       0x3c CMakeFiles/mainCLAT.dir/Users/mdalaminashik/pico-zero/pico-sdk/lib/tinyusb/src/portable/raspberrypi/rp2040/dcd_rp2040.c.o
                0x10005bdc                dcd_edpt_stall
 .text.dcd_edpt_clear_stall
                0x10005c18       0x30 CMakeFiles/mainCLAT.dir/Users/mdalaminashik/pico-zero/pico-sdk/lib/tinyusb/src/portable/raspberrypi/rp2040/dcd_rp2040.c.o
                0x10005c18                dcd_edpt_clear_stall
 .text.rp2040_usb_init
                0x10005c48       0x40 CMakeFiles/mainCLAT.dir/Users/mdalaminashik/pico-zero/pico-sdk/lib/tinyusb/src/portable/raspberrypi/rp2040/rp2040_usb.c.o
                0x10005c48                rp2040_usb_init
 .text.hw_endpoint_xfer_start
                0x10005c88       0x40 CMakeFiles/mainCLAT.dir/Users/mdalaminashik/pico-zero/pico-sdk/lib/tinyusb/src/portable/raspberrypi/rp2040/rp2040_usb.c.o
                0x10005c88                hw_endpoint_xfer_start
 .text.tud_event_hook_cb
                0x10005cc8        0x4 CMakeFiles/mainCLAT.dir/Users/mdalaminashik/pico-zero/pico-sdk/lib/tinyusb/src/device/usbd.c.o
                0x10005cc8                tud_event_hook_cb
 .text.tud_sof_cb
                0x10005ccc        0x4 CMakeFiles/mainCLAT.dir/Users/mdalaminashik/pico-zero/pico-sdk/lib/tinyusb/src/device/usbd.c.o
                0x10005ccc                tud_sof_cb
 .text.tud_descriptor_device_qualifier_cb
                0x10005cd0        0x4 CMakeFiles/mainCLAT.dir/Users/mdalaminashik/pico-zero/pico-sdk/lib/tinyusb/src/device/usbd.c.o
                0x10005cd0                tud_descriptor_device_qualifier_cb
 .text.tud_descriptor_other_speed_configuration_cb
                0x10005cd4        0x4 CMakeFiles/mainCLAT.dir/Users/mdalaminashik/pico-zero/pico-sdk/lib/tinyusb/src/device/usbd.c.o
                0x10005cd4                tud_descriptor_other_speed_configuration_cb
 .text.tud_mount_cb
                0x10005cd8        0x4 CMakeFiles/mainCLAT.dir/Users/mdalaminashik/pico-zero/pico-sdk/lib/tinyusb/src/device/usbd.c.o
                0x10005cd8                tud_mount_cb
 .text.tud_umount_cb
                0x10005cdc        0x4 CMakeFiles/mainCLAT.dir/Users/mdalaminashik/pico-zero/pico-sdk/lib/tinyusb/src/device/usbd.c.o
                0x10005cdc                tud_umount_cb
 .text.tud_suspend_cb
                0x10005ce0        0x4 CMakeFiles/mainCLAT.dir/Users/mdalaminashik/pico-zero/pico-sdk/lib/tinyusb/src/device/usbd.c.o
                0x10005ce0                tud_suspend_cb
 .text.tud_resume_cb
                0x10005ce4        0x4 CMakeFiles/mainCLAT.dir/Users/mdalaminashik/pico-zero/pico-sdk/lib/tinyusb/src/device/usbd.c.o
                0x10005ce4                tud_resume_cb
 .text.tud_mounted
                0x10005ce8       0x10 CMakeFiles/mainCLAT.dir/Users/mdalaminashik/pico-zero/pico-sdk/lib/tinyusb/src/device/usbd.c.o
                0x10005ce8                tud_mounted
 .text.tud_suspended
                0x10005cf8       0x10 CMakeFiles/mainCLAT.dir/Users/mdalaminashik/pico-zero/pico-sdk/lib/tinyusb/src/device/usbd.c.o
                0x10005cf8                tud_suspended
 .text.tud_rhport_init
                0x10005d08       0xe8 CMakeFiles/mainCLAT.dir/Users/mdalaminashik/pico-zero/pico-sdk/lib/tinyusb/src/device/usbd.c.o
                0x10005d08                tud_rhport_init
 .text.tud_task_ext
                0x10005df0      0x7d8 CMakeFiles/mainCLAT.dir/Users/mdalaminashik/pico-zero/pico-sdk/lib/tinyusb/src/device/usbd.c.o
                0x10005df0                tud_task_ext
 .text.usbd_open_edpt_pair
                0x100065c8       0x98 CMakeFiles/mainCLAT.dir/Users/mdalaminashik/pico-zero/pico-sdk/lib/tinyusb/src/device/usbd.c.o
                0x100065c8                usbd_open_edpt_pair
 .text.usbd_edpt_open
                0x10006660       0x34 CMakeFiles/mainCLAT.dir/Users/mdalaminashik/pico-zero/pico-sdk/lib/tinyusb/src/device/usbd.c.o
                0x10006660                usbd_edpt_open
 .text.usbd_edpt_claim
                0x10006694       0x28 CMakeFiles/mainCLAT.dir/Users/mdalaminashik/pico-zero/pico-sdk/lib/tinyusb/src/device/usbd.c.o
                0x10006694                usbd_edpt_claim
 .text.usbd_edpt_release
                0x100066bc       0x28 CMakeFiles/mainCLAT.dir/Users/mdalaminashik/pico-zero/pico-sdk/lib/tinyusb/src/device/usbd.c.o
                0x100066bc                usbd_edpt_release
 .text.usbd_edpt_xfer
                0x100066e4       0x50 CMakeFiles/mainCLAT.dir/Users/mdalaminashik/pico-zero/pico-sdk/lib/tinyusb/src/device/usbd.c.o
                0x100066e4                usbd_edpt_xfer
 .text.tud_control_status
                0x10006734       0x2c CMakeFiles/mainCLAT.dir/Users/mdalaminashik/pico-zero/pico-sdk/lib/tinyusb/src/device/usbd_control.c.o
                0x10006734                tud_control_status
 .text.tud_control_xfer
                0x10006760       0xa0 CMakeFiles/mainCLAT.dir/Users/mdalaminashik/pico-zero/pico-sdk/lib/tinyusb/src/device/usbd_control.c.o
                0x10006760                tud_control_xfer
 .text.usbd_control_reset
                0x10006800       0x14 CMakeFiles/mainCLAT.dir/Users/mdalaminashik/pico-zero/pico-sdk/lib/tinyusb/src/device/usbd_control.c.o
                0x10006800                usbd_control_reset
 .text.usbd_control_set_complete_callback
                0x10006814        0xc CMakeFiles/mainCLAT.dir/Users/mdalaminashik/pico-zero/pico-sdk/lib/tinyusb/src/device/usbd_control.c.o
                0x10006814                usbd_control_set_complete_callback
 .text.usbd_control_set_request
                0x10006820       0x1c CMakeFiles/mainCLAT.dir/Users/mdalaminashik/pico-zero/pico-sdk/lib/tinyusb/src/device/usbd_control.c.o
                0x10006820                usbd_control_set_request
 .text.usbd_control_xfer_cb
                0x1000683c       0xe8 CMakeFiles/mainCLAT.dir/Users/mdalaminashik/pico-zero/pico-sdk/lib/tinyusb/src/device/usbd_control.c.o
                0x1000683c                usbd_control_xfer_cb
 .text._prep_out_transaction.isra.0
                0x10006924       0x6c CMakeFiles/mainCLAT.dir/Users/mdalaminashik/pico-zero/pico-sdk/lib/tinyusb/src/class/cdc/cdc_device.c.o
 .text.tud_cdc_n_connected
                0x10006990       0x2c CMakeFiles/mainCLAT.dir/Users/mdalaminashik/pico-zero/pico-sdk/lib/tinyusb/src/class/cdc/cdc_device.c.o
                0x10006990                tud_cdc_n_connected
 .text.tud_cdc_n_available
                0x100069bc       0x14 CMakeFiles/mainCLAT.dir/Users/mdalaminashik/pico-zero/pico-sdk/lib/tinyusb/src/class/cdc/cdc_device.c.o
                0x100069bc                tud_cdc_n_available
 .text.tud_cdc_n_read
                0x100069d0       0x88 CMakeFiles/mainCLAT.dir/Users/mdalaminashik/pico-zero/pico-sdk/lib/tinyusb/src/class/cdc/cdc_device.c.o
                0x100069d0                tud_cdc_n_read
 .text.tud_cdc_n_write_flush
                0x10006a58       0x78 CMakeFiles/mainCLAT.dir/Users/mdalaminashik/pico-zero/pico-sdk/lib/tinyusb/src/class/cdc/cdc_device.c.o
                0x10006a58                tud_cdc_n_write_flush
 .text.tud_cdc_n_write
                0x10006ad0       0x40 CMakeFiles/mainCLAT.dir/Users/mdalaminashik/pico-zero/pico-sdk/lib/tinyusb/src/class/cdc/cdc_device.c.o
                0x10006ad0                tud_cdc_n_write
 .text.tud_cdc_n_write_available
                0x10006b10       0x14 CMakeFiles/mainCLAT.dir/Users/mdalaminashik/pico-zero/pico-sdk/lib/tinyusb/src/class/cdc/cdc_device.c.o
                0x10006b10                tud_cdc_n_write_available
 .text.cdcd_init
                0x10006b24       0x70 CMakeFiles/mainCLAT.dir/Users/mdalaminashik/pico-zero/pico-sdk/lib/tinyusb/src/class/cdc/cdc_device.c.o
                0x10006b24                cdcd_init
 .text.cdcd_deinit
                0x10006b94       0x30 CMakeFiles/mainCLAT.dir/Users/mdalaminashik/pico-zero/pico-sdk/lib/tinyusb/src/class/cdc/cdc_device.c.o
                0x10006b94                cdcd_deinit
 .text.cdcd_reset
                0x10006bc4       0x48 CMakeFiles/mainCLAT.dir/Users/mdalaminashik/pico-zero/pico-sdk/lib/tinyusb/src/class/cdc/cdc_device.c.o
                0x10006bc4                cdcd_reset
 .text.cdcd_open
                0x10006c0c       0xa8 CMakeFiles/mainCLAT.dir/Users/mdalaminashik/pico-zero/pico-sdk/lib/tinyusb/src/class/cdc/cdc_device.c.o
                0x10006c0c                cdcd_open
 .text.cdcd_control_xfer_cb
                0x10006cb4       0xf0 CMakeFiles/mainCLAT.dir/Users/mdalaminashik/pico-zero/pico-sdk/lib/tinyusb/src/class/cdc/cdc_device.c.o
                0x10006cb4                cdcd_control_xfer_cb
 .text.cdcd_xfer_cb
                0x10006da4       0xf8 CMakeFiles/mainCLAT.dir/Users/mdalaminashik/pico-zero/pico-sdk/lib/tinyusb/src/class/cdc/cdc_device.c.o
                0x10006da4                cdcd_xfer_cb
 .text.tusb_rhport_init
                0x10006e9c       0x4c CMakeFiles/mainCLAT.dir/Users/mdalaminashik/pico-zero/pico-sdk/lib/tinyusb/src/tusb.c.o
                0x10006e9c                tusb_rhport_init
 .text.tu_edpt_claim
                0x10006ee8       0x50 CMakeFiles/mainCLAT.dir/Users/mdalaminashik/pico-zero/pico-sdk/lib/tinyusb/src/tusb.c.o
                0x10006ee8                tu_edpt_claim
 .text.tu_edpt_release
                0x10006f38       0x38 CMakeFiles/mainCLAT.dir/Users/mdalaminashik/pico-zero/pico-sdk/lib/tinyusb/src/tusb.c.o
                0x10006f38                tu_edpt_release
 .text.tu_edpt_validate
                0x10006f70       0x74 CMakeFiles/mainCLAT.dir/Users/mdalaminashik/pico-zero/pico-sdk/lib/tinyusb/src/tusb.c.o
                0x10006f70                tu_edpt_validate
 .text.tu_edpt_bind_driver
                0x10006fe4       0x34 CMakeFiles/mainCLAT.dir/Users/mdalaminashik/pico-zero/pico-sdk/lib/tinyusb/src/tusb.c.o
                0x10006fe4                tu_edpt_bind_driver
 .text.tu_fifo_config
                0x10007018       0x6c CMakeFiles/mainCLAT.dir/Users/mdalaminashik/pico-zero/pico-sdk/lib/tinyusb/src/common/tusb_fifo.c.o
                0x10007018                tu_fifo_config
 .text.tu_fifo_count
                0x10007084       0x2c CMakeFiles/mainCLAT.dir/Users/mdalaminashik/pico-zero/pico-sdk/lib/tinyusb/src/common/tusb_fifo.c.o
                0x10007084                tu_fifo_count
 .text.tu_fifo_empty
                0x100070b0       0x10 CMakeFiles/mainCLAT.dir/Users/mdalaminashik/pico-zero/pico-sdk/lib/tinyusb/src/common/tusb_fifo.c.o
                0x100070b0                tu_fifo_empty
 .text.tu_fifo_remaining
                0x100070c0       0x2c CMakeFiles/mainCLAT.dir/Users/mdalaminashik/pico-zero/pico-sdk/lib/tinyusb/src/common/tusb_fifo.c.o
                0x100070c0                tu_fifo_remaining
 .text.tu_fifo_read
                0x100070ec       0x9c CMakeFiles/mainCLAT.dir/Users/mdalaminashik/pico-zero/pico-sdk/lib/tinyusb/src/common/tusb_fifo.c.o
                0x100070ec                tu_fifo_read
 .text.tu_fifo_read_n
                0x10007188       0xec CMakeFiles/mainCLAT.dir/Users/mdalaminashik/pico-zero/pico-sdk/lib/tinyusb/src/common/tusb_fifo.c.o
                0x10007188                tu_fifo_read_n
 .text.tu_fifo_write
                0x10007274       0xa4 CMakeFiles/mainCLAT.dir/Users/mdalaminashik/pico-zero/pico-sdk/lib/tinyusb/src/common/tusb_fifo.c.o
                0x10007274                tu_fifo_write
 .text.tu_fifo_write_n
                0x10007318      0x168 CMakeFiles/mainCLAT.dir/Users/mdalaminashik/pico-zero/pico-sdk/lib/tinyusb/src/common/tusb_fifo.c.o
                0x10007318                tu_fifo_write_n
 .text.tu_fifo_clear
                0x10007480       0x40 CMakeFiles/mainCLAT.dir/Users/mdalaminashik/pico-zero/pico-sdk/lib/tinyusb/src/common/tusb_fifo.c.o
                0x10007480                tu_fifo_clear
 .text.tu_fifo_set_overwritable
                0x100074c0       0x48 CMakeFiles/mainCLAT.dir/Users/mdalaminashik/pico-zero/pico-sdk/lib/tinyusb/src/common/tusb_fifo.c.o
                0x100074c0                tu_fifo_set_overwritable
 .text.adc_init
                0x10007508       0x38 CMakeFiles/mainCLAT.dir/Users/mdalaminashik/pico-zero/pico-sdk/src/rp2_common/hardware_adc/adc.c.o
                0x10007508                adc_init
 .text.i2c_write_blocking_internal.constprop.0
                0x10007540       0xd4 CMakeFiles/mainCLAT.dir/Users/mdalaminashik/pico-zero/pico-sdk/src/rp2_common/hardware_i2c/i2c.c.o
 .text.i2c_set_baudrate
                0x10007614       0xb4 CMakeFiles/mainCLAT.dir/Users/mdalaminashik/pico-zero/pico-sdk/src/rp2_common/hardware_i2c/i2c.c.o
                0x10007614                i2c_set_baudrate
 .text.i2c_init
                0x100076c8       0x54 CMakeFiles/mainCLAT.dir/Users/mdalaminashik/pico-zero/pico-sdk/src/rp2_common/hardware_i2c/i2c.c.o
                0x100076c8                i2c_init
 .text.i2c_write_blocking
                0x1000771c       0x14 CMakeFiles/mainCLAT.dir/Users/mdalaminashik/pico-zero/pico-sdk/src/rp2_common/hardware_i2c/i2c.c.o
                0x1000771c                i2c_write_blocking
 .text.strlen   0x10007730       0x60 /Applications/ArmGNUToolchain/15.2.rel1/arm-none-eabi/bin/../lib/gcc/arm-none-eabi/15.2.1/../../../../arm-none-eabi/lib/thumb/v6-m/nofp/libg.a(libc_a-strlen-stub.o)
                0x10007730                strlen
 .text.strlen.__stub
                0x10007790       0xc0 linker stubs
 *(.fini)
 *crtbegin.o(.ctors)
 *crtbegin?.o(.ctors)
 *(EXCLUDE_FILE(*crtend.o *crtend?.o) .ctors)
 *(SORT_BY_NAME(.ctors.*))
 *(.ctors)
 *crtbegin.o(.dtors)
 *crtbegin?.o(.dtors)
 *(EXCLUDE_FILE(*crtend.o *crtend?.o) .dtors)
 *(SORT_BY_NAME(.dtors.*))
 *(.dtors)
                0x10007850                        . = ALIGN (0x4)
                [!provide]                        PROVIDE (__bothinit_array_start = .)
                0x10007850                        PROVIDE (__preinit_array_start = .)
 *(SORT_BY_NAME(.preinit_array.*))
 .preinit_array.00100
                0x10007850        0x4 CMakeFiles/mainCLAT.dir/Users/mdalaminashik/pico-zero/pico-sdk/src/rp2_common/pico_runtime_init/runtime_init.c.o
                0x10007850                __pre_init_runtime_init_early_resets
 .preinit_array.00101
                0x10007854        0x4 CMakeFiles/mainCLAT.dir/Users/mdalaminashik/pico-zero/pico-sdk/src/rp2_common/pico_runtime_init/runtime_init.c.o
                0x10007854                __pre_init_runtime_init_usb_power_down
 .preinit_array.00275
                0x10007858        0x4 CMakeFiles/mainCLAT.dir/Users/mdalaminashik/pico-zero/pico-sdk/src/rp2_common/pico_bit_ops/bit_ops_aeabi.S.o
 .preinit_array.00300
                0x1000785c        0x4 CMakeFiles/mainCLAT.dir/Users/mdalaminashik/pico-zero/pico-sdk/src/rp2_common/pico_mem_ops/mem_ops_aeabi.S.o
 .preinit_array.00350
                0x10007860        0x4 CMakeFiles/mainCLAT.dir/Users/mdalaminashik/pico-zero/pico-sdk/src/rp2_common/pico_double/double_aeabi_rp2040.S.o
 .preinit_array.00350
                0x10007864        0x4 CMakeFiles/mainCLAT.dir/Users/mdalaminashik/pico-zero/pico-sdk/src/rp2_common/pico_float/float_aeabi_rp2040.S.o
 .preinit_array.00500
                0x10007868        0x4 CMakeFiles/mainCLAT.dir/Users/mdalaminashik/pico-zero/pico-sdk/src/rp2_common/pico_runtime_init/runtime_init.c.o
                0x10007868                __pre_init_runtime_init_clocks
 .preinit_array.00600
                0x1000786c        0x4 CMakeFiles/mainCLAT.dir/Users/mdalaminashik/pico-zero/pico-sdk/src/rp2_common/pico_runtime_init/runtime_init.c.o
                0x1000786c                __pre_init_runtime_init_post_clock_resets
 .preinit_array.00700
                0x10007870        0x4 CMakeFiles/mainCLAT.dir/Users/mdalaminashik/pico-zero/pico-sdk/src/rp2_common/pico_runtime_init/runtime_init.c.o
                0x10007870                __pre_init_runtime_init_rp2040_gpio_ie_disable
 .preinit_array.01000
                0x10007874        0x4 CMakeFiles/mainCLAT.dir/Users/mdalaminashik/pico-zero/pico-sdk/src/rp2_common/pico_runtime_init/runtime_init.c.o
                0x10007874                __pre_init_runtime_init_spin_locks_reset
 .preinit_array.01100
                0x10007878        0x4 CMakeFiles/mainCLAT.dir/Users/mdalaminashik/pico-zero/pico-sdk/src/common/pico_sync/mutex.c.o
                0x10007878                __pre_init_runtime_init_mutex
 .preinit_array.10080
                0x1000787c        0x4 CMakeFiles/mainCLAT.dir/Users/mdalaminashik/pico-zero/pico-sdk/src/rp2_common/pico_runtime_init/runtime_init.c.o
                0x1000787c                __pre_init_runtime_init_install_ram_vector_table
 .preinit_array.11000
                0x10007880        0x4 CMakeFiles/mainCLAT.dir/Users/mdalaminashik/pico-zero/pico-sdk/src/common/pico_time/time.c.o
                0x10007880                __pre_init_runtime_init_default_alarm_pool
 .preinit_array.YYYYY
                0x10007884        0x4 CMakeFiles/mainCLAT.dir/Users/mdalaminashik/pico-zero/pico-sdk/src/rp2_common/pico_runtime/runtime.c.o
                0x10007884                __pre_init_first_per_core_initializer
 .preinit_array.ZZZZZ.01200
                0x10007888        0x4 CMakeFiles/mainCLAT.dir/Users/mdalaminashik/pico-zero/pico-sdk/src/rp2_common/hardware_irq/irq.c.o
                0x10007888                __pre_init_runtime_init_per_core_irq_priorities
 *(.preinit_array)
                0x1000788c                        PROVIDE (__preinit_array_end = .)
                0x1000788c                        . = ALIGN (0x4)
                0x1000788c                        PROVIDE (__init_array_start = .)
 *(SORT_BY_NAME(.init_array.*))
 .init_array.01000
                0x1000788c        0x4 CMakeFiles/mainCLAT.dir/Users/mdalaminashik/pico-zero/pico-sdk/src/rp2_common/pico_unique_id/unique_id.c.o
 *(.init_array)
                0x10007890                        PROVIDE (__init_array_end = .)
                [!provide]                        PROVIDE (__bothinit_array_end = .)
                0x10007890                        . = ALIGN (0x4)
                [!provide]                        PROVIDE (__fini_array_start = .)
 *(SORT_BY_NAME(.fini_array.*))
 *(.fini_array)
                [!provide]                        PROVIDE (__fini_array_end = .)
                [!provide]                        PROVIDE (__dso_handle = 0x0)
 *(.eh_frame*)
                0x10007890                        . = ALIGN (0x4)

.glue_7         0x10007890        0x0
 .glue_7        0x10007890        0x0 linker stubs

.glue_7t        0x10007890        0x0
 .glue_7t       0x10007890        0x0 linker stubs

.vfp11_veneer   0x10007890        0x0
 .vfp11_veneer  0x10007890        0x0 linker stubs

.v4_bx          0x10007890        0x0
 .v4_bx         0x10007890        0x0 linker stubs

.iplt           0x10007890        0x0
 .iplt          0x10007890        0x0 CMakeFiles/mainCLAT.dir/mainCLAT.c.o

.rodata         0x10007890      0x714
 *(EXCLUDE_FILE(*libm.a: *lib*_a-mem*.o *libc.a: *libgcc.a:) .rodata*)
 .rodata.show_splash_screen.str1.4
                0x10007890      0x228 CMakeFiles/mainCLAT.dir/mainCLAT.c.o
                                 0x1c (size before relaxing)
 .rodata.main.str1.4
                0x10007ab8        0x0 CMakeFiles/mainCLAT.dir/mainCLAT.c.o
                                 0x8d (size before relaxing)
 .rodata.lcd_print_num.str1.4
                0x10007ab8        0x0 CMakeFiles/mainCLAT.dir/lcd_i2c.c.o
                                  0x5 (size before relaxing)
 .rodata.lcd_print_num_padded.str1.4
                0x10007ab8        0x0 CMakeFiles/mainCLAT.dir/lcd_i2c.c.o
                                  0x9 (size before relaxing)
 .rodata.row_offsets.0
                0x10007ab8        0x2 CMakeFiles/mainCLAT.dir/lcd_i2c.c.o
 *fill*         0x10007aba        0x2 
 .rodata.soc_table
                0x10007abc       0x60 CMakeFiles/mainCLAT.dir/bat_calc.c.o
 .rodata.panic.str1.4
                0x10007b1c        0x0 CMakeFiles/mainCLAT.dir/Users/mdalaminashik/pico-zero/pico-sdk/src/rp2_common/pico_platform_panic/panic.c.o
                                 0x11 (size before relaxing)
 .rodata.spin_lock_claim_unused.str1.4
                0x10007b1c        0x0 CMakeFiles/mainCLAT.dir/Users/mdalaminashik/pico-zero/pico-sdk/src/rp2_common/hardware_sync/sync.c.o
                                 0x1b (size before relaxing)
 .rodata.user_irq_claim_unused.str1.4
                0x10007b1c        0x0 CMakeFiles/mainCLAT.dir/Users/mdalaminashik/pico-zero/pico-sdk/src/rp2_common/hardware_irq/irq.c.o
                                 0x1b (size before relaxing)
 .rodata.timer_hardware_alarm_claim.str1.4
                0x10007b1c        0x0 CMakeFiles/mainCLAT.dir/Users/mdalaminashik/pico-zero/pico-sdk/src/rp2_common/hardware_timer/timer.c.o
                                 0x22 (size before relaxing)
 .rodata.hard_assertion_failure.str1.4
                0x10007b1c        0x0 CMakeFiles/mainCLAT.dir/Users/mdalaminashik/pico-zero/pico-sdk/src/rp2_common/pico_runtime/runtime.c.o
                                  0xc (size before relaxing)
 .rodata.str1.4
                0x10007b1c        0x0 CMakeFiles/mainCLAT.dir/Users/mdalaminashik/pico-zero/pico-sdk/src/rp2_common/pico_standard_binary_info/standard_binary_info.c.o
                                 0x40 (size before relaxing)
 .rodata.__bi_84
                0x10007b1c        0xc CMakeFiles/mainCLAT.dir/Users/mdalaminashik/pico-zero/pico-sdk/src/rp2_common/pico_standard_binary_info/standard_binary_info.c.o
 .rodata.__bi_78
                0x10007b28        0xc CMakeFiles/mainCLAT.dir/Users/mdalaminashik/pico-zero/pico-sdk/src/rp2_common/pico_standard_binary_info/standard_binary_info.c.o
 .rodata.__bi_54
                0x10007b34        0xc CMakeFiles/mainCLAT.dir/Users/mdalaminashik/pico-zero/pico-sdk/src/rp2_common/pico_standard_binary_info/standard_binary_info.c.o
 .rodata.__bi_48
                0x10007b40        0xc CMakeFiles/mainCLAT.dir/Users/mdalaminashik/pico-zero/pico-sdk/src/rp2_common/pico_standard_binary_info/standard_binary_info.c.o
 .rodata.__bi_42
                0x10007b4c        0xc CMakeFiles/mainCLAT.dir/Users/mdalaminashik/pico-zero/pico-sdk/src/rp2_common/pico_standard_binary_info/standard_binary_info.c.o
 .rodata.__bi_34
                0x10007b58        0xc CMakeFiles/mainCLAT.dir/Users/mdalaminashik/pico-zero/pico-sdk/src/rp2_common/pico_standard_binary_info/standard_binary_info.c.o
 .rodata.__bi_26
                0x10007b64        0xc CMakeFiles/mainCLAT.dir/Users/mdalaminashik/pico-zero/pico-sdk/src/rp2_common/pico_standard_binary_info/standard_binary_info.c.o
 .rodata._ftoa.str1.4
                0x10007b70        0x0 CMakeFiles/mainCLAT.dir/Users/mdalaminashik/pico-zero/pico-sdk/src/rp2_common/pico_printf/printf.c.o
                                 0x15 (size before relaxing)
 .rodata._vsnprintf
                0x10007b70      0x19c CMakeFiles/mainCLAT.dir/Users/mdalaminashik/pico-zero/pico-sdk/src/rp2_common/pico_printf/printf.c.o
 *fill*         0x10007d0c        0x4 
 .rodata.pow10.0
                0x10007d10       0x50 CMakeFiles/mainCLAT.dir/Users/mdalaminashik/pico-zero/pico-sdk/src/rp2_common/pico_printf/printf.c.o
 .rodata.crlf_str.0
                0x10007d60        0x2 CMakeFiles/mainCLAT.dir/Users/mdalaminashik/pico-zero/pico-sdk/src/rp2_common/pico_stdio/stdio.c.o
 .rodata.str1.4
                0x10007d62        0x0 CMakeFiles/mainCLAT.dir/Users/mdalaminashik/pico-zero/pico-sdk/src/rp2_common/pico_stdio_usb/stdio_usb.c.o
                                 0x13 (size before relaxing)
 *fill*         0x10007d62        0x2 
 .rodata.__bi_204.0
                0x10007d64        0xc CMakeFiles/mainCLAT.dir/Users/mdalaminashik/pico-zero/pico-sdk/src/rp2_common/pico_stdio_usb/stdio_usb.c.o
 .rodata.str1.4
                0x10007d70        0x0 CMakeFiles/mainCLAT.dir/Users/mdalaminashik/pico-zero/pico-sdk/src/rp2_common/pico_stdio_usb/stdio_usb_descriptors.c.o
                                 0x2a (size before relaxing)
 .rodata.usbd_desc_str
                0x10007d70       0x18 CMakeFiles/mainCLAT.dir/Users/mdalaminashik/pico-zero/pico-sdk/src/rp2_common/pico_stdio_usb/stdio_usb_descriptors.c.o
 .rodata.usbd_desc_cfg
                0x10007d88       0x54 CMakeFiles/mainCLAT.dir/Users/mdalaminashik/pico-zero/pico-sdk/src/rp2_common/pico_stdio_usb/stdio_usb_descriptors.c.o
 .rodata.usbd_desc_device
                0x10007ddc       0x12 CMakeFiles/mainCLAT.dir/Users/mdalaminashik/pico-zero/pico-sdk/src/rp2_common/pico_stdio_usb/stdio_usb_descriptors.c.o
 *fill*         0x10007dee        0x2 
 .rodata.desc_ms_os_20
                0x10007df0       0xa6 CMakeFiles/mainCLAT.dir/Users/mdalaminashik/pico-zero/pico-sdk/src/rp2_common/pico_usb_reset/usb_reset.c.o
 *fill*         0x10007e96        0x2 
 .rodata.desc_bos
                0x10007e98       0x21 CMakeFiles/mainCLAT.dir/Users/mdalaminashik/pico-zero/pico-sdk/src/rp2_common/pico_usb_reset/usb_reset.c.o
                0x10007e98                desc_bos
 *fill*         0x10007eb9        0x3 
 .rodata.usb_reset_interface_driver
                0x10007ebc       0x20 CMakeFiles/mainCLAT.dir/Users/mdalaminashik/pico-zero/pico-sdk/src/rp2_common/pico_usb_reset/usb_reset.c.o
 .rodata.str1.4
                0x10007edc        0x0 CMakeFiles/mainCLAT.dir/Users/mdalaminashik/pico-zero/pico-sdk/lib/tinyusb/src/portable/raspberrypi/rp2040/dcd_rp2040.c.o
                                 0x14 (size before relaxing)
 .rodata.str1.4
                0x10007edc        0x0 CMakeFiles/mainCLAT.dir/Users/mdalaminashik/pico-zero/pico-sdk/lib/tinyusb/src/portable/raspberrypi/rp2040/rp2040_usb.c.o
                                 0x48 (size before relaxing)
 .rodata.tud_task_ext
                0x10007edc       0x8c CMakeFiles/mainCLAT.dir/Users/mdalaminashik/pico-zero/pico-sdk/lib/tinyusb/src/device/usbd.c.o
 .rodata        0x10007f68       0x1c CMakeFiles/mainCLAT.dir/Users/mdalaminashik/pico-zero/pico-sdk/lib/tinyusb/src/device/usbd.c.o
 .rodata._usbd_driver
                0x10007f84       0x20 CMakeFiles/mainCLAT.dir/Users/mdalaminashik/pico-zero/pico-sdk/lib/tinyusb/src/device/usbd.c.o
 *(.srodata*)
                0x10007fa4                        . = ALIGN (0x4)
 *(SORT_BY_ALIGNMENT(SORT_BY_NAME(.flashdata*)))
                0x10007fa4                        . = ALIGN (0x4)

.ARM.extab
 *(.ARM.extab* .gnu.linkonce.armextab.*)
                0x10007fa4                        __exidx_start = .

.ARM.exidx
 *(.ARM.exidx* .gnu.linkonce.armexidx.*)
                0x10007fa4                        __exidx_end = .
                0x10007fa4                        . = ALIGN (0x4)
                0x10007fa4                        __binary_info_start = .

.binary_info    0x10007fa4       0x20
 *(.binary_info.keep.*)
 .binary_info.keep.__bi_ptr84
                0x10007fa4        0x4 CMakeFiles/mainCLAT.dir/Users/mdalaminashik/pico-zero/pico-sdk/src/rp2_common/pico_standard_binary_info/standard_binary_info.c.o
 .binary_info.keep.__bi_ptr78
                0x10007fa8        0x4 CMakeFiles/mainCLAT.dir/Users/mdalaminashik/pico-zero/pico-sdk/src/rp2_common/pico_standard_binary_info/standard_binary_info.c.o
 .binary_info.keep.__bi_ptr54
                0x10007fac        0x4 CMakeFiles/mainCLAT.dir/Users/mdalaminashik/pico-zero/pico-sdk/src/rp2_common/pico_standard_binary_info/standard_binary_info.c.o
 .binary_info.keep.__bi_ptr48
                0x10007fb0        0x4 CMakeFiles/mainCLAT.dir/Users/mdalaminashik/pico-zero/pico-sdk/src/rp2_common/pico_standard_binary_info/standard_binary_info.c.o
 .binary_info.keep.__bi_ptr42
                0x10007fb4        0x4 CMakeFiles/mainCLAT.dir/Users/mdalaminashik/pico-zero/pico-sdk/src/rp2_common/pico_standard_binary_info/standard_binary_info.c.o
 .binary_info.keep.__bi_ptr34
                0x10007fb8        0x4 CMakeFiles/mainCLAT.dir/Users/mdalaminashik/pico-zero/pico-sdk/src/rp2_common/pico_standard_binary_info/standard_binary_info.c.o
 .binary_info.keep.__bi_ptr26
                0x10007fbc        0x4 CMakeFiles/mainCLAT.dir/Users/mdalaminashik/pico-zero/pico-sdk/src/rp2_common/pico_standard_binary_info/standard_binary_info.c.o
 *(.binary_info.*)
 .binary_info.__bi_ptr204
                0x10007fc0        0x4 CMakeFiles/mainCLAT.dir/Users/mdalaminashik/pico-zero/pico-sdk/src/rp2_common/pico_stdio_usb/stdio_usb.c.o
                0x10007fc4                        __binary_info_end = .
                0x10007fc4                        . = ALIGN (0x4)

.xip_ram        0x15000000        0x0 load address 0x10007fc4
                0x15000000                        __xip_ram_start__ = .
                0x15000000                        . = ALIGN (0x4)
 *(.xip_ram*)
                0x15000000                        . = ALIGN (0x4)
                0x15000000                        __xip_ram_end__ = .
                0x10007fc4                        __xip_ram_source__ = LOADADDR (.xip_ram)

.ram_vector_table
                0x20000000       0xc0
 *(.ram_vector_table)
 .ram_vector_table
                0x20000000       0xc0 CMakeFiles/mainCLAT.dir/Users/mdalaminashik/pico-zero/pico-sdk/src/rp2_common/pico_runtime_init/runtime_init.c.o
                0x20000000                ram_vector_table

.uninitialized_data
                0x200000c0        0x0
                0x200000c0                        . = ALIGN (0x4)
 *(.uninitialized_data*)

.data           0x200000c0      0xf80 load address 0x10007fc4
                0x200000c0                        __data_start__ = .
 *(vtable)
 *(.time_critical*)
 .time_critical.mutex_try_enter
                0x200000c0       0x40 CMakeFiles/mainCLAT.dir/Users/mdalaminashik/pico-zero/pico-sdk/src/common/pico_sync/mutex.c.o
                0x200000c0                mutex_try_enter
 .time_critical.mutex_enter_block_until
                0x20000100       0x64 CMakeFiles/mainCLAT.dir/Users/mdalaminashik/pico-zero/pico-sdk/src/common/pico_sync/mutex.c.o
                0x20000100                mutex_enter_block_until
 .time_critical.mutex_try_enter_block_until
                0x20000164       0x34 CMakeFiles/mainCLAT.dir/Users/mdalaminashik/pico-zero/pico-sdk/src/common/pico_sync/mutex.c.o
                0x20000164                mutex_try_enter_block_until
 .time_critical.mutex_enter_timeout_ms
                0x20000198       0x3c CMakeFiles/mainCLAT.dir/Users/mdalaminashik/pico-zero/pico-sdk/src/common/pico_sync/mutex.c.o
                0x20000198                mutex_enter_timeout_ms
 .time_critical.mutex_exit
                0x200001d4       0x28 CMakeFiles/mainCLAT.dir/Users/mdalaminashik/pico-zero/pico-sdk/src/common/pico_sync/mutex.c.o
                0x200001d4                mutex_exit
 .time_critical.flash_init_boot2_copyout
                0x200001fc       0x30 CMakeFiles/mainCLAT.dir/Users/mdalaminashik/pico-zero/pico-sdk/src/rp2_common/hardware_flash/flash.c.o
 .time_critical.flash_enable_xip_via_boot2
                0x2000022c        0xc CMakeFiles/mainCLAT.dir/Users/mdalaminashik/pico-zero/pico-sdk/src/rp2_common/hardware_flash/flash.c.o
 .time_critical.flash_save_hardware_state
                0x20000238       0x28 CMakeFiles/mainCLAT.dir/Users/mdalaminashik/pico-zero/pico-sdk/src/rp2_common/hardware_flash/flash.c.o
 .time_critical.flash_restore_hardware_state
                0x20000260       0x28 CMakeFiles/mainCLAT.dir/Users/mdalaminashik/pico-zero/pico-sdk/src/rp2_common/hardware_flash/flash.c.o
 .time_critical.flash_do_cmd_cs
                0x20000288      0x148 CMakeFiles/mainCLAT.dir/Users/mdalaminashik/pico-zero/pico-sdk/src/rp2_common/hardware_flash/flash.c.o
                0x20000288                flash_do_cmd_cs
 .time_critical.reset_non_control_endpoints
                0x200003d0       0x68 CMakeFiles/mainCLAT.dir/Users/mdalaminashik/pico-zero/pico-sdk/lib/tinyusb/src/portable/raspberrypi/rp2040/dcd_rp2040.c.o
 .time_critical.hw_handle_buff_status
                0x20000438       0x88 CMakeFiles/mainCLAT.dir/Users/mdalaminashik/pico-zero/pico-sdk/lib/tinyusb/src/portable/raspberrypi/rp2040/dcd_rp2040.c.o
 .time_critical.dcd_rp2040_irq
                0x200004c0      0x53c CMakeFiles/mainCLAT.dir/Users/mdalaminashik/pico-zero/pico-sdk/lib/tinyusb/src/portable/raspberrypi/rp2040/dcd_rp2040.c.o
 .time_critical.prepare_ep_buffer
                0x200009fc       0xc4 CMakeFiles/mainCLAT.dir/Users/mdalaminashik/pico-zero/pico-sdk/lib/tinyusb/src/portable/raspberrypi/rp2040/rp2040_usb.c.o
 .time_critical.sync_ep_buffer
                0x20000ac0       0xa0 CMakeFiles/mainCLAT.dir/Users/mdalaminashik/pico-zero/pico-sdk/lib/tinyusb/src/portable/raspberrypi/rp2040/rp2040_usb.c.o
 .time_critical._hw_endpoint_xfer_sync
                0x20000b60       0x28 CMakeFiles/mainCLAT.dir/Users/mdalaminashik/pico-zero/pico-sdk/lib/tinyusb/src/portable/raspberrypi/rp2040/rp2040_usb.c.o
 .time_critical.e15_is_bulkin_ep
                0x20000b88       0x28 CMakeFiles/mainCLAT.dir/Users/mdalaminashik/pico-zero/pico-sdk/lib/tinyusb/src/portable/raspberrypi/rp2040/rp2040_usb.c.o
 .time_critical.e15_is_critical_frame_period
                0x20000bb0       0x30 CMakeFiles/mainCLAT.dir/Users/mdalaminashik/pico-zero/pico-sdk/lib/tinyusb/src/portable/raspberrypi/rp2040/rp2040_usb.c.o
 .time_critical.hw_endpoint_reset_transfer
                0x20000be0        0xc CMakeFiles/mainCLAT.dir/Users/mdalaminashik/pico-zero/pico-sdk/lib/tinyusb/src/portable/raspberrypi/rp2040/rp2040_usb.c.o
                0x20000be0                hw_endpoint_reset_transfer
 .time_critical._hw_endpoint_buffer_control_update32
                0x20000bec       0x50 CMakeFiles/mainCLAT.dir/Users/mdalaminashik/pico-zero/pico-sdk/lib/tinyusb/src/portable/raspberrypi/rp2040/rp2040_usb.c.o
                0x20000bec                _hw_endpoint_buffer_control_update32
 .time_critical.hw_endpoint_start_next_buffer
                0x20000c3c       0x68 CMakeFiles/mainCLAT.dir/Users/mdalaminashik/pico-zero/pico-sdk/lib/tinyusb/src/portable/raspberrypi/rp2040/rp2040_usb.c.o
                0x20000c3c                hw_endpoint_start_next_buffer
 .time_critical.hw_endpoint_xfer_continue
                0x20000ca4       0x40 CMakeFiles/mainCLAT.dir/Users/mdalaminashik/pico-zero/pico-sdk/lib/tinyusb/src/portable/raspberrypi/rp2040/rp2040_usb.c.o
                0x20000ca4                hw_endpoint_xfer_continue
 .time_critical.tinyusb
                0x20000ce4      0x1d4 CMakeFiles/mainCLAT.dir/Users/mdalaminashik/pico-zero/pico-sdk/lib/tinyusb/src/device/usbd.c.o
                0x20000ce4                dcd_event_handler
 *(.text*)
 .text          0x20000eb8        0x4 /Applications/ArmGNUToolchain/15.2.rel1/arm-none-eabi/bin/../lib/gcc/arm-none-eabi/15.2.1/thumb/v6-m/nofp/libgcc.a(_dvmd_tls.o)
                0x20000eb8                __aeabi_ldiv0
                0x20000eb8                __aeabi_idiv0
 *fill*         0x20000ebc        0x4 
 .text.__stub   0x20000ec0       0x80 linker stubs
                0x20000f40                        . = ALIGN (0x4)
 *(.rodata*)
                0x20000f40                        . = ALIGN (0x4)
                [!provide]                        PROVIDE (__emutls_array_start = .)
 *(.*.__emutls_v.*)
                [!provide]                        PROVIDE (__emutls_array_end = .)
                0x20000f40                        . = ALIGN (0x4)
 *(.data*)
 .data.PAGE_SWITCH_INTERVAL_MS
                0x20000f40        0x4 CMakeFiles/mainCLAT.dir/mainCLAT.c.o
                0x20000f40                PAGE_SWITCH_INTERVAL_MS
 .data.striped_spin_lock_num
                0x20000f44        0x1 CMakeFiles/mainCLAT.dir/Users/mdalaminashik/pico-zero/pico-sdk/src/rp2_common/hardware_sync/sync.c.o
 *fill*         0x20000f45        0x3 
 .data          0x20000f48       0x60 CMakeFiles/mainCLAT.dir/Users/mdalaminashik/pico-zero/pico-sdk/src/rp2_common/hardware_irq/irq_handler_chain.S.o
                0x20000f48                irq_handler_chain_slots
                0x20000f90                irq_handler_chain_first_slot
                0x20000f9a                irq_handler_chain_remove_tail
 *fill*         0x20000fa8        0x0 
 .data.last_added.0
                0x20000fa8        0x8 CMakeFiles/mainCLAT.dir/Users/mdalaminashik/pico-zero/pico-sdk/src/common/pico_time/time.c.o
 .data.default_alarm_pool
                0x20000fb0       0x18 CMakeFiles/mainCLAT.dir/Users/mdalaminashik/pico-zero/pico-sdk/src/common/pico_time/time.c.o
 *fill*         0x20000fc8        0x8 
 .data.aeabi_bits_funcs
                0x20000fd0       0x10 CMakeFiles/mainCLAT.dir/Users/mdalaminashik/pico-zero/pico-sdk/src/rp2_common/pico_bit_ops/bit_ops_aeabi.S.o
                0x20000fd0                aeabi_bits_funcs
                0x20000fe0                aeabi_bits_funcs_end
 .data.aeabi_mem_funcs
                0x20000fe0       0x10 CMakeFiles/mainCLAT.dir/Users/mdalaminashik/pico-zero/pico-sdk/src/rp2_common/pico_mem_ops/mem_ops_aeabi.S.o
                0x20000fe0                aeabi_mem_funcs
                0x20000ff0                aeabi_mem_funcs_end
 .data.stdio_usb
                0x20000ff0       0x18 CMakeFiles/mainCLAT.dir/Users/mdalaminashik/pico-zero/pico-sdk/src/rp2_common/pico_stdio_usb/stdio_usb.c.o
                0x20000ff0                stdio_usb
 .data._usbd_qdef
                0x20001008       0x1c CMakeFiles/mainCLAT.dir/Users/mdalaminashik/pico-zero/pico-sdk/lib/tinyusb/src/device/usbd.c.o
                0x20001008                _usbd_qdef
 .data._usbd_rhport
                0x20001024        0x1 CMakeFiles/mainCLAT.dir/Users/mdalaminashik/pico-zero/pico-sdk/lib/tinyusb/src/device/usbd.c.o
 *fill*         0x20001025        0x3 
 .data.i2c1_inst
                0x20001028        0x8 CMakeFiles/mainCLAT.dir/Users/mdalaminashik/pico-zero/pico-sdk/src/rp2_common/hardware_i2c/i2c.c.o
                0x20001028                i2c1_inst
 .data.i2c0_inst
                0x20001030        0x8 CMakeFiles/mainCLAT.dir/Users/mdalaminashik/pico-zero/pico-sdk/src/rp2_common/hardware_i2c/i2c.c.o
                0x20001030                i2c0_inst
 *(.sdata*)
                0x20001038                        . = ALIGN (0x4)
 *(.after_data.*)
                0x20001038                        . = ALIGN (0x4)
                0x20001038                        PROVIDE (__mutex_array_start = .)