Archive member included to satisfy reference by file (symbol)

/Applications/ArmGNUToolchain/15.2.rel1/arm-none-eabi/bin/../lib/gcc/arm-none-eabi/15.2.1/thumb/v6-m/nofp/libgcc.a(_dvmd_tls.o)
                              CMakeFiles/i2c-display-on-rp2040.dir/Users/mdalaminashik/pico-zero/pico-sdk/src/rp2_common/pico_divider/divider_hardware.S.o (__aeabi_idiv0)
/Applications/ArmGNUToolchain/15.2.rel1/arm-none-eabi/bin/../lib/gcc/arm-none-eabi/15.2.1/../../../../arm-none-eabi/lib/thumb/v6-m/nofp/libg.a(libc_a-calloc.o)
                              CMakeFiles/i2c-display-on-rp2040.dir/Users/mdalaminashik/pico-zero/pico-sdk/src/rp2_common/pico_malloc/malloc.c.o (calloc)
/Applications/ArmGNUToolchain/15.2.rel1/arm-none-eabi/bin/../lib/gcc/arm-none-eabi/15.2.1/../../../../arm-none-eabi/lib/thumb/v6-m/nofp/libg.a(libc_a-callocr.o)
                              /Applications/ArmGNUToolchain/15.2.rel1/arm-none-eabi/bin/../lib/gcc/arm-none-eabi/15.2.1/../../../../arm-none-eabi/lib/thumb/v6-m/nofp/libg.a(libc_a-calloc.o) (_calloc_r)
/Applications/ArmGNUToolchain/15.2.rel1/arm-none-eabi/bin/../lib/gcc/arm-none-eabi/15.2.1/../../../../arm-none-eabi/lib/thumb/v6-m/nofp/libg.a(libc_a-malloc.o)
                              CMakeFiles/i2c-display-on-rp2040.dir/Users/mdalaminashik/pico-zero/pico-sdk/src/rp2_common/pico_malloc/malloc.c.o (malloc)
/Applications/ArmGNUToolchain/15.2.rel1/arm-none-eabi/bin/../lib/gcc/arm-none-eabi/15.2.1/../../../../arm-none-eabi/lib/thumb/v6-m/nofp/libg.a(libc_a-mallocr.o)
                              /Applications/ArmGNUToolchain/15.2.rel1/arm-none-eabi/bin/../lib/gcc/arm-none-eabi/15.2.1/../../../../arm-none-eabi/lib/thumb/v6-m/nofp/libg.a(libc_a-callocr.o) (_malloc_r)
/Applications/ArmGNUToolchain/15.2.rel1/arm-none-eabi/bin/../lib/gcc/arm-none-eabi/15.2.1/../../../../arm-none-eabi/lib/thumb/v6-m/nofp/libg.a(libc_a-mlock.o)
                              /Applications/ArmGNUToolchain/15.2.rel1/arm-none-eabi/bin/../lib/gcc/arm-none-eabi/15.2.1/../../../../arm-none-eabi/lib/thumb/v6-m/nofp/libg.a(libc_a-mallocr.o) (__malloc_lock)
/Applications/ArmGNUToolchain/15.2.rel1/arm-none-eabi/bin/../lib/gcc/arm-none-eabi/15.2.1/../../../../arm-none-eabi/lib/thumb/v6-m/nofp/libg.a(libc_a-realloc.o)
                              CMakeFiles/i2c-display-on-rp2040.dir/Users/mdalaminashik/pico-zero/pico-sdk/src/rp2_common/pico_malloc/malloc.c.o (realloc)
/Applications/ArmGNUToolchain/15.2.rel1/arm-none-eabi/bin/../lib/gcc/arm-none-eabi/15.2.1/../../../../arm-none-eabi/lib/thumb/v6-m/nofp/libg.a(libc_a-reallocr.o)
                              /Applications/ArmGNUToolchain/15.2.rel1/arm-none-eabi/bin/../lib/gcc/arm-none-eabi/15.2.1/../../../../arm-none-eabi/lib/thumb/v6-m/nofp/libg.a(libc_a-realloc.o) (_realloc_r)
/Applications/ArmGNUToolchain/15.2.rel1/arm-none-eabi/bin/../lib/gcc/arm-none-eabi/15.2.1/../../../../arm-none-eabi/lib/thumb/v6-m/nofp/libg.a(libc_a-memcmp.o)
                              CMakeFiles/i2c-display-on-rp2040.dir/Users/mdalaminashik/pico-zero/pico-sdk/src/rp2_common/pico_atomic/atomic.c.o (memcmp)
/Applications/ArmGNUToolchain/15.2.rel1/arm-none-eabi/bin/../lib/gcc/arm-none-eabi/15.2.1/../../../../arm-none-eabi/lib/thumb/v6-m/nofp/libg.a(libc_a-memmove.o)
                              /Applications/ArmGNUToolchain/15.2.rel1/arm-none-eabi/bin/../lib/gcc/arm-none-eabi/15.2.1/../../../../arm-none-eabi/lib/thumb/v6-m/nofp/libg.a(libc_a-reallocr.o) (memmove)
/Applications/ArmGNUToolchain/15.2.rel1/arm-none-eabi/bin/../lib/gcc/arm-none-eabi/15.2.1/../../../../arm-none-eabi/lib/thumb/v6-m/nofp/libg.a(libc_a-lcltime_r.o)
                              CMakeFiles/i2c-display-on-rp2040.dir/Users/mdalaminashik/pico-zero/pico-sdk/src/common/pico_util/datetime.c.o (localtime_r)
/Applications/ArmGNUToolchain/15.2.rel1/arm-none-eabi/bin/../lib/gcc/arm-none-eabi/15.2.1/../../../../arm-none-eabi/lib/thumb/v6-m/nofp/libg.a(libc_a-mktime.o)
                              CMakeFiles/i2c-display-on-rp2040.dir/Users/mdalaminashik/pico-zero/pico-sdk/src/common/pico_util/datetime.c.o (mktime)
/Applications/ArmGNUToolchain/15.2.rel1/arm-none-eabi/bin/../lib/gcc/arm-none-eabi/15.2.1/../../../../arm-none-eabi/lib/thumb/v6-m/nofp/libg.a(libc_a-month_lengths.o)
                              /Applications/ArmGNUToolchain/15.2.rel1/arm-none-eabi/bin/../lib/gcc/arm-none-eabi/15.2.1/../../../../arm-none-eabi/lib/thumb/v6-m/nofp/libg.a(libc_a-lcltime_r.o) (__month_lengths)
/Applications/ArmGNUToolchain/15.2.rel1/arm-none-eabi/bin/../lib/gcc/arm-none-eabi/15.2.1/../../../../arm-none-eabi/lib/thumb/v6-m/nofp/libg.a(libc_a-tzcalc_limits.o)
                              /Applications/ArmGNUToolchain/15.2.rel1/arm-none-eabi/bin/../lib/gcc/arm-none-eabi/15.2.1/../../../../arm-none-eabi/lib/thumb/v6-m/nofp/libg.a(libc_a-lcltime_r.o) (__tzcalc_limits)
/Applications/ArmGNUToolchain/15.2.rel1/arm-none-eabi/bin/../lib/gcc/arm-none-eabi/15.2.1/../../../../arm-none-eabi/lib/thumb/v6-m/nofp/libg.a(libc_a-tzlock.o)
[...]
Memory Configuration

Name             Origin             Length             Attributes
FLASH            0x10000000         0x00200000         xr
XIP_RAM          0x15000000         0x00004000         xrw
RAM              0x20000000         0x00040000         xrw
SCRATCH_X        0x20040000         0x00001000         xrw
SCRATCH_Y        0x20041000         0x00001000         xrw
*default*        0x00000000         0xffffffff

Linker script and memory map

                0x20000000                        RAM_ORIGIN_DEFAULT = 0x20000000
                0x00040000                        RAM_LENGTH_DEFAULT = 0x40000
                0x20040000                        SCRATCH_X_ORIGIN_DEFAULT = 0x20040000
                0x00001000                        SCRATCH_X_LENGTH_DEFAULT = 0x1000
                0x20041000                        SCRATCH_Y_ORIGIN_DEFAULT = 0x20041000
                0x00001000                        SCRATCH_Y_LENGTH_DEFAULT = 0x1000
                0x15000000                        XIP_RAM_ORIGIN_DEFAULT = 0x15000000
                0x00004000                        XIP_RAM_LENGTH_DEFAULT = 0x4000
LOAD CMakeFiles/i2c-display-on-rp2040.dir/main.c.o
LOAD CMakeFiles/i2c-display-on-rp2040.dir/ssd1306.c.o
LOAD CMakeFiles/i2c-display-on-rp2040.dir/Users/mdalaminashik/pico-zero/pico-sdk/src/rp2_common/pico_stdlib/stdlib.c.o
LOAD CMakeFiles/i2c-display-on-rp2040.dir/Users/mdalaminashik/pico-zero/pico-sdk/src/rp2_common/hardware_gpio/gpio.c.o
LOAD CMakeFiles/i2c-display-on-rp2040.dir/Users/mdalaminashik/pico-zero/pico-sdk/src/rp2040/pico_platform/platform.c.o
LOAD CMakeFiles/i2c-display-on-rp2040.dir/Users/mdalaminashik/pico-zero/pico-sdk/src/rp2_common/pico_platform_common/common.c.o
LOAD CMakeFiles/i2c-display-on-rp2040.dir/Users/mdalaminashik/pico-zero/pico-sdk/src/rp2_common/pico_platform_panic/panic.c.o
LOAD CMakeFiles/i2c-display-on-rp2040.dir/Users/mdalaminashik/pico-zero/pico-sdk/src/rp2_common/pico_platform_panic/custom_panic_function.S.o
LOAD CMakeFiles/i2c-display-on-rp2040.dir/Users/mdalaminashik/pico-zero/pico-sdk/src/common/hardware_claim/claim.c.o
LOAD CMakeFiles/i2c-display-on-rp2040.dir/Users/mdalaminashik/pico-zero/pico-sdk/src/rp2_common/hardware_sync/sync.c.o
LOAD CMakeFiles/i2c-display-on-rp2040.dir/Users/mdalaminashik/pico-zero/pico-sdk/src/rp2_common/hardware_sync_spin_lock/sync_spin_lock.c.o
LOAD CMakeFiles/i2c-display-on-rp2040.dir/Users/mdalaminashik/pico-zero/pico-sdk/src/rp2_common/hardware_irq/irq.c.o
LOAD CMakeFiles/i2c-display-on-rp2040.dir/Users/mdalaminashik/pico-zero/pico-sdk/src/rp2_common/hardware_irq/irq_handler_chain.S.o
LOAD CMakeFiles/i2c-display-on-rp2040.dir/Users/mdalaminashik/pico-zero/pico-sdk/src/common/pico_sync/sem.c.o
LOAD CMakeFiles/i2c-display-on-rp2040.dir/Users/mdalaminashik/pico-zero/pico-sdk/src/common/pico_sync/lock_core.c.o
LOAD CMakeFiles/i2c-display-on-rp2040.dir/Users/mdalaminashik/pico-zero/pico-sdk/src/common/pico_sync/mutex.c.o
LOAD CMakeFiles/i2c-display-on-rp2040.dir/Users/mdalaminashik/pico-zero/pico-sdk/src/common/pico_sync/critical_section.c.o
LOAD CMakeFiles/i2c-display-on-rp2040.dir/Users/mdalaminashik/pico-zero/pico-sdk/src/common/pico_time/time.c.o
LOAD CMakeFiles/i2c-display-on-rp2040.dir/Users/mdalaminashik/pico-zero/pico-sdk/src/common/pico_time/timeout_helper.c.o
LOAD CMakeFiles/i2c-display-on-rp2040.dir/Users/mdalaminashik/pico-zero/pico-sdk/src/rp2_common/hardware_timer/timer.c.o
LOAD CMakeFiles/i2c-display-on-rp2040.dir/Users/mdalaminashik/pico-zero/pico-sdk/src/common/pico_util/datetime.c.o
LOAD CMakeFiles/i2c-display-on-rp2040.dir/Users/mdalaminashik/pico-zero/pico-sdk/src/common/pico_util/fixed_bitset.c.o
LOAD CMakeFiles/i2c-display-on-rp2040.dir/Users/mdalaminashik/pico-zero/pico-sdk/src/common/pico_util/pheap.c.o
LOAD CMakeFiles/i2c-display-on-rp2040.dir/Users/mdalaminashik/pico-zero/pico-sdk/src/common/pico_util/queue.c.o
LOAD CMakeFiles/i2c-display-on-rp2040.dir/Users/mdalaminashik/pico-zero/pico-sdk/src/rp2_common/hardware_uart/uart.c.o
LOAD CMakeFiles/i2c-display-on-rp2040.dir/Users/mdalaminashik/pico-zero/pico-sdk/src/rp2_common/hardware_clocks/clocks.c.o
LOAD CMakeFiles/i2c-display-on-rp2040.dir/Users/mdalaminashik/pico-zero/pico-sdk/src/rp2_common/hardware_pll/pll.c.o
LOAD CMakeFiles/i2c-display-on-rp2040.dir/Users/mdalaminashik/pico-zero/pico-sdk/src/rp2_common/hardware_vreg/vreg.c.o
LOAD CMakeFiles/i2c-display-on-rp2040.dir/Users/mdalaminashik/pico-zero/pico-sdk/src/rp2_common/hardware_watchdog/watchdog.c.o
LOAD CMakeFiles/i2c-display-on-rp2040.dir/Users/mdalaminashik/pico-zero/pico-sdk/src/rp2_common/hardware_ticks/ticks.c.o
LOAD CMakeFiles/i2c-display-on-rp2040.dir/Users/mdalaminashik/pico-zero/pico-sdk/src/rp2_common/pico_bootrom/bootrom.c.o
LOAD CMakeFiles/i2c-display-on-rp2040.dir/Users/mdalaminashik/pico-zero/pico-sdk/src/rp2_common/pico_bootrom/bootrom_lock.c.o
LOAD CMakeFiles/i2c-display-on-rp2040.dir/Users/mdalaminashik/pico-zero/pico-sdk/src/rp2_common/hardware_boot_lock/boot_lock.c.o
LOAD CMakeFiles/i2c-display-on-rp2040.dir/Users/mdalaminashik/pico-zero/pico-sdk/src/rp2_common/pico_flash/flash.c.o
LOAD CMakeFiles/i2c-display-on-rp2040.dir/Users/mdalaminashik/pico-zero/pico-sdk/src/rp2_common/hardware_xosc/xosc.c.o
LOAD CMakeFiles/i2c-display-on-rp2040.dir/Users/mdalaminashik/pico-zero/pico-sdk/src/rp2_common/hardware_divider/divider.S.o
LOAD CMakeFiles/i2c-display-on-rp2040.dir/Users/mdalaminashik/pico-zero/pico-sdk/src/rp2_common/pico_runtime/runtime.c.o
LOAD CMakeFiles/i2c-display-on-rp2040.dir/Users/mdalaminashik/pico-zero/pico-sdk/src/rp2_common/pico_runtime_init/runtime_init.c.o
LOAD CMakeFiles/i2c-display-on-rp2040.dir/Users/mdalaminashik/pico-zero/pico-sdk/src/rp2_common/pico_runtime_init/runtime_init_clocks.c.o
LOAD CMakeFiles/i2c-display-on-rp2040.dir/Users/mdalaminashik/pico-zero/pico-sdk/src/rp2_common/pico_runtime_init/runtime_init_stack_guard.c.o
LOAD CMakeFiles/i2c-display-on-rp2040.dir/Users/mdalaminashik/pico-zero/pico-sdk/src/rp2_common/hardware_rtc/rtc.c.o
LOAD CMakeFiles/i2c-display-on-rp2040.dir/Users/mdalaminashik/pico-zero/pico-sdk/src/rp2_common/pico_bit_ops/bit_ops_aeabi.S.o
LOAD CMakeFiles/i2c-display-on-rp2040.dir/Users/mdalaminashik/pico-zero/pico-sdk/src/rp2_common/pico_divider/divider_hardware.S.o
LOAD CMakeFiles/i2c-display-on-rp2040.dir/Users/mdalaminashik/pico-zero/pico-sdk/src/rp2_common/pico_double/double_aeabi_rp2040.S.o
LOAD CMakeFiles/i2c-display-on-rp2040.dir/Users/mdalaminashik/pico-zero/pico-sdk/src/rp2_common/pico_double/double_init_rom_rp2040.c.o
LOAD CMakeFiles/i2c-display-on-rp2040.dir/Users/mdalaminashik/pico-zero/pico-sdk/src/rp2_common/pico_double/double_math.c.o
LOAD CMakeFiles/i2c-display-on-rp2040.dir/Users/mdalaminashik/pico-zero/pico-sdk/src/rp2_common/pico_double/double_v1_rom_shim_rp2040.S.o
LOAD CMakeFiles/i2c-display-on-rp2040.dir/Users/mdalaminashik/pico-zero/pico-sdk/src/rp2_common/pico_int64_ops/pico_int64_ops_aeabi.S.o
LOAD CMakeFiles/i2c-display-on-rp2040.dir/Users/mdalaminashik/pico-zero/pico-sdk/src/rp2_common/pico_float/float_aeabi_rp2040.S.o
LOAD CMakeFiles/i2c-display-on-rp2040.dir/Users/mdalaminashik/pico-zero/pico-sdk/src/rp2_common/pico_float/float_init_rom_rp2040.c.o
LOAD CMakeFiles/i2c-display-on-rp2040.dir/Users/mdalaminashik/pico-zero/pico-sdk/src/rp2_common/pico_float/float_math.c.o
LOAD CMakeFiles/i2c-display-on-rp2040.dir/Users/mdalaminashik/pico-zero/pico-sdk/src/rp2_common/pico_float/float_v1_rom_shim_rp2040.S.o
LOAD CMakeFiles/i2c-display-on-rp2040.dir/Users/mdalaminashik/pico-zero/pico-sdk/src/rp2_common/pico_malloc/malloc.c.o
LOAD CMakeFiles/i2c-display-on-rp2040.dir/Users/mdalaminashik/pico-zero/pico-sdk/src/rp2_common/pico_mem_ops/mem_ops_aeabi.S.o
LOAD CMakeFiles/i2c-display-on-rp2040.dir/Users/mdalaminashik/pico-zero/pico-sdk/src/rp2_common/pico_atomic/atomic.c.o
LOAD CMakeFiles/i2c-display-on-rp2040.dir/Users/mdalaminashik/pico-zero/pico-sdk/src/rp2_common/pico_cxx_options/new_delete.cpp.o
LOAD CMakeFiles/i2c-display-on-rp2040.dir/Users/mdalaminashik/pico-zero/pico-sdk/src/rp2_common/pico_standard_binary_info/standard_binary_info.c.o
LOAD CMakeFiles/i2c-display-on-rp2040.dir/Users/mdalaminashik/pico-zero/pico-sdk/src/rp2_common/pico_printf/printf.c.o
LOAD CMakeFiles/i2c-display-on-rp2040.dir/Users/mdalaminashik/pico-zero/pico-sdk/src/rp2_common/pico_crt0/crt0.S.o
LOAD CMakeFiles/i2c-display-on-rp2040.dir/Users/mdalaminashik/pico-zero/pico-sdk/src/rp2_common/pico_clib_interface/newlib_interface.c.o
LOAD CMakeFiles/i2c-display-on-rp2040.dir/Users/mdalaminashik/pico-zero/pico-sdk/src/rp2_common/pico_clib_interface/cxa_guard.c.o
LOAD CMakeFiles/i2c-display-on-rp2040.dir/Users/mdalaminashik/pico-zero/pico-sdk/src/rp2_common/pico_stdio/stdio.c.o
LOAD CMakeFiles/i2c-display-on-rp2040.dir/Users/mdalaminashik/pico-zero/pico-sdk/src/rp2_common/pico_stdio_uart/stdio_uart.c.o
LOAD CMakeFiles/i2c-display-on-rp2040.dir/Users/mdalaminashik/pico-zero/pico-sdk/src/rp2_common/pico_stdio_usb/stdio_usb.c.o
LOAD CMakeFiles/i2c-display-on-rp2040.dir/Users/mdalaminashik/pico-zero/pico-sdk/src/rp2_common/pico_stdio_usb/stdio_usb_descriptors.c.o
LOAD CMakeFiles/i2c-display-on-rp2040.dir/Users/mdalaminashik/pico-zero/pico-sdk/src/rp2_common/pico_unique_id/unique_id.c.o
LOAD CMakeFiles/i2c-display-on-rp2040.dir/Users/mdalaminashik/pico-zero/pico-sdk/src/rp2_common/hardware_flash/flash.c.o
LOAD CMakeFiles/i2c-display-on-rp2040.dir/Users/mdalaminashik/pico-zero/pico-sdk/src/rp2_common/hardware_xip_cache/xip_cache.c.o
LOAD CMakeFiles/i2c-display-on-rp2040.dir/Users/mdalaminashik/pico-zero/pico-sdk/src/rp2_common/pico_usb_reset/usb_reset.c.o
LOAD CMakeFiles/i2c-display-on-rp2040.dir/Users/mdalaminashik/pico-zero/pico-sdk/lib/tinyusb/src/portable/raspberrypi/rp2040/dcd_rp2040.c.o
LOAD CMakeFiles/i2c-display-on-rp2040.dir/Users/mdalaminashik/pico-zero/pico-sdk/lib/tinyusb/src/portable/raspberrypi/rp2040/rp2040_usb.c.o
LOAD CMakeFiles/i2c-display-on-rp2040.dir/Users/mdalaminashik/pico-zero/pico-sdk/lib/tinyusb/src/device/usbd.c.o
LOAD CMakeFiles/i2c-display-on-rp2040.dir/Users/mdalaminashik/pico-zero/pico-sdk/lib/tinyusb/src/device/usbd_control.c.o
LOAD CMakeFiles/i2c-display-on-rp2040.dir/Users/mdalaminashik/pico-zero/pico-sdk/lib/tinyusb/src/class/audio/audio_device.c.o
LOAD CMakeFiles/i2c-display-on-rp2040.dir/Users/mdalaminashik/pico-zero/pico-sdk/lib/tinyusb/src/class/cdc/cdc_device.c.o
LOAD CMakeFiles/i2c-display-on-rp2040.dir/Users/mdalaminashik/pico-zero/pico-sdk/lib/tinyusb/src/class/dfu/dfu_device.c.o
LOAD CMakeFiles/i2c-display-on-rp2040.dir/Users/mdalaminashik/pico-zero/pico-sdk/lib/tinyusb/src/class/dfu/dfu_rt_device.c.o
LOAD CMakeFiles/i2c-display-on-rp2040.dir/Users/mdalaminashik/pico-zero/pico-sdk/lib/tinyusb/src/class/hid/hid_device.c.o
LOAD CMakeFiles/i2c-display-on-rp2040.dir/Users/mdalaminashik/pico-zero/pico-sdk/lib/tinyusb/src/class/midi/midi_device.c.o
LOAD CMakeFiles/i2c-display-on-rp2040.dir/Users/mdalaminashik/pico-zero/pico-sdk/lib/tinyusb/src/class/msc/msc_device.c.o
LOAD CMakeFiles/i2c-display-on-rp2040.dir/Users/mdalaminashik/pico-zero/pico-sdk/lib/tinyusb/src/class/net/ecm_rndis_device.c.o
LOAD CMakeFiles/i2c-display-on-rp2040.dir/Users/mdalaminashik/pico-zero/pico-sdk/lib/tinyusb/src/class/net/ncm_device.c.o
LOAD CMakeFiles/i2c-display-on-rp2040.dir/Users/mdalaminashik/pico-zero/pico-sdk/lib/tinyusb/src/class/usbtmc/usbtmc_device.c.o
LOAD CMakeFiles/i2c-display-on-rp2040.dir/Users/mdalaminashik/pico-zero/pico-sdk/lib/tinyusb/src/class/vendor/vendor_device.c.o
LOAD CMakeFiles/i2c-display-on-rp2040.dir/Users/mdalaminashik/pico-zero/pico-sdk/lib/tinyusb/src/class/video/video_device.c.o
LOAD CMakeFiles/i2c-display-on-rp2040.dir/Users/mdalaminashik/pico-zero/pico-sdk/lib/tinyusb/src/tusb.c.o
LOAD CMakeFiles/i2c-display-on-rp2040.dir/Users/mdalaminashik/pico-zero/pico-sdk/lib/tinyusb/src/common/tusb_fifo.c.o
LOAD CMakeFiles/i2c-display-on-rp2040.dir/Users/mdalaminashik/pico-zero/pico-sdk/src/rp2_common/pico_fix/rp2040_usb_device_enumeration/rp2040_usb_device_enumeration.c.o
LOAD CMakeFiles/i2c-display-on-rp2040.dir/Users/mdalaminashik/pico-zero/pico-sdk/src/rp2_common/pico_thread_local/thread_local.c.o
LOAD CMakeFiles/i2c-display-on-rp2040.dir/Users/mdalaminashik/pico-zero/pico-sdk/src/rp2_common/hardware_i2c/i2c.c.o
LOAD pico-sdk/src/rp2040/boot_stage2/CMakeFiles/bs2_default_library.dir/./bs2_default_padded_checksummed.S.o
LOAD /Applications/ArmGNUToolchain/15.2.rel1/arm-none-eabi/bin/../lib/gcc/arm-none-eabi/15.2.1/../../../../arm-none-eabi/lib/thumb/v6-m/nofp/libstdc++.a
LOAD /Applications/ArmGNUToolchain/15.2.rel1/arm-none-eabi/bin/../lib/gcc/arm-none-eabi/15.2.1/../../../../arm-none-eabi/lib/thumb/v6-m/nofp/libm.a
START GROUP
LOAD /Applications/ArmGNUToolchain/15.2.rel1/arm-none-eabi/bin/../lib/gcc/arm-none-eabi/15.2.1/thumb/v6-m/nofp/libgcc.a
LOAD /Applications/ArmGNUToolchain/15.2.rel1/arm-none-eabi/bin/../lib/gcc/arm-none-eabi/15.2.1/../../../../arm-none-eabi/lib/thumb/v6-m/nofp/libg.a
LOAD /Applications/ArmGNUToolchain/15.2.rel1/arm-none-eabi/bin/../lib/gcc/arm-none-eabi/15.2.1/../../../../arm-none-eabi/lib/thumb/v6-m/nofp/libc.a
END GROUP
                0x20000000                        PROVIDE (RAM_ORIGIN = RAM_ORIGIN_DEFAULT)
                0x00040000                        PROVIDE (RAM_LENGTH = RAM_LENGTH_DEFAULT)
                0x20040000                        PROVIDE (SCRATCH_X_ORIGIN = SCRATCH_X_ORIGIN_DEFAULT)
                0x00001000                        PROVIDE (SCRATCH_X_LENGTH = SCRATCH_X_LENGTH_DEFAULT)
                0x20041000                        PROVIDE (SCRATCH_Y_ORIGIN = SCRATCH_Y_ORIGIN_DEFAULT)
                0x00001000                        PROVIDE (SCRATCH_Y_LENGTH = SCRATCH_Y_LENGTH_DEFAULT)
                0x15000000                        PROVIDE (XIP_RAM_ORIGIN = XIP_RAM_ORIGIN_DEFAULT)
                0x00004000                        PROVIDE (XIP_RAM_LENGTH = XIP_RAM_LENGTH_DEFAULT)
                0x20000000                        RAM_ORIGIN = DEFINED (RAM_ORIGIN)?RAM_ORIGIN:RAM_ORIGIN_DEFAULT
                0x00040000                        RAM_LENGTH = DEFINED (RAM_LENGTH)?RAM_LENGTH:RAM_LENGTH_DEFAULT
                0x20040000                        SCRATCH_X_ORIGIN = DEFINED (SCRATCH_X_ORIGIN)?SCRATCH_X_ORIGIN:SCRATCH_X_ORIGIN_DEFAULT
                0x00001000                        SCRATCH_X_LENGTH = DEFINED (SCRATCH_X_LENGTH)?SCRATCH_X_LENGTH:SCRATCH_X_LENGTH_DEFAULT
                0x20041000                        SCRATCH_Y_ORIGIN = DEFINED (SCRATCH_Y_ORIGIN)?SCRATCH_Y_ORIGIN:SCRATCH_Y_ORIGIN_DEFAULT
                0x00001000                        SCRATCH_Y_LENGTH = DEFINED (SCRATCH_Y_LENGTH)?SCRATCH_Y_LENGTH:SCRATCH_Y_LENGTH_DEFAULT
                0x15000000                        XIP_RAM_ORIGIN = DEFINED (XIP_RAM_ORIGIN)?XIP_RAM_ORIGIN:XIP_RAM_ORIGIN_DEFAULT
                0x00004000                        XIP_RAM_LENGTH = DEFINED (XIP_RAM_LENGTH)?XIP_RAM_LENGTH:XIP_RAM_LENGTH_DEFAULT

.flash_begin    0x10000000        0x0
                0x10000000                        __flash_binary_start = .

.boot2          0x10000000      0x100
                0x10000000                        __boot2_start__ = .
 *(.boot2)
 .boot2         0x10000000      0x100 pico-sdk/src/rp2040/boot_stage2/CMakeFiles/bs2_default_library.dir/./bs2_default_padded_checksummed.S.o
                0x10000100                        __boot2_end__ = .
                0x00000001                        ASSERT (((__boot2_end__ - __boot2_start__) == 0x100), ERROR: Pico second stage bootloader must be exactly 256 bytes in size for RP2040)

.text           0x10000100     0x4930
                0x10000100                        __logical_binary_start = .
 *(.vectors)
 .vectors       0x10000100       0xd4 CMakeFiles/i2c-display-on-rp2040.dir/Users/mdalaminashik/pico-zero/pico-sdk/src/rp2_common/pico_crt0/crt0.S.o
                0x10000100                __VECTOR_TABLE
                0x10000100                __vectors
                0x100001c0                isr_irq13
                0x100001c0                isr_irq27
                0x100001c0                isr_irq31
                0x100001c0                isr_irq5
                0x100001c0                isr_irq11
                0x100001c0                isr_irq23
                0x100001c0                isr_irq18
                0x100001c0                isr_irq9
                0x100001c0                __unhandled_user_irq
                0x100001c0                isr_irq25
                0x100001c0                isr_irq4
                0x100001c0                isr_irq16
                0x100001c0                isr_irq29
                0x100001c0                isr_irq26
                0x100001c0                isr_irq3
                0x100001c0                isr_irq12
                0x100001c0                isr_irq30
                0x100001c0                isr_irq28
                0x100001c0                isr_irq19
                0x100001c0                isr_irq0
                0x100001c0                isr_irq6
                0x100001c0                isr_irq22
                0x100001c0                isr_irq17
                0x100001c0                isr_irq14
                0x100001c0                __vectors_end
                0x100001c0                __default_isrs_start
                0x100001c0                isr_irq2
                0x100001c0                isr_irq10
                0x100001c0                isr_irq8
                0x100001c0                isr_irq24
                0x100001c0                isr_irq1
                0x100001c0                isr_irq7
                0x100001c0                isr_irq21
                0x100001c0                isr_irq20
                0x100001c0                isr_irq15
                0x100001c6                unhandled_user_irq_num_in_r0
                0x100001c8                isr_invalid
                0x100001ca                isr_nmi
                0x100001cc                isr_hardfault
                0x100001ce                isr_svcall
                0x100001d0                isr_pendsv
                0x100001d2                isr_systick
                0x100001d4                __default_isrs_end
 *(.binary_info_header)
 .binary_info_header
                0x100001d4       0x14 CMakeFiles/i2c-display-on-rp2040.dir/Users/mdalaminashik/pico-zero/pico-sdk/src/rp2_common/pico_crt0/crt0.S.o
                0x100001e8                        __binary_info_header_end = .
 *(.embedded_block)
                0x100001e8                        __embedded_block_end = .
 *(.reset)
 .reset         0x100001e8       0x98 CMakeFiles/i2c-display-on-rp2040.dir/Users/mdalaminashik/pico-zero/pico-sdk/src/rp2_common/pico_crt0/crt0.S.o
                0x100001e8                _entry_point
 *(.init)
 *libgcc.a:cmse_nonsecure_call.o()
 *(EXCLUDE_FILE(*libm.a: *lib*_a-mem*.o *libc.a: *libgcc.a:) .text*)
 .text.startup.main
                0x10000280       0x70 CMakeFiles/i2c-display-on-rp2040.dir/main.c.o
                0x10000280                main
 .text.ssd1306_clear
                0x100002f0       0x14 CMakeFiles/i2c-display-on-rp2040.dir/ssd1306.c.o
                0x100002f0                ssd1306_clear
 .text.ssd1306_draw_string
                0x10000304       0x8c CMakeFiles/i2c-display-on-rp2040.dir/ssd1306.c.o
                0x10000304                ssd1306_draw_string
 .text.ssd1306_display
                0x10000390       0xc4 CMakeFiles/i2c-display-on-rp2040.dir/ssd1306.c.o
                0x10000390                ssd1306_display
 .text.ssd1306_init
                0x10000454       0x6c CMakeFiles/i2c-display-on-rp2040.dir/ssd1306.c.o
                0x10000454                ssd1306_init
 .text.gpio_set_function
                0x100004c0       0x30 CMakeFiles/i2c-display-on-rp2040.dir/Users/mdalaminashik/pico-zero/pico-sdk/src/rp2_common/hardware_gpio/gpio.c.o
                0x100004c0                gpio_set_function
 .text.gpio_set_pulls
                0x100004f0       0x24 CMakeFiles/i2c-display-on-rp2040.dir/Users/mdalaminashik/pico-zero/pico-sdk/src/rp2_common/hardware_gpio/gpio.c.o
                0x100004f0                gpio_set_pulls
 .text.rp2040_chip_version
                0x10000514        0xc CMakeFiles/i2c-display-on-rp2040.dir/Users/mdalaminashik/pico-zero/pico-sdk/src/rp2040/pico_platform/platform.c.o
                0x10000514                rp2040_chip_version
 .text.panic    0x10000520       0x30 CMakeFiles/i2c-display-on-rp2040.dir/Users/mdalaminashik/pico-zero/pico-sdk/src/rp2_common/pico_platform_panic/panic.c.o
                0x10000520                panic
 .text.hw_claim_or_assert
                0x10000550       0x50 CMakeFiles/i2c-display-on-rp2040.dir/Users/mdalaminashik/pico-zero/pico-sdk/src/common/hardware_claim/claim.c.o
                0x10000550                hw_claim_or_assert
 .text.hw_claim_unused_from_range
                0x100005a0       0x88 CMakeFiles/i2c-display-on-rp2040.dir/Users/mdalaminashik/pico-zero/pico-sdk/src/common/hardware_claim/claim.c.o
                0x100005a0                hw_claim_unused_from_range
 .text.next_striped_spin_lock_num
                0x10000628       0x18 CMakeFiles/i2c-display-on-rp2040.dir/Users/mdalaminashik/pico-zero/pico-sdk/src/rp2_common/hardware_sync/sync.c.o
                0x10000628                next_striped_spin_lock_num
 .text.spin_lock_claim_unused
                0x10000640       0x20 CMakeFiles/i2c-display-on-rp2040.dir/Users/mdalaminashik/pico-zero/pico-sdk/src/rp2_common/hardware_sync/sync.c.o
                0x10000640                spin_lock_claim_unused
 .text.spin_locks_reset
                0x10000660       0x1c CMakeFiles/i2c-display-on-rp2040.dir/Users/mdalaminashik/pico-zero/pico-sdk/src/rp2_common/hardware_sync_spin_lock/sync_spin_lock.c.o
                0x10000660                spin_locks_reset
 .text.runtime_init_per_core_irq_priorities
                0x1000067c       0x48 CMakeFiles/i2c-display-on-rp2040.dir/Users/mdalaminashik/pico-zero/pico-sdk/src/rp2_common/hardware_irq/irq.c.o
                0x1000067c                runtime_init_per_core_irq_priorities
 .text.irq_set_enabled
                0x100006c4       0x24 CMakeFiles/i2c-display-on-rp2040.dir/Users/mdalaminashik/pico-zero/pico-sdk/src/rp2_common/hardware_irq/irq.c.o
                0x100006c4                irq_set_enabled
 .text.irq_is_enabled
                0x100006e8       0x18 CMakeFiles/i2c-display-on-rp2040.dir/Users/mdalaminashik/pico-zero/pico-sdk/src/rp2_common/hardware_irq/irq.c.o
                0x100006e8                irq_is_enabled
 .text.irq_set_pending
                0x10000700       0x10 CMakeFiles/i2c-display-on-rp2040.dir/Users/mdalaminashik/pico-zero/pico-sdk/src/rp2_common/hardware_irq/irq.c.o
                0x10000700                irq_set_pending
 .text.irq_has_shared_handler
                0x10000710       0x20 CMakeFiles/i2c-display-on-rp2040.dir/Users/mdalaminashik/pico-zero/pico-sdk/src/rp2_common/hardware_irq/irq.c.o
                0x10000710                irq_has_shared_handler
 .text.irq_set_exclusive_handler
                0x10000730       0x54 CMakeFiles/i2c-display-on-rp2040.dir/Users/mdalaminashik/pico-zero/pico-sdk/src/rp2_common/hardware_irq/irq.c.o
                0x10000730                irq_set_exclusive_handler
 .text.irq_add_shared_handler
                0x10000784      0x1b8 CMakeFiles/i2c-display-on-rp2040.dir/Users/mdalaminashik/pico-zero/pico-sdk/src/rp2_common/hardware_irq/irq.c.o
                0x10000784                irq_add_shared_handler
 .text.irq_remove_handler
                0x1000093c      0x1bc CMakeFiles/i2c-display-on-rp2040.dir/Users/mdalaminashik/pico-zero/pico-sdk/src/rp2_common/hardware_irq/irq.c.o
                0x1000093c                irq_remove_handler
 .text.irq_add_tail_to_free_list
                0x10000af8       0xcc CMakeFiles/i2c-display-on-rp2040.dir/Users/mdalaminashik/pico-zero/pico-sdk/src/rp2_common/hardware_irq/irq.c.o
                0x10000af8                irq_add_tail_to_free_list
 .text.user_irq_claim_unused
                0x10000bc4       0x28 CMakeFiles/i2c-display-on-rp2040.dir/Users/mdalaminashik/pico-zero/pico-sdk/src/rp2_common/hardware_irq/irq.c.o
                0x10000bc4                user_irq_claim_unused
 .text.lock_init
                0x10000bec       0x10 CMakeFiles/i2c-display-on-rp2040.dir/Users/mdalaminashik/pico-zero/pico-sdk/src/common/pico_sync/lock_core.c.o
                0x10000bec                lock_init
 .text.runtime_init_mutex
                0x10000bfc       0x50 CMakeFiles/i2c-display-on-rp2040.dir/Users/mdalaminashik/pico-zero/pico-sdk/src/common/pico_sync/mutex.c.o
                0x10000bfc                runtime_init_mutex
 .text.mutex_init
                0x10000c4c       0x1c CMakeFiles/i2c-display-on-rp2040.dir/Users/mdalaminashik/pico-zero/pico-sdk/src/common/pico_sync/mutex.c.o
                0x10000c4c                mutex_init
 .text.critical_section_init
                0x10000c68       0x1c CMakeFiles/i2c-display-on-rp2040.dir/Users/mdalaminashik/pico-zero/pico-sdk/src/common/pico_sync/critical_section.c.o
                0x10000c68                critical_section_init
 .text.critical_section_init_with_lock_num
                0x10000c84       0x14 CMakeFiles/i2c-display-on-rp2040.dir/Users/mdalaminashik/pico-zero/pico-sdk/src/common/pico_sync/critical_section.c.o
                0x10000c84                critical_section_init_with_lock_num
 .text.sleep_until_callback
                0x10000c98       0x30 CMakeFiles/i2c-display-on-rp2040.dir/Users/mdalaminashik/pico-zero/pico-sdk/src/common/pico_time/time.c.o
 .text.alarm_pool_irq_handler
                0x10000cc8      0x2f4 CMakeFiles/i2c-display-on-rp2040.dir/Users/mdalaminashik/pico-zero/pico-sdk/src/common/pico_time/time.c.o
 .text.runtime_init_default_alarm_pool
                0x10000fbc       0xd8 CMakeFiles/i2c-display-on-rp2040.dir/Users/mdalaminashik/pico-zero/pico-sdk/src/common/pico_time/time.c.o
                0x10000fbc                runtime_init_default_alarm_pool
 .text.alarm_pool_get_default
                0x10001094        0x8 CMakeFiles/i2c-display-on-rp2040.dir/Users/mdalaminashik/pico-zero/pico-sdk/src/common/pico_time/time.c.o
                0x10001094                alarm_pool_get_default
 .text.alarm_pool_add_alarm_at
                0x1000109c       0xcc CMakeFiles/i2c-display-on-rp2040.dir/Users/mdalaminashik/pico-zero/pico-sdk/src/common/pico_time/time.c.o
                0x1000109c                alarm_pool_add_alarm_at
 .text.alarm_pool_add_alarm_at_force_in_context
                0x10001168       0xbc CMakeFiles/i2c-display-on-rp2040.dir/Users/mdalaminashik/pico-zero/pico-sdk/src/common/pico_time/time.c.o
                0x10001168                alarm_pool_add_alarm_at_force_in_context
 .text.alarm_pool_cancel_alarm
                0x10001224       0x74 CMakeFiles/i2c-display-on-rp2040.dir/Users/mdalaminashik/pico-zero/pico-sdk/src/common/pico_time/time.c.o
                0x10001224                alarm_pool_cancel_alarm
 .text.alarm_pool_core_num
                0x10001298        0x4 CMakeFiles/i2c-display-on-rp2040.dir/Users/mdalaminashik/pico-zero/pico-sdk/src/common/pico_time/time.c.o
                0x10001298                alarm_pool_core_num
 .text.sleep_ms
                0x1000129c       0xfc CMakeFiles/i2c-display-on-rp2040.dir/Users/mdalaminashik/pico-zero/pico-sdk/src/common/pico_time/time.c.o
                0x1000129c                sleep_ms
 .text.best_effort_wfe_or_timeout
                0x10001398      0x12c CMakeFiles/i2c-display-on-rp2040.dir/Users/mdalaminashik/pico-zero/pico-sdk/src/common/pico_time/time.c.o
                0x10001398                best_effort_wfe_or_timeout
 .text.timer_hardware_alarm_claim
                0x100014c4       0x14 CMakeFiles/i2c-display-on-rp2040.dir/Users/mdalaminashik/pico-zero/pico-sdk/src/rp2_common/hardware_timer/timer.c.o
                0x100014c4                timer_hardware_alarm_claim
 .text.timer_time_us_64
                0x100014d8       0x10 CMakeFiles/i2c-display-on-rp2040.dir/Users/mdalaminashik/pico-zero/pico-sdk/src/rp2_common/hardware_timer/timer.c.o
                0x100014d8                timer_time_us_64
 .text.time_us_64
                0x100014e8       0x14 CMakeFiles/i2c-display-on-rp2040.dir/Users/mdalaminashik/pico-zero/pico-sdk/src/rp2_common/hardware_timer/timer.c.o
                0x100014e8                time_us_64
 .text.busy_wait_us
                0x100014fc       0x6c CMakeFiles/i2c-display-on-rp2040.dir/Users/mdalaminashik/pico-zero/pico-sdk/src/rp2_common/hardware_timer/timer.c.o
                0x100014fc                busy_wait_us
 .text.busy_wait_until
                0x10001568       0x20 CMakeFiles/i2c-display-on-rp2040.dir/Users/mdalaminashik/pico-zero/pico-sdk/src/rp2_common/hardware_timer/timer.c.o
                0x10001568                busy_wait_until
 .text.uart_init
                0x10001588      0x11c CMakeFiles/i2c-display-on-rp2040.dir/Users/mdalaminashik/pico-zero/pico-sdk/src/rp2_common/hardware_uart/uart.c.o
                0x10001588                uart_init
 .text.clock_configure_int_divider
                0x100016a4       0xec CMakeFiles/i2c-display-on-rp2040.dir/Users/mdalaminashik/pico-zero/pico-sdk/src/rp2_common/hardware_clocks/clocks.c.o
                0x100016a4                clock_configure_int_divider
 .text.clock_configure_undivided
                0x10001790       0xe0 CMakeFiles/i2c-display-on-rp2040.dir/Users/mdalaminashik/pico-zero/pico-sdk/src/rp2_common/hardware_clocks/clocks.c.o
                0x10001790                clock_configure_undivided
 .text.clock_get_hz
                0x10001870        0xc CMakeFiles/i2c-display-on-rp2040.dir/Users/mdalaminashik/pico-zero/pico-sdk/src/rp2_common/hardware_clocks/clocks.c.o
                0x10001870                clock_get_hz
 .text.pll_init
                0x1000187c       0xb0 CMakeFiles/i2c-display-on-rp2040.dir/Users/mdalaminashik/pico-zero/pico-sdk/src/rp2_common/hardware_pll/pll.c.o
                0x1000187c                pll_init
 .text.watchdog_reboot
                0x1000192c       0x9c CMakeFiles/i2c-display-on-rp2040.dir/Users/mdalaminashik/pico-zero/pico-sdk/src/rp2_common/hardware_watchdog/watchdog.c.o
                0x1000192c                watchdog_reboot
 .text.tick_start
                0x100019c8       0x10 CMakeFiles/i2c-display-on-rp2040.dir/Users/mdalaminashik/pico-zero/pico-sdk/src/rp2_common/hardware_ticks/ticks.c.o
                0x100019c8                tick_start
 .text.rom_func_lookup
                0x100019d8       0x10 CMakeFiles/i2c-display-on-rp2040.dir/Users/mdalaminashik/pico-zero/pico-sdk/src/rp2_common/pico_bootrom/bootrom.c.o
                0x100019d8                rom_func_lookup
 .text.rom_data_lookup
                0x100019e8       0x10 CMakeFiles/i2c-display-on-rp2040.dir/Users/mdalaminashik/pico-zero/pico-sdk/src/rp2_common/pico_bootrom/bootrom.c.o
                0x100019e8                rom_data_lookup
 .text.rom_funcs_lookup
                0x100019f8       0x44 CMakeFiles/i2c-display-on-rp2040.dir/Users/mdalaminashik/pico-zero/pico-sdk/src/rp2_common/pico_bootrom/bootrom.c.o
                0x100019f8                rom_funcs_lookup
 .text.rom_reset_usb_boot_extra
                0x10001a3c       0x24 CMakeFiles/i2c-display-on-rp2040.dir/Users/mdalaminashik/pico-zero/pico-sdk/src/rp2_common/pico_bootrom/bootrom.c.o
                0x10001a3c                rom_reset_usb_boot_extra
 .text.xosc_init
                0x10001a60       0x28 CMakeFiles/i2c-display-on-rp2040.dir/Users/mdalaminashik/pico-zero/pico-sdk/src/rp2_common/hardware_xosc/xosc.c.o
                0x10001a60                xosc_init
 .text.first_per_core_initializer
                0x10001a88        0x4 CMakeFiles/i2c-display-on-rp2040.dir/Users/mdalaminashik/pico-zero/pico-sdk/src/rp2_common/pico_runtime/runtime.c.o
 .text.hard_assertion_failure
                0x10001a8c        0xc CMakeFiles/i2c-display-on-rp2040.dir/Users/mdalaminashik/pico-zero/pico-sdk/src/rp2_common/pico_runtime/runtime.c.o
                0x10001a8c                hard_assertion_failure
 .text.runtime_run_initializers
                0x10001a98       0x28 CMakeFiles/i2c-display-on-rp2040.dir/Users/mdalaminashik/pico-zero/pico-sdk/src/rp2_common/pico_runtime/runtime.c.o
                0x10001a98                runtime_run_initializers
 .text.runtime_init_early_resets
                0x10001ac0       0x2c CMakeFiles/i2c-display-on-rp2040.dir/Users/mdalaminashik/pico-zero/pico-sdk/src/rp2_common/pico_runtime_init/runtime_init.c.o
                0x10001ac0                runtime_init_early_resets
 .text.runtime_init_usb_power_down
                0x10001aec       0x1c CMakeFiles/i2c-display-on-rp2040.dir/Users/mdalaminashik/pico-zero/pico-sdk/src/rp2_common/pico_runtime_init/runtime_init.c.o
                0x10001aec                runtime_init_usb_power_down
 .text.runtime_init_post_clock_resets
                0x10001b08       0x20 CMakeFiles/i2c-display-on-rp2040.dir/Users/mdalaminashik/pico-zero/pico-sdk/src/rp2_common/pico_runtime_init/runtime_init.c.o
                0x10001b08                runtime_init_post_clock_resets
 .text.runtime_init_rp2040_gpio_ie_disable
                0x10001b28       0x14 CMakeFiles/i2c-display-on-rp2040.dir/Users/mdalaminashik/pico-zero/pico-sdk/src/rp2_common/pico_runtime_init/runtime_init.c.o
                0x10001b28                runtime_init_rp2040_gpio_ie_disable
 .text.runtime_init_spin_locks_reset
                0x10001b3c        0x8 CMakeFiles/i2c-display-on-rp2040.dir/Users/mdalaminashik/pico-zero/pico-sdk/src/rp2_common/pico_runtime_init/runtime_init.c.o
                0x10001b3c                runtime_init_spin_locks_reset
 .text.runtime_init_install_ram_vector_table
                0x10001b44       0xb4 CMakeFiles/i2c-display-on-rp2040.dir/Users/mdalaminashik/pico-zero/pico-sdk/src/rp2_common/pico_runtime_init/runtime_init.c.o
                0x10001b44                runtime_init_install_ram_vector_table
 .text.runtime_init_clocks
                0x10001bf8       0xd8 CMakeFiles/i2c-display-on-rp2040.dir/Users/mdalaminashik/pico-zero/pico-sdk/src/rp2_common/pico_runtime_init/runtime_init_clocks.c.o
                0x10001bf8                runtime_init_clocks
 .text          0x10001cd0       0x10 CMakeFiles/i2c-display-on-rp2040.dir/Users/mdalaminashik/pico-zero/pico-sdk/src/rp2_common/pico_bit_ops/bit_ops_aeabi.S.o
 .text.__wrap___aeabi_uidiv
                0x10001ce0       0x4c CMakeFiles/i2c-display-on-rp2040.dir/Users/mdalaminashik/pico-zero/pico-sdk/src/rp2_common/pico_divider/divider_hardware.S.o
                0x10001ce0                __wrap___aeabi_uidiv
                0x10001ce0                __wrap___aeabi_uidivmod
                0x10001ce0                div_u32u32
                0x10001ce0                divmod_u32u32
                0x10001d10                divmod_u32u32_savestate
 .text.__aeabi_double_init
                0x10001d2c       0xa4 CMakeFiles/i2c-display-on-rp2040.dir/Users/mdalaminashik/pico-zero/pico-sdk/src/rp2_common/pico_double/double_init_rom_rp2040.c.o
                0x10001d2c                __aeabi_double_init
 .text.double_table_shim_on_use_helper
                0x10001dd0       0x2c CMakeFiles/i2c-display-on-rp2040.dir/Users/mdalaminashik/pico-zero/pico-sdk/src/rp2_common/pico_double/double_v1_rom_shim_rp2040.S.o
                0x10001dd0                double_table_shim_on_use_helper
 .text.__aeabi_lmul
                0x10001dfc       0x32 CMakeFiles/i2c-display-on-rp2040.dir/Users/mdalaminashik/pico-zero/pico-sdk/src/rp2_common/pico_int64_ops/pico_int64_ops_aeabi.S.o
                0x10001dfc                __wrap___aeabi_lmul
 *fill*         0x10001e2e        0x2 
 .text.__aeabi_float_init
                0x10001e30       0x68 CMakeFiles/i2c-display-on-rp2040.dir/Users/mdalaminashik/pico-zero/pico-sdk/src/rp2_common/pico_float/float_init_rom_rp2040.c.o
                0x10001e30                __aeabi_float_init
 .text.float_table_shim_on_use_helper
                0x10001e98       0x2c CMakeFiles/i2c-display-on-rp2040.dir/Users/mdalaminashik/pico-zero/pico-sdk/src/rp2_common/pico_float/float_v1_rom_shim_rp2040.S.o
                0x10001e98                float_table_shim_on_use_helper
 .text          0x10001ec4       0x10 CMakeFiles/i2c-display-on-rp2040.dir/Users/mdalaminashik/pico-zero/pico-sdk/src/rp2_common/pico_mem_ops/mem_ops_aeabi.S.o
                0x10001ec4                __aeabi_mem_init
 .text.memset   0x10001ed4        0xc CMakeFiles/i2c-display-on-rp2040.dir/Users/mdalaminashik/pico-zero/pico-sdk/src/rp2_common/pico_mem_ops/mem_ops_aeabi.S.o
                0x10001ed4                __wrap_memset
 .text.memcpy   0x10001ee0        0xc CMakeFiles/i2c-display-on-rp2040.dir/Users/mdalaminashik/pico-zero/pico-sdk/src/rp2_common/pico_mem_ops/mem_ops_aeabi.S.o
                0x10001ee0                __wrap___aeabi_memcpy
                0x10001ee0                __wrap_memcpy
 .text._out_char
                0x10001eec       0x10 CMakeFiles/i2c-display-on-rp2040.dir/Users/mdalaminashik/pico-zero/pico-sdk/src/rp2_common/pico_printf/printf.c.o
 .text.weak_raw_vprintf
                0x10001efc       0x30 CMakeFiles/i2c-display-on-rp2040.dir/Users/mdalaminashik/pico-zero/pico-sdk/src/rp2_common/pico_printf/printf.c.o
                0x10001efc                weak_raw_vprintf
 .text._exit    0x10001f2c        0x4 CMakeFiles/i2c-display-on-rp2040.dir/Users/mdalaminashik/pico-zero/pico-sdk/src/rp2_common/pico_clib_interface/newlib_interface.c.o
                0x10001f2c                _exit
 .text._fini    0x10001f30        0x4 CMakeFiles/i2c-display-on-rp2040.dir/Users/mdalaminashik/pico-zero/pico-sdk/src/rp2_common/pico_clib_interface/newlib_interface.c.o
                0x10001f30                _fini
 .text.exit     0x10001f34        0x8 CMakeFiles/i2c-display-on-rp2040.dir/Users/mdalaminashik/pico-zero/pico-sdk/src/rp2_common/pico_clib_interface/newlib_interface.c.o
                0x10001f34                exit
 .text.runtime_init
                0x10001f3c       0x2c CMakeFiles/i2c-display-on-rp2040.dir/Users/mdalaminashik/pico-zero/pico-sdk/src/rp2_common/pico_clib_interface/newlib_interface.c.o
                0x10001f3c                runtime_init
 .text.stdio_out_chars_no_crlf
                0x10001f68       0x10 CMakeFiles/i2c-display-on-rp2040.dir/Users/mdalaminashik/pico-zero/pico-sdk/src/rp2_common/pico_stdio/stdio.c.o
 .text.stdio_out_chars_crlf
                0x10001f78       0x90 CMakeFiles/i2c-display-on-rp2040.dir/Users/mdalaminashik/pico-zero/pico-sdk/src/rp2_common/pico_stdio/stdio.c.o
 .text.stdio_put_string
                0x10002008       0xf4 CMakeFiles/i2c-display-on-rp2040.dir/Users/mdalaminashik/pico-zero/pico-sdk/src/rp2_common/pico_stdio/stdio.c.o
                0x10002008                stdio_put_string
 .text.stdio_set_driver_enabled
                0x100020fc       0x30 CMakeFiles/i2c-display-on-rp2040.dir/Users/mdalaminashik/pico-zero/pico-sdk/src/rp2_common/pico_stdio/stdio.c.o
                0x100020fc                stdio_set_driver_enabled
 .text.stdio_init_all
                0x1000212c       0x10 CMakeFiles/i2c-display-on-rp2040.dir/Users/mdalaminashik/pico-zero/pico-sdk/src/rp2_common/pico_stdio/stdio.c.o
                0x1000212c                stdio_init_all
 .text.__wrap_putchar
                0x1000213c       0x94 CMakeFiles/i2c-display-on-rp2040.dir/Users/mdalaminashik/pico-zero/pico-sdk/src/rp2_common/pico_stdio/stdio.c.o
                0x1000213c                stdio_putchar
                0x1000213c                __wrap_putchar
 .text.__wrap_puts
                0x100021d0       0x3c CMakeFiles/i2c-display-on-rp2040.dir/Users/mdalaminashik/pico-zero/pico-sdk/src/rp2_common/pico_stdio/stdio.c.o
                0x100021d0                __wrap_puts
                0x100021d0                stdio_puts
 .text.stdio_uart_out_chars
                0x1000220c       0x4c CMakeFiles/i2c-display-on-rp2040.dir/Users/mdalaminashik/pico-zero/pico-sdk/src/rp2_common/pico_stdio_uart/stdio_uart.c.o
 .text.stdio_uart_in_chars
                0x10002258       0x8c CMakeFiles/i2c-display-on-rp2040.dir/Users/mdalaminashik/pico-zero/pico-sdk/src/rp2_common/pico_stdio_uart/stdio_uart.c.o
                0x10002258                stdio_uart_in_chars
 .text.on_uart_rx
                0x100022e4       0x28 CMakeFiles/i2c-display-on-rp2040.dir/Users/mdalaminashik/pico-zero/pico-sdk/src/rp2_common/pico_stdio_uart/stdio_uart.c.o
 .text.stdio_uart_out_flush
                0x1000230c       0x14 CMakeFiles/i2c-display-on-rp2040.dir/Users/mdalaminashik/pico-zero/pico-sdk/src/rp2_common/pico_stdio_uart/stdio_uart.c.o
 .text.stdio_uart_set_chars_available_callback
                0x10002320       0x84 CMakeFiles/i2c-display-on-rp2040.dir/Users/mdalaminashik/pico-zero/pico-sdk/src/rp2_common/pico_stdio_uart/stdio_uart.c.o
 .text.stdio_uart_init
                0x100023a4       0x50 CMakeFiles/i2c-display-on-rp2040.dir/Users/mdalaminashik/pico-zero/pico-sdk/src/rp2_common/pico_stdio_uart/stdio_uart.c.o
                0x100023a4                stdio_uart_init
 .text.stdio_usb_set_chars_available_callback
                0x100023f4       0x14 CMakeFiles/i2c-display-on-rp2040.dir/Users/mdalaminashik/pico-zero/pico-sdk/src/rp2_common/pico_stdio_usb/stdio_usb.c.o
                0x100023f4                stdio_usb_set_chars_available_callback
 .text.usb_irq  0x10002408       0x10 CMakeFiles/i2c-display-on-rp2040.dir/Users/mdalaminashik/pico-zero/pico-sdk/src/rp2_common/pico_stdio_usb/stdio_usb.c.o
 .text.timer_task
                0x10002418       0x64 CMakeFiles/i2c-display-on-rp2040.dir/Users/mdalaminashik/pico-zero/pico-sdk/src/rp2_common/pico_stdio_usb/stdio_usb.c.o
 .text.stdio_usb_in_chars
                0x1000247c       0x8c CMakeFiles/i2c-display-on-rp2040.dir/Users/mdalaminashik/pico-zero/pico-sdk/src/rp2_common/pico_stdio_usb/stdio_usb.c.o
                0x1000247c                stdio_usb_in_chars
 .text.stdio_usb_out_flush
                0x10002508       0x4c CMakeFiles/i2c-display-on-rp2040.dir/Users/mdalaminashik/pico-zero/pico-sdk/src/rp2_common/pico_stdio_usb/stdio_usb.c.o
 .text.stdio_usb_out_chars
                0x10002554       0xf8 CMakeFiles/i2c-display-on-rp2040.dir/Users/mdalaminashik/pico-zero/pico-sdk/src/rp2_common/pico_stdio_usb/stdio_usb.c.o
 .text.low_priority_worker_irq
                0x1000264c       0xc4 CMakeFiles/i2c-display-on-rp2040.dir/Users/mdalaminashik/pico-zero/pico-sdk/src/rp2_common/pico_stdio_usb/stdio_usb.c.o
 .text.stdio_usb_init
                0x10002710       0xe4 CMakeFiles/i2c-display-on-rp2040.dir/Users/mdalaminashik/pico-zero/pico-sdk/src/rp2_common/pico_stdio_usb/stdio_usb.c.o
                0x10002710                stdio_usb_init
 .text.tud_descriptor_device_cb
                0x100027f4        0x8 CMakeFiles/i2c-display-on-rp2040.dir/Users/mdalaminashik/pico-zero/pico-sdk/src/rp2_common/pico_stdio_usb/stdio_usb_descriptors.c.o
                0x100027f4                tud_descriptor_device_cb
 .text.tud_descriptor_configuration_cb
                0x100027fc        0x8 CMakeFiles/i2c-display-on-rp2040.dir/Users/mdalaminashik/pico-zero/pico-sdk/src/rp2_common/pico_stdio_usb/stdio_usb_descriptors.c.o
                0x100027fc                tud_descriptor_configuration_cb
 .text.tud_descriptor_string_cb
                0x10002804       0x70 CMakeFiles/i2c-display-on-rp2040.dir/Users/mdalaminashik/pico-zero/pico-sdk/src/rp2_common/pico_stdio_usb/stdio_usb_descriptors.c.o
                0x10002804                tud_descriptor_string_cb
 .text.startup._retrieve_unique_id_on_boot
                0x10002874       0x10 CMakeFiles/i2c-display-on-rp2040.dir/Users/mdalaminashik/pico-zero/pico-sdk/src/rp2_common/pico_unique_id/unique_id.c.o
 .text.pico_get_unique_board_id_string
                0x10002884      0x1e0 CMakeFiles/i2c-display-on-rp2040.dir/Users/mdalaminashik/pico-zero/pico-sdk/src/rp2_common/pico_unique_id/unique_id.c.o
                0x10002884                pico_get_unique_board_id_string
 .text.flash_get_unique_id
                0x10002a64       0x3c CMakeFiles/i2c-display-on-rp2040.dir/Users/mdalaminashik/pico-zero/pico-sdk/src/rp2_common/hardware_flash/flash.c.o
                0x10002a64                flash_get_unique_id
 .text.usb_reset_interface_init
                0x10002aa0        0x4 CMakeFiles/i2c-display-on-rp2040.dir/Users/mdalaminashik/pico-zero/pico-sdk/src/rp2_common/pico_usb_reset/usb_reset.c.o
                0x10002aa0                usb_reset_interface_init
 .text.usb_reset_interface_reset
                0x10002aa4        0xc CMakeFiles/i2c-display-on-rp2040.dir/Users/mdalaminashik/pico-zero/pico-sdk/src/rp2_common/pico_usb_reset/usb_reset.c.o
                0x10002aa4                usb_reset_interface_reset
 .text.usb_reset_interface_open
                0x10002ab0       0x28 CMakeFiles/i2c-display-on-rp2040.dir/Users/mdalaminashik/pico-zero/pico-sdk/src/rp2_common/pico_usb_reset/usb_reset.c.o
                0x10002ab0                usb_reset_interface_open
 .text.usb_reset_interface_xfer_cb
                0x10002ad8        0x4 CMakeFiles/i2c-display-on-rp2040.dir/Users/mdalaminashik/pico-zero/pico-sdk/src/rp2_common/pico_usb_reset/usb_reset.c.o
                0x10002ad8                usb_reset_interface_xfer_cb
 .text.usb_reset_interface_control_xfer_cb
                0x10002adc       0x60 CMakeFiles/i2c-display-on-rp2040.dir/Users/mdalaminashik/pico-zero/pico-sdk/src/rp2_common/pico_usb_reset/usb_reset.c.o
                0x10002adc                usb_reset_interface_control_xfer_cb
 .text.tud_descriptor_bos_cb
                0x10002b3c        0x8 CMakeFiles/i2c-display-on-rp2040.dir/Users/mdalaminashik/pico-zero/pico-sdk/src/rp2_common/pico_usb_reset/usb_reset.c.o
                0x10002b3c                tud_descriptor_bos_cb
 .text.tud_vendor_control_xfer_cb
                0x10002b44       0x38 CMakeFiles/i2c-display-on-rp2040.dir/Users/mdalaminashik/pico-zero/pico-sdk/src/rp2_common/pico_usb_reset/usb_reset.c.o
                0x10002b44                tud_vendor_control_xfer_cb
 .text.usbd_app_driver_get_cb
                0x10002b7c        0xc CMakeFiles/i2c-display-on-rp2040.dir/Users/mdalaminashik/pico-zero/pico-sdk/src/rp2_common/pico_usb_reset/usb_reset.c.o
                0x10002b7c                usbd_app_driver_get_cb
 .text.tud_cdc_line_coding_cb
                0x10002b88       0x2c CMakeFiles/i2c-display-on-rp2040.dir/Users/mdalaminashik/pico-zero/pico-sdk/src/rp2_common/pico_usb_reset/usb_reset.c.o
                0x10002b88                tud_cdc_line_coding_cb
 .text.dcd_init
                0x10002bb4       0x90 CMakeFiles/i2c-display-on-rp2040.dir/Users/mdalaminashik/pico-zero/pico-sdk/lib/tinyusb/src/portable/raspberrypi/rp2040/dcd_rp2040.c.o
                0x10002bb4                dcd_init
 .text.dcd_int_enable
                0x10002c44        0xc CMakeFiles/i2c-display-on-rp2040.dir/Users/mdalaminashik/pico-zero/pico-sdk/lib/tinyusb/src/portable/raspberrypi/rp2040/dcd_rp2040.c.o
                0x10002c44                dcd_int_enable
 .text.dcd_set_address
                0x10002c50       0x14 CMakeFiles/i2c-display-on-rp2040.dir/Users/mdalaminashik/pico-zero/pico-sdk/lib/tinyusb/src/portable/raspberrypi/rp2040/dcd_rp2040.c.o
                0x10002c50                dcd_set_address
 .text.dcd_sof_enable
                0x10002c64       0x1c CMakeFiles/i2c-display-on-rp2040.dir/Users/mdalaminashik/pico-zero/pico-sdk/lib/tinyusb/src/portable/raspberrypi/rp2040/dcd_rp2040.c.o
                0x10002c64                dcd_sof_enable
 .text.dcd_edpt0_status_complete
                0x10002c80       0x1c CMakeFiles/i2c-display-on-rp2040.dir/Users/mdalaminashik/pico-zero/pico-sdk/lib/tinyusb/src/portable/raspberrypi/rp2040/dcd_rp2040.c.o
                0x10002c80                dcd_edpt0_status_complete
 .text.dcd_edpt_open
                0x10002c9c       0xfc CMakeFiles/i2c-display-on-rp2040.dir/Users/mdalaminashik/pico-zero/pico-sdk/lib/tinyusb/src/portable/raspberrypi/rp2040/dcd_rp2040.c.o
                0x10002c9c                dcd_edpt_open
 .text.dcd_edpt_close_all
                0x10002d98        0x8 CMakeFiles/i2c-display-on-rp2040.dir/Users/mdalaminashik/pico-zero/pico-sdk/lib/tinyusb/src/portable/raspberrypi/rp2040/dcd_rp2040.c.o
                0x10002d98                dcd_edpt_close_all
 .text.dcd_edpt_xfer
                0x10002da0       0x24 CMakeFiles/i2c-display-on-rp2040.dir/Users/mdalaminashik/pico-zero/pico-sdk/lib/tinyusb/src/portable/raspberrypi/rp2040/dcd_rp2040.c.o
                0x10002da0                dcd_edpt_xfer
 .text.dcd_edpt_stall
                0x10002dc4       0x3c CMakeFiles/i2c-display-on-rp2040.dir/Users/mdalaminashik/pico-zero/pico-sdk/lib/tinyusb/src/portable/raspberrypi/rp2040/dcd_rp2040.c.o
                0x10002dc4                dcd_edpt_stall
 .text.dcd_edpt_clear_stall
                0x10002e00       0x30 CMakeFiles/i2c-display-on-rp2040.dir/Users/mdalaminashik/pico-zero/pico-sdk/lib/tinyusb/src/portable/raspberrypi/rp2040/dcd_rp2040.c.o
                0x10002e00                dcd_edpt_clear_stall
 .text.rp2040_usb_init
                0x10002e30       0x40 CMakeFiles/i2c-display-on-rp2040.dir/Users/mdalaminashik/pico-zero/pico-sdk/lib/tinyusb/src/portable/raspberrypi/rp2040/rp2040_usb.c.o
                0x10002e30                rp2040_usb_init
 .text.hw_endpoint_xfer_start
                0x10002e70       0x40 CMakeFiles/i2c-display-on-rp2040.dir/Users/mdalaminashik/pico-zero/pico-sdk/lib/tinyusb/src/portable/raspberrypi/rp2040/rp2040_usb.c.o
                0x10002e70                hw_endpoint_xfer_start
 .text.tud_event_hook_cb
                0x10002eb0        0x4 CMakeFiles/i2c-display-on-rp2040.dir/Users/mdalaminashik/pico-zero/pico-sdk/lib/tinyusb/src/device/usbd.c.o
                0x10002eb0                tud_event_hook_cb
 .text.tud_sof_cb
                0x10002eb4        0x4 CMakeFiles/i2c-display-on-rp2040.dir/Users/mdalaminashik/pico-zero/pico-sdk/lib/tinyusb/src/device/usbd.c.o
                0x10002eb4                tud_sof_cb
 .text.tud_descriptor_device_qualifier_cb
                0x10002eb8        0x4 CMakeFiles/i2c-display-on-rp2040.dir/Users/mdalaminashik/pico-zero/pico-sdk/lib/tinyusb/src/device/usbd.c.o
                0x10002eb8                tud_descriptor_device_qualifier_cb
 .text.tud_descriptor_other_speed_configuration_cb
                0x10002ebc        0x4 CMakeFiles/i2c-display-on-rp2040.dir/Users/mdalaminashik/pico-zero/pico-sdk/lib/tinyusb/src/device/usbd.c.o
                0x10002ebc                tud_descriptor_other_speed_configuration_cb
 .text.tud_mount_cb
                0x10002ec0        0x4 CMakeFiles/i2c-display-on-rp2040.dir/Users/mdalaminashik/pico-zero/pico-sdk/lib/tinyusb/src/device/usbd.c.o
                0x10002ec0                tud_mount_cb
 .text.tud_umount_cb
                0x10002ec4        0x4 CMakeFiles/i2c-display-on-rp2040.dir/Users/mdalaminashik/pico-zero/pico-sdk/lib/tinyusb/src/device/usbd.c.o
                0x10002ec4                tud_umount_cb
 .text.tud_suspend_cb
                0x10002ec8        0x4 CMakeFiles/i2c-display-on-rp2040.dir/Users/mdalaminashik/pico-zero/pico-sdk/lib/tinyusb/src/device/usbd.c.o
                0x10002ec8                tud_suspend_cb
 .text.tud_resume_cb
                0x10002ecc        0x4 CMakeFiles/i2c-display-on-rp2040.dir/Users/mdalaminashik/pico-zero/pico-sdk/lib/tinyusb/src/device/usbd.c.o
                0x10002ecc                tud_resume_cb
 .text.tud_mounted
                0x10002ed0       0x10 CMakeFiles/i2c-display-on-rp2040.dir/Users/mdalaminashik/pico-zero/pico-sdk/lib/tinyusb/src/device/usbd.c.o
                0x10002ed0                tud_mounted
 .text.tud_suspended
                0x10002ee0       0x10 CMakeFiles/i2c-display-on-rp2040.dir/Users/mdalaminashik/pico-zero/pico-sdk/lib/tinyusb/src/device/usbd.c.o
                0x10002ee0                tud_suspended
 .text.tud_rhport_init
                0x10002ef0       0xe8 CMakeFiles/i2c-display-on-rp2040.dir/Users/mdalaminashik/pico-zero/pico-sdk/lib/tinyusb/src/device/usbd.c.o
                0x10002ef0                tud_rhport_init
 .text.tud_task_ext
                0x10002fd8      0x7d8 CMakeFiles/i2c-display-on-rp2040.dir/Users/mdalaminashik/pico-zero/pico-sdk/lib/tinyusb/src/device/usbd.c.o
                0x10002fd8                tud_task_ext
 .text.usbd_open_edpt_pair
                0x100037b0       0x98 CMakeFiles/i2c-display-on-rp2040.dir/Users/mdalaminashik/pico-zero/pico-sdk/lib/tinyusb/src/device/usbd.c.o
                0x100037b0                usbd_open_edpt_pair
 .text.usbd_edpt_open
                0x10003848       0x34 CMakeFiles/i2c-display-on-rp2040.dir/Users/mdalaminashik/pico-zero/pico-sdk/lib/tinyusb/src/device/usbd.c.o
                0x10003848                usbd_edpt_open
 .text.usbd_edpt_claim
                0x1000387c       0x28 CMakeFiles/i2c-display-on-rp2040.dir/Users/mdalaminashik/pico-zero/pico-sdk/lib/tinyusb/src/device/usbd.c.o
                0x1000387c                usbd_edpt_claim
 .text.usbd_edpt_release
                0x100038a4       0x28 CMakeFiles/i2c-display-on-rp2040.dir/Users/mdalaminashik/pico-zero/pico-sdk/lib/tinyusb/src/device/usbd.c.o
                0x100038a4                usbd_edpt_release
 .text.usbd_edpt_xfer
                0x100038cc       0x50 CMakeFiles/i2c-display-on-rp2040.dir/Users/mdalaminashik/pico-zero/pico-sdk/lib/tinyusb/src/device/usbd.c.o
                0x100038cc                usbd_edpt_xfer
 .text.tud_control_status
                0x1000391c       0x2c CMakeFiles/i2c-display-on-rp2040.dir/Users/mdalaminashik/pico-zero/pico-sdk/lib/tinyusb/src/device/usbd_control.c.o
                0x1000391c                tud_control_status
 .text.tud_control_xfer
                0x10003948       0xa0 CMakeFiles/i2c-display-on-rp2040.dir/Users/mdalaminashik/pico-zero/pico-sdk/lib/tinyusb/src/device/usbd_control.c.o
                0x10003948                tud_control_xfer
 .text.usbd_control_reset
                0x100039e8       0x14 CMakeFiles/i2c-display-on-rp2040.dir/Users/mdalaminashik/pico-zero/pico-sdk/lib/tinyusb/src/device/usbd_control.c.o
                0x100039e8                usbd_control_reset
 .text.usbd_control_set_complete_callback
                0x100039fc        0xc CMakeFiles/i2c-display-on-rp2040.dir/Users/mdalaminashik/pico-zero/pico-sdk/lib/tinyusb/src/device/usbd_control.c.o
                0x100039fc                usbd_control_set_complete_callback
 .text.usbd_control_set_request
                0x10003a08       0x1c CMakeFiles/i2c-display-on-rp2040.dir/Users/mdalaminashik/pico-zero/pico-sdk/lib/tinyusb/src/device/usbd_control.c.o
                0x10003a08                usbd_control_set_request
 .text.usbd_control_xfer_cb
                0x10003a24       0xe8 CMakeFiles/i2c-display-on-rp2040.dir/Users/mdalaminashik/pico-zero/pico-sdk/lib/tinyusb/src/device/usbd_control.c.o
                0x10003a24                usbd_control_xfer_cb
 .text._prep_out_transaction.isra.0
                0x10003b0c       0x6c CMakeFiles/i2c-display-on-rp2040.dir/Users/mdalaminashik/pico-zero/pico-sdk/lib/tinyusb/src/class/cdc/cdc_device.c.o
 .text.tud_cdc_n_connected
                0x10003b78       0x2c CMakeFiles/i2c-display-on-rp2040.dir/Users/mdalaminashik/pico-zero/pico-sdk/lib/tinyusb/src/class/cdc/cdc_device.c.o
                0x10003b78                tud_cdc_n_connected
 .text.tud_cdc_n_available
                0x10003ba4       0x14 CMakeFiles/i2c-display-on-rp2040.dir/Users/mdalaminashik/pico-zero/pico-sdk/lib/tinyusb/src/class/cdc/cdc_device.c.o
                0x10003ba4                tud_cdc_n_available
 .text.tud_cdc_n_read
                0x10003bb8       0x88 CMakeFiles/i2c-display-on-rp2040.dir/Users/mdalaminashik/pico-zero/pico-sdk/lib/tinyusb/src/class/cdc/cdc_device.c.o
                0x10003bb8                tud_cdc_n_read
 .text.tud_cdc_n_write_flush
                0x10003c40       0x78 CMakeFiles/i2c-display-on-rp2040.dir/Users/mdalaminashik/pico-zero/pico-sdk/lib/tinyusb/src/class/cdc/cdc_device.c.o
                0x10003c40                tud_cdc_n_write_flush
 .text.tud_cdc_n_write
                0x10003cb8       0x40 CMakeFiles/i2c-display-on-rp2040.dir/Users/mdalaminashik/pico-zero/pico-sdk/lib/tinyusb/src/class/cdc/cdc_device.c.o
                0x10003cb8                tud_cdc_n_write
 .text.tud_cdc_n_write_available
                0x10003cf8       0x14 CMakeFiles/i2c-display-on-rp2040.dir/Users/mdalaminashik/pico-zero/pico-sdk/lib/tinyusb/src/class/cdc/cdc_device.c.o
                0x10003cf8                tud_cdc_n_write_available
 .text.cdcd_init
                0x10003d0c       0x70 CMakeFiles/i2c-display-on-rp2040.dir/Users/mdalaminashik/pico-zero/pico-sdk/lib/tinyusb/src/class/cdc/cdc_device.c.o
                0x10003d0c                cdcd_init
 .text.cdcd_deinit
                0x10003d7c       0x30 CMakeFiles/i2c-display-on-rp2040.dir/Users/mdalaminashik/pico-zero/pico-sdk/lib/tinyusb/src/class/cdc/cdc_device.c.o
                0x10003d7c                cdcd_deinit
 .text.cdcd_reset
                0x10003dac       0x48 CMakeFiles/i2c-display-on-rp2040.dir/Users/mdalaminashik/pico-zero/pico-sdk/lib/tinyusb/src/class/cdc/cdc_device.c.o
                0x10003dac                cdcd_reset
 .text.cdcd_open
                0x10003df4       0xa8 CMakeFiles/i2c-display-on-rp2040.dir/Users/mdalaminashik/pico-zero/pico-sdk/lib/tinyusb/src/class/cdc/cdc_device.c.o
                0x10003df4                cdcd_open
 .text.cdcd_control_xfer_cb
                0x10003e9c       0xf0 CMakeFiles/i2c-display-on-rp2040.dir/Users/mdalaminashik/pico-zero/pico-sdk/lib/tinyusb/src/class/cdc/cdc_device.c.o
                0x10003e9c                cdcd_control_xfer_cb
 .text.cdcd_xfer_cb
                0x10003f8c       0xf8 CMakeFiles/i2c-display-on-rp2040.dir/Users/mdalaminashik/pico-zero/pico-sdk/lib/tinyusb/src/class/cdc/cdc_device.c.o
                0x10003f8c                cdcd_xfer_cb
 .text.tusb_rhport_init
                0x10004084       0x4c CMakeFiles/i2c-display-on-rp2040.dir/Users/mdalaminashik/pico-zero/pico-sdk/lib/tinyusb/src/tusb.c.o
                0x10004084                tusb_rhport_init
 .text.tu_edpt_claim
                0x100040d0       0x50 CMakeFiles/i2c-display-on-rp2040.dir/Users/mdalaminashik/pico-zero/pico-sdk/lib/tinyusb/src/tusb.c.o
                0x100040d0                tu_edpt_claim
 .text.tu_edpt_release
                0x10004120       0x38 CMakeFiles/i2c-display-on-rp2040.dir/Users/mdalaminashik/pico-zero/pico-sdk/lib/tinyusb/src/tusb.c.o
                0x10004120                tu_edpt_release
 .text.tu_edpt_validate
                0x10004158       0x74 CMakeFiles/i2c-display-on-rp2040.dir/Users/mdalaminashik/pico-zero/pico-sdk/lib/tinyusb/src/tusb.c.o
                0x10004158                tu_edpt_validate
 .text.tu_edpt_bind_driver
                0x100041cc       0x34 CMakeFiles/i2c-display-on-rp2040.dir/Users/mdalaminashik/pico-zero/pico-sdk/lib/tinyusb/src/tusb.c.o
                0x100041cc                tu_edpt_bind_driver
 .text.tu_fifo_config
                0x10004200       0x6c CMakeFiles/i2c-display-on-rp2040.dir/Users/mdalaminashik/pico-zero/pico-sdk/lib/tinyusb/src/common/tusb_fifo.c.o
                0x10004200                tu_fifo_config
 .text.tu_fifo_count
                0x1000426c       0x2c CMakeFiles/i2c-display-on-rp2040.dir/Users/mdalaminashik/pico-zero/pico-sdk/lib/tinyusb/src/common/tusb_fifo.c.o
                0x1000426c                tu_fifo_count
 .text.tu_fifo_empty
                0x10004298       0x10 CMakeFiles/i2c-display-on-rp2040.dir/Users/mdalaminashik/pico-zero/pico-sdk/lib/tinyusb/src/common/tusb_fifo.c.o
                0x10004298                tu_fifo_empty
 .text.tu_fifo_remaining
                0x100042a8       0x2c CMakeFiles/i2c-display-on-rp2040.dir/Users/mdalaminashik/pico-zero/pico-sdk/lib/tinyusb/src/common/tusb_fifo.c.o
                0x100042a8                tu_fifo_remaining
 .text.tu_fifo_read
                0x100042d4       0x9c CMakeFiles/i2c-display-on-rp2040.dir/Users/mdalaminashik/pico-zero/pico-sdk/lib/tinyusb/src/common/tusb_fifo.c.o
                0x100042d4                tu_fifo_read
 .text.tu_fifo_read_n
                0x10004370       0xec CMakeFiles/i2c-display-on-rp2040.dir/Users/mdalaminashik/pico-zero/pico-sdk/lib/tinyusb/src/common/tusb_fifo.c.o
                0x10004370                tu_fifo_read_n
 .text.tu_fifo_write
                0x1000445c       0xa4 CMakeFiles/i2c-display-on-rp2040.dir/Users/mdalaminashik/pico-zero/pico-sdk/lib/tinyusb/src/common/tusb_fifo.c.o
                0x1000445c                tu_fifo_write
 .text.tu_fifo_write_n
                0x10004500      0x168 CMakeFiles/i2c-display-on-rp2040.dir/Users/mdalaminashik/pico-zero/pico-sdk/lib/tinyusb/src/common/tusb_fifo.c.o
                0x10004500                tu_fifo_write_n
 .text.tu_fifo_clear
                0x10004668       0x40 CMakeFiles/i2c-display-on-rp2040.dir/Users/mdalaminashik/pico-zero/pico-sdk/lib/tinyusb/src/common/tusb_fifo.c.o
                0x10004668                tu_fifo_clear
 .text.tu_fifo_set_overwritable
                0x100046a8       0x48 CMakeFiles/i2c-display-on-rp2040.dir/Users/mdalaminashik/pico-zero/pico-sdk/lib/tinyusb/src/common/tusb_fifo.c.o
                0x100046a8                tu_fifo_set_overwritable
 .text.i2c_write_blocking_internal.constprop.0
                0x100046f0       0xd4 CMakeFiles/i2c-display-on-rp2040.dir/Users/mdalaminashik/pico-zero/pico-sdk/src/rp2_common/hardware_i2c/i2c.c.o
 .text.i2c_set_baudrate
                0x100047c4       0xb4 CMakeFiles/i2c-display-on-rp2040.dir/Users/mdalaminashik/pico-zero/pico-sdk/src/rp2_common/hardware_i2c/i2c.c.o
                0x100047c4                i2c_set_baudrate
 .text.i2c_init
                0x10004878       0x54 CMakeFiles/i2c-display-on-rp2040.dir/Users/mdalaminashik/pico-zero/pico-sdk/src/rp2_common/hardware_i2c/i2c.c.o
                0x10004878                i2c_init
 .text.i2c_write_blocking
                0x100048cc       0x14 CMakeFiles/i2c-display-on-rp2040.dir/Users/mdalaminashik/pico-zero/pico-sdk/src/rp2_common/hardware_i2c/i2c.c.o
                0x100048cc                i2c_write_blocking
 .text.strlen   0x100048e0       0x60 /Applications/ArmGNUToolchain/15.2.rel1/arm-none-eabi/bin/../lib/gcc/arm-none-eabi/15.2.1/../../../../arm-none-eabi/lib/thumb/v6-m/nofp/libg.a(libc_a-strlen-stub.o)
                0x100048e0                strlen
 .text.strlen.__stub
                0x10004940       0xb0 linker stubs
 *(.fini)
 *crtbegin.o(.ctors)
 *crtbegin?.o(.ctors)
 *(EXCLUDE_FILE(*crtend.o *crtend?.o) .ctors)
 *(SORT_BY_NAME(.ctors.*))
 *(.ctors)
 *crtbegin.o(.dtors)
 *crtbegin?.o(.dtors)
 *(EXCLUDE_FILE(*crtend.o *crtend?.o) .dtors)
 *(SORT_BY_NAME(.dtors.*))
 *(.dtors)
                0x100049f0                        . = ALIGN (0x4)
                [!provide]                        PROVIDE (__bothinit_array_start = .)
                0x100049f0                        PROVIDE (__preinit_array_start = .)
 *(SORT_BY_NAME(.preinit_array.*))
 .preinit_array.00100
                0x100049f0        0x4 CMakeFiles/i2c-display-on-rp2040.dir/Users/mdalaminashik/pico-zero/pico-sdk/src/rp2_common/pico_runtime_init/runtime_init.c.o
                0x100049f0                __pre_init_runtime_init_early_resets
 .preinit_array.00101
                0x100049f4        0x4 CMakeFiles/i2c-display-on-rp2040.dir/Users/mdalaminashik/pico-zero/pico-sdk/src/rp2_common/pico_runtime_init/runtime_init.c.o
                0x100049f4                __pre_init_runtime_init_usb_power_down
 .preinit_array.00275
                0x100049f8        0x4 CMakeFiles/i2c-display-on-rp2040.dir/Users/mdalaminashik/pico-zero/pico-sdk/src/rp2_common/pico_bit_ops/bit_ops_aeabi.S.o
 .preinit_array.00300
                0x100049fc        0x4 CMakeFiles/i2c-display-on-rp2040.dir/Users/mdalaminashik/pico-zero/pico-sdk/src/rp2_common/pico_mem_ops/mem_ops_aeabi.S.o
 .preinit_array.00350
                0x10004a00        0x4 CMakeFiles/i2c-display-on-rp2040.dir/Users/mdalaminashik/pico-zero/pico-sdk/src/rp2_common/pico_double/double_aeabi_rp2040.S.o
 .preinit_array.00350
                0x10004a04        0x4 CMakeFiles/i2c-display-on-rp2040.dir/Users/mdalaminashik/pico-zero/pico-sdk/src/rp2_common/pico_float/float_aeabi_rp2040.S.o
 .preinit_array.00500
                0x10004a08        0x4 CMakeFiles/i2c-display-on-rp2040.dir/Users/mdalaminashik/pico-zero/pico-sdk/src/rp2_common/pico_runtime_init/runtime_init.c.o
                0x10004a08                __pre_init_runtime_init_clocks
 .preinit_array.00600
                0x10004a0c        0x4 CMakeFiles/i2c-display-on-rp2040.dir/Users/mdalaminashik/pico-zero/pico-sdk/src/rp2_common/pico_runtime_init/runtime_init.c.o
                0x10004a0c                __pre_init_runtime_init_post_clock_resets
 .preinit_array.00700
                0x10004a10        0x4 CMakeFiles/i2c-display-on-rp2040.dir/Users/mdalaminashik/pico-zero/pico-sdk/src/rp2_common/pico_runtime_init/runtime_init.c.o
                0x10004a10                __pre_init_runtime_init_rp2040_gpio_ie_disable
 .preinit_array.01000
                0x10004a14        0x4 CMakeFiles/i2c-display-on-rp2040.dir/Users/mdalaminashik/pico-zero/pico-sdk/src/rp2_common/pico_runtime_init/runtime_init.c.o
                0x10004a14                __pre_init_runtime_init_spin_locks_reset
 .preinit_array.01100
                0x10004a18        0x4 CMakeFiles/i2c-display-on-rp2040.dir/Users/mdalaminashik/pico-zero/pico-sdk/src/common/pico_sync/mutex.c.o
                0x10004a18                __pre_init_runtime_init_mutex
 .preinit_array.10080
                0x10004a1c        0x4 CMakeFiles/i2c-display-on-rp2040.dir/Users/mdalaminashik/pico-zero/pico-sdk/src/rp2_common/pico_runtime_init/runtime_init.c.o
                0x10004a1c                __pre_init_runtime_init_install_ram_vector_table
 .preinit_array.11000
                0x10004a20        0x4 CMakeFiles/i2c-display-on-rp2040.dir/Users/mdalaminashik/pico-zero/pico-sdk/src/common/pico_time/time.c.o
                0x10004a20                __pre_init_runtime_init_default_alarm_pool
 .preinit_array.YYYYY
                0x10004a24        0x4 CMakeFiles/i2c-display-on-rp2040.dir/Users/mdalaminashik/pico-zero/pico-sdk/src/rp2_common/pico_runtime/runtime.c.o
                0x10004a24                __pre_init_first_per_core_initializer
 .preinit_array.ZZZZZ.01200
                0x10004a28        0x4 CMakeFiles/i2c-display-on-rp2040.dir/Users/mdalaminashik/pico-zero/pico-sdk/src/rp2_common/hardware_irq/irq.c.o
                0x10004a28                __pre_init_runtime_init_per_core_irq_priorities
 *(.preinit_array)
                0x10004a2c                        PROVIDE (__preinit_array_end = .)
                0x10004a2c                        . = ALIGN (0x4)
                0x10004a2c                        PROVIDE (__init_array_start = .)
 *(SORT_BY_NAME(.init_array.*))
 .init_array.01000
                0x10004a2c        0x4 CMakeFiles/i2c-display-on-rp2040.dir/Users/mdalaminashik/pico-zero/pico-sdk/src/rp2_common/pico_unique_id/unique_id.c.o
 *(.init_array)
                0x10004a30                        PROVIDE (__init_array_end = .)
                [!provide]                        PROVIDE (__bothinit_array_end = .)
                0x10004a30                        . = ALIGN (0x4)
                [!provide]                        PROVIDE (__fini_array_start = .)
 *(SORT_BY_NAME(.fini_array.*))
 *(.fini_array)
                [!provide]                        PROVIDE (__fini_array_end = .)
                [!provide]                        PROVIDE (__dso_handle = 0x0)
 *(.eh_frame*)
                0x10004a30                        . = ALIGN (0x4)

.glue_7         0x10004a30        0x0
 .glue_7        0x10004a30        0x0 linker stubs

.glue_7t        0x10004a30        0x0
 .glue_7t       0x10004a30        0x0 linker stubs

.vfp11_veneer   0x10004a30        0x0
 .vfp11_veneer  0x10004a30        0x0 linker stubs

.v4_bx          0x10004a30        0x0
 .v4_bx         0x10004a30        0x0 linker stubs

.iplt           0x10004a30        0x0
 .iplt          0x10004a30        0x0 CMakeFiles/i2c-display-on-rp2040.dir/main.c.o

.rodata         0x10004a30      0x644
 *(EXCLUDE_FILE(*libm.a: *lib*_a-mem*.o *libc.a: *libgcc.a:) .rodata*)
 .rodata.main.str1.4
                0x10004a30      0x1ac CMakeFiles/i2c-display-on-rp2040.dir/main.c.o
                                 0x1d (size before relaxing)
 .rodata.font5x7
                0x10004bdc      0x1c7 CMakeFiles/i2c-display-on-rp2040.dir/ssd1306.c.o
 *fill*         0x10004da3        0x1 
 .rodata        0x10004da4       0x19 CMakeFiles/i2c-display-on-rp2040.dir/ssd1306.c.o
 .rodata.panic.str1.4
                0x10004dbd        0x0 CMakeFiles/i2c-display-on-rp2040.dir/Users/mdalaminashik/pico-zero/pico-sdk/src/rp2_common/pico_platform_panic/panic.c.o
                                 0x11 (size before relaxing)
 .rodata.spin_lock_claim_unused.str1.4
                0x10004dbd        0x0 CMakeFiles/i2c-display-on-rp2040.dir/Users/mdalaminashik/pico-zero/pico-sdk/src/rp2_common/hardware_sync/sync.c.o
                                 0x1b (size before relaxing)
 .rodata.user_irq_claim_unused.str1.4
                0x10004dbd        0x0 CMakeFiles/i2c-display-on-rp2040.dir/Users/mdalaminashik/pico-zero/pico-sdk/src/rp2_common/hardware_irq/irq.c.o
                                 0x1b (size before relaxing)
 .rodata.timer_hardware_alarm_claim.str1.4
                0x10004dbd        0x0 CMakeFiles/i2c-display-on-rp2040.dir/Users/mdalaminashik/pico-zero/pico-sdk/src/rp2_common/hardware_timer/timer.c.o
                                 0x22 (size before relaxing)
 .rodata.hard_assertion_failure.str1.4
                0x10004dbd        0x0 CMakeFiles/i2c-display-on-rp2040.dir/Users/mdalaminashik/pico-zero/pico-sdk/src/rp2_common/pico_runtime/runtime.c.o
                                  0xc (size before relaxing)
 .rodata.str1.4
                0x10004dbd        0x0 CMakeFiles/i2c-display-on-rp2040.dir/Users/mdalaminashik/pico-zero/pico-sdk/src/rp2_common/pico_standard_binary_info/standard_binary_info.c.o
                                 0x4c (size before relaxing)
 *fill*         0x10004dbd        0x3 
 .rodata.__bi_84
                0x10004dc0        0xc CMakeFiles/i2c-display-on-rp2040.dir/Users/mdalaminashik/pico-zero/pico-sdk/src/rp2_common/pico_standard_binary_info/standard_binary_info.c.o
 .rodata.__bi_78
                0x10004dcc        0xc CMakeFiles/i2c-display-on-rp2040.dir/Users/mdalaminashik/pico-zero/pico-sdk/src/rp2_common/pico_standard_binary_info/standard_binary_info.c.o
 .rodata.__bi_54
                0x10004dd8        0xc CMakeFiles/i2c-display-on-rp2040.dir/Users/mdalaminashik/pico-zero/pico-sdk/src/rp2_common/pico_standard_binary_info/standard_binary_info.c.o
 .rodata.__bi_48
                0x10004de4        0xc CMakeFiles/i2c-display-on-rp2040.dir/Users/mdalaminashik/pico-zero/pico-sdk/src/rp2_common/pico_standard_binary_info/standard_binary_info.c.o
 .rodata.__bi_42
                0x10004df0        0xc CMakeFiles/i2c-display-on-rp2040.dir/Users/mdalaminashik/pico-zero/pico-sdk/src/rp2_common/pico_standard_binary_info/standard_binary_info.c.o
 .rodata.__bi_34
                0x10004dfc        0xc CMakeFiles/i2c-display-on-rp2040.dir/Users/mdalaminashik/pico-zero/pico-sdk/src/rp2_common/pico_standard_binary_info/standard_binary_info.c.o
 .rodata.__bi_26
                0x10004e08        0xc CMakeFiles/i2c-display-on-rp2040.dir/Users/mdalaminashik/pico-zero/pico-sdk/src/rp2_common/pico_standard_binary_info/standard_binary_info.c.o
 .rodata.crlf_str.0
                0x10004e14        0x2 CMakeFiles/i2c-display-on-rp2040.dir/Users/mdalaminashik/pico-zero/pico-sdk/src/rp2_common/pico_stdio/stdio.c.o
 .rodata.str1.4
                0x10004e16        0x0 CMakeFiles/i2c-display-on-rp2040.dir/Users/mdalaminashik/pico-zero/pico-sdk/src/rp2_common/pico_stdio_uart/stdio_uart.c.o
                                 0x2c (size before relaxing)
 *fill*         0x10004e16        0x2 
 .rodata.__bi_45.4
                0x10004e18        0xc CMakeFiles/i2c-display-on-rp2040.dir/Users/mdalaminashik/pico-zero/pico-sdk/src/rp2_common/pico_stdio_uart/stdio_uart.c.o
 .rodata.__bi_49.5
                0x10004e24        0x8 CMakeFiles/i2c-display-on-rp2040.dir/Users/mdalaminashik/pico-zero/pico-sdk/src/rp2_common/pico_stdio_uart/stdio_uart.c.o
 .rodata.__bi_50.6
                0x10004e2c        0x8 CMakeFiles/i2c-display-on-rp2040.dir/Users/mdalaminashik/pico-zero/pico-sdk/src/rp2_common/pico_stdio_uart/stdio_uart.c.o
 .rodata.str1.4
                0x10004e34        0x0 CMakeFiles/i2c-display-on-rp2040.dir/Users/mdalaminashik/pico-zero/pico-sdk/src/rp2_common/pico_stdio_usb/stdio_usb.c.o
                                 0x13 (size before relaxing)
 .rodata.__bi_204.0
                0x10004e34        0xc CMakeFiles/i2c-display-on-rp2040.dir/Users/mdalaminashik/pico-zero/pico-sdk/src/rp2_common/pico_stdio_usb/stdio_usb.c.o
 .rodata.str1.4
                0x10004e40        0x0 CMakeFiles/i2c-display-on-rp2040.dir/Users/mdalaminashik/pico-zero/pico-sdk/src/rp2_common/pico_stdio_usb/stdio_usb_descriptors.c.o
                                 0x2a (size before relaxing)
 .rodata.usbd_desc_str
                0x10004e40       0x18 CMakeFiles/i2c-display-on-rp2040.dir/Users/mdalaminashik/pico-zero/pico-sdk/src/rp2_common/pico_stdio_usb/stdio_usb_descriptors.c.o
 .rodata.usbd_desc_cfg
                0x10004e58       0x54 CMakeFiles/i2c-display-on-rp2040.dir/Users/mdalaminashik/pico-zero/pico-sdk/src/rp2_common/pico_stdio_usb/stdio_usb_descriptors.c.o
 .rodata.usbd_desc_device
                0x10004eac       0x12 CMakeFiles/i2c-display-on-rp2040.dir/Users/mdalaminashik/pico-zero/pico-sdk/src/rp2_common/pico_stdio_usb/stdio_usb_descriptors.c.o
 *fill*         0x10004ebe        0x2 
 .rodata.desc_ms_os_20
                0x10004ec0       0xa6 CMakeFiles/i2c-display-on-rp2040.dir/Users/mdalaminashik/pico-zero/pico-sdk/src/rp2_common/pico_usb_reset/usb_reset.c.o
 *fill*         0x10004f66        0x2 
 .rodata.desc_bos
                0x10004f68       0x21 CMakeFiles/i2c-display-on-rp2040.dir/Users/mdalaminashik/pico-zero/pico-sdk/src/rp2_common/pico_usb_reset/usb_reset.c.o
                0x10004f68                desc_bos
 *fill*         0x10004f89        0x3 
 .rodata.usb_reset_interface_driver
                0x10004f8c       0x20 CMakeFiles/i2c-display-on-rp2040.dir/Users/mdalaminashik/pico-zero/pico-sdk/src/rp2_common/pico_usb_reset/usb_reset.c.o
 .rodata.str1.4
                0x10004fac        0x0 CMakeFiles/i2c-display-on-rp2040.dir/Users/mdalaminashik/pico-zero/pico-sdk/lib/tinyusb/src/portable/raspberrypi/rp2040/dcd_rp2040.c.o
                                 0x14 (size before relaxing)
 .rodata.str1.4
                0x10004fac        0x0 CMakeFiles/i2c-display-on-rp2040.dir/Users/mdalaminashik/pico-zero/pico-sdk/lib/tinyusb/src/portable/raspberrypi/rp2040/rp2040_usb.c.o
                                 0x48 (size before relaxing)
 .rodata.tud_task_ext
                0x10004fac       0x8c CMakeFiles/i2c-display-on-rp2040.dir/Users/mdalaminashik/pico-zero/pico-sdk/lib/tinyusb/src/device/usbd.c.o
 .rodata        0x10005038       0x1c CMakeFiles/i2c-display-on-rp2040.dir/Users/mdalaminashik/pico-zero/pico-sdk/lib/tinyusb/src/device/usbd.c.o
 .rodata._usbd_driver
                0x10005054       0x20 CMakeFiles/i2c-display-on-rp2040.dir/Users/mdalaminashik/pico-zero/pico-sdk/lib/tinyusb/src/device/usbd.c.o
 *(.srodata*)
                0x10005074                        . = ALIGN (0x4)
 *(SORT_BY_ALIGNMENT(SORT_BY_NAME(.flashdata*)))
                0x10005074                        . = ALIGN (0x4)

.ARM.extab
 *(.ARM.extab* .gnu.linkonce.armextab.*)
                0x10005074                        __exidx_start = .

.ARM.exidx
 *(.ARM.exidx* .gnu.linkonce.armexidx.*)
                0x10005074                        __exidx_end = .
                0x10005074                        . = ALIGN (0x4)
                0x10005074                        __binary_info_start = .

.binary_info    0x10005074       0x2c
 *(.binary_info.keep.*)
 .binary_info.keep.__bi_ptr84
                0x10005074        0x4 CMakeFiles/i2c-display-on-rp2040.dir/Users/mdalaminashik/pico-zero/pico-sdk/src/rp2_common/pico_standard_binary_info/standard_binary_info.c.o
 .binary_info.keep.__bi_ptr78
                0x10005078        0x4 CMakeFiles/i2c-display-on-rp2040.dir/Users/mdalaminashik/pico-zero/pico-sdk/src/rp2_common/pico_standard_binary_info/standard_binary_info.c.o
 .binary_info.keep.__bi_ptr54
                0x1000507c        0x4 CMakeFiles/i2c-display-on-rp2040.dir/Users/mdalaminashik/pico-zero/pico-sdk/src/rp2_common/pico_standard_binary_info/standard_binary_info.c.o
 .binary_info.keep.__bi_ptr48
                0x10005080        0x4 CMakeFiles/i2c-display-on-rp2040.dir/Users/mdalaminashik/pico-zero/pico-sdk/src/rp2_common/pico_standard_binary_info/standard_binary_info.c.o
 .binary_info.keep.__bi_ptr42
                0x10005084        0x4 CMakeFiles/i2c-display-on-rp2040.dir/Users/mdalaminashik/pico-zero/pico-sdk/src/rp2_common/pico_standard_binary_info/standard_binary_info.c.o
 .binary_info.keep.__bi_ptr34
                0x10005088        0x4 CMakeFiles/i2c-display-on-rp2040.dir/Users/mdalaminashik/pico-zero/pico-sdk/src/rp2_common/pico_standard_binary_info/standard_binary_info.c.o
 .binary_info.keep.__bi_ptr26
                0x1000508c        0x4 CMakeFiles/i2c-display-on-rp2040.dir/Users/mdalaminashik/pico-zero/pico-sdk/src/rp2_common/pico_standard_binary_info/standard_binary_info.c.o
 *(.binary_info.*)
 .binary_info.__bi_ptr50
                0x10005090        0x4 CMakeFiles/i2c-display-on-rp2040.dir/Users/mdalaminashik/pico-zero/pico-sdk/src/rp2_common/pico_stdio_uart/stdio_uart.c.o
 .binary_info.__bi_ptr49
                0x10005094        0x4 CMakeFiles/i2c-display-on-rp2040.dir/Users/mdalaminashik/pico-zero/pico-sdk/src/rp2_common/pico_stdio_uart/stdio_uart.c.o
 .binary_info.__bi_ptr45
                0x10005098        0x4 CMakeFiles/i2c-display-on-rp2040.dir/Users/mdalaminashik/pico-zero/pico-sdk/src/rp2_common/pico_stdio_uart/stdio_uart.c.o
 .binary_info.__bi_ptr204
                0x1000509c        0x4 CMakeFiles/i2c-display-on-rp2040.dir/Users/mdalaminashik/pico-zero/pico-sdk/src/rp2_common/pico_stdio_usb/stdio_usb.c.o
                0x100050a0                        __binary_info_end = .
                0x100050a0                        . = ALIGN (0x4)

.xip_ram        0x15000000        0x0 load address 0x100050a0
                0x15000000                        __xip_ram_start__ = .
                0x15000000                        . = ALIGN (0x4)
 *(.xip_ram*)
                0x15000000                        . = ALIGN (0x4)
                0x15000000                        __xip_ram_end__ = .
                0x100050a0                        __xip_ram_source__ = LOADADDR (.xip_ram)

.ram_vector_table
                0x20000000       0xc0
 *(.ram_vector_table)
 .ram_vector_table
                0x20000000       0xc0 CMakeFiles/i2c-display-on-rp2040.dir/Users/mdalaminashik/pico-zero/pico-sdk/src/rp2_common/pico_runtime_init/runtime_init.c.o
                0x20000000                ram_vector_table

.uninitialized_data
                0x200000c0        0x0
                0x200000c0                        . = ALIGN (0x4)
 *(.uninitialized_data*)

.data           0x200000c0      0xf98 load address 0x100050a0
                0x200000c0                        __data_start__ = .
 *(vtable)
 *(.time_critical*)
 .time_critical.mutex_try_enter
                0x200000c0       0x40 CMakeFiles/i2c-display-on-rp2040.dir/Users/mdalaminashik/pico-zero/pico-sdk/src/common/pico_sync/mutex.c.o
                0x200000c0                mutex_try_enter
 .time_critical.mutex_enter_block_until
                0x20000100       0x64 CMakeFiles/i2c-display-on-rp2040.dir/Users/mdalaminashik/pico-zero/pico-sdk/src/common/pico_sync/mutex.c.o
                0x20000100                mutex_enter_block_until
 .time_critical.mutex_try_enter_block_until
                0x20000164       0x34 CMakeFiles/i2c-display-on-rp2040.dir/Users/mdalaminashik/pico-zero/pico-sdk/src/common/pico_sync/mutex.c.o
                0x20000164                mutex_try_enter_block_until
 .time_critical.mutex_enter_timeout_ms
                0x20000198       0x3c CMakeFiles/i2c-display-on-rp2040.dir/Users/mdalaminashik/pico-zero/pico-sdk/src/common/pico_sync/mutex.c.o
                0x20000198                mutex_enter_timeout_ms
 .time_critical.mutex_exit
                0x200001d4       0x28 CMakeFiles/i2c-display-on-rp2040.dir/Users/mdalaminashik/pico-zero/pico-sdk/src/common/pico_sync/mutex.c.o
                0x200001d4                mutex_exit
 .time_critical.flash_init_boot2_copyout
                0x200001fc       0x30 CMakeFiles/i2c-display-on-rp2040.dir/Users/mdalaminashik/pico-zero/pico-sdk/src/rp2_common/hardware_flash/flash.c.o
 .time_critical.flash_enable_xip_via_boot2
                0x2000022c        0xc CMakeFiles/i2c-display-on-rp2040.dir/Users/mdalaminashik/pico-zero/pico-sdk/src/rp2_common/hardware_flash/flash.c.o
 .time_critical.flash_save_hardware_state
                0x20000238       0x28 CMakeFiles/i2c-display-on-rp2040.dir/Users/mdalaminashik/pico-zero/pico-sdk/src/rp2_common/hardware_flash/flash.c.o
 .time_critical.flash_restore_hardware_state
                0x20000260       0x28 CMakeFiles/i2c-display-on-rp2040.dir/Users/mdalaminashik/pico-zero/pico-sdk/src/rp2_common/hardware_flash/flash.c.o
 .time_critical.flash_do_cmd_cs
                0x20000288      0x148 CMakeFiles/i2c-display-on-rp2040.dir/Users/mdalaminashik/pico-zero/pico-sdk/src/rp2_common/hardware_flash/flash.c.o
                0x20000288                flash_do_cmd_cs
 .time_critical.reset_non_control_endpoints
                0x200003d0       0x68 CMakeFiles/i2c-display-on-rp2040.dir/Users/mdalaminashik/pico-zero/pico-sdk/lib/tinyusb/src/portable/raspberrypi/rp2040/dcd_rp2040.c.o
 .time_critical.hw_handle_buff_status
                0x20000438       0x88 CMakeFiles/i2c-display-on-rp2040.dir/Users/mdalaminashik/pico-zero/pico-sdk/lib/tinyusb/src/portable/raspberrypi/rp2040/dcd_rp2040.c.o
 .time_critical.dcd_rp2040_irq
                0x200004c0      0x53c CMakeFiles/i2c-display-on-rp2040.dir/Users/mdalaminashik/pico-zero/pico-sdk/lib/tinyusb/src/portable/raspberrypi/rp2040/dcd_rp2040.c.o
 .time_critical.prepare_ep_buffer
                0x200009fc       0xc4 CMakeFiles/i2c-display-on-rp2040.dir/Users/mdalaminashik/pico-zero/pico-sdk/lib/tinyusb/src/portable/raspberrypi/rp2040/rp2040_usb.c.o
 .time_critical.sync_ep_buffer
                0x20000ac0       0xa0 CMakeFiles/i2c-display-on-rp2040.dir/Users/mdalaminashik/pico-zero/pico-sdk/lib/tinyusb/src/portable/raspberrypi/rp2040/rp2040_usb.c.o
 .time_critical._hw_endpoint_xfer_sync
                0x20000b60       0x28 CMakeFiles/i2c-display-on-rp2040.dir/Users/mdalaminashik/pico-zero/pico-sdk/lib/tinyusb/src/portable/raspberrypi/rp2040/rp2040_usb.c.o
 .time_critical.e15_is_bulkin_ep
                0x20000b88       0x28 CMakeFiles/i2c-display-on-rp2040.dir/Users/mdalaminashik/pico-zero/pico-sdk/lib/tinyusb/src/portable/raspberrypi/rp2040/rp2040_usb.c.o
 .time_critical.e15_is_critical_frame_period
                0x20000bb0       0x30 CMakeFiles/i2c-display-on-rp2040.dir/Users/mdalaminashik/pico-zero/pico-sdk/lib/tinyusb/src/portable/raspberrypi/rp2040/rp2040_usb.c.o
 .time_critical.hw_endpoint_reset_transfer
                0x20000be0        0xc CMakeFiles/i2c-display-on-rp2040.dir/Users/mdalaminashik/pico-zero/pico-sdk/lib/tinyusb/src/portable/raspberrypi/rp2040/rp2040_usb.c.o
                0x20000be0                hw_endpoint_reset_transfer
 .time_critical._hw_endpoint_buffer_control_update32
                0x20000bec       0x50 CMakeFiles/i2c-display-on-rp2040.dir/Users/mdalaminashik/pico-zero/pico-sdk/lib/tinyusb/src/portable/raspberrypi/rp2040/rp2040_usb.c.o
                0x20000bec                _hw_endpoint_buffer_control_update32
 .time_critical.hw_endpoint_start_next_buffer
                0x20000c3c       0x68 CMakeFiles/i2c-display-on-rp2040.dir/Users/mdalaminashik/pico-zero/pico-sdk/lib/tinyusb/src/portable/raspberrypi/rp2040/rp2040_usb.c.o
                0x20000c3c                hw_endpoint_start_next_buffer
 .time_critical.hw_endpoint_xfer_continue
                0x20000ca4       0x40 CMakeFiles/i2c-display-on-rp2040.dir/Users/mdalaminashik/pico-zero/pico-sdk/lib/tinyusb/src/portable/raspberrypi/rp2040/rp2040_usb.c.o
                0x20000ca4                hw_endpoint_xfer_continue
 .time_critical.tinyusb
                0x20000ce4      0x1d4 CMakeFiles/i2c-display-on-rp2040.dir/Users/mdalaminashik/pico-zero/pico-sdk/lib/tinyusb/src/device/usbd.c.o
                0x20000ce4                dcd_event_handler
 *(.text*)
 .text          0x20000eb8        0x4 /Applications/ArmGNUToolchain/15.2.rel1/arm-none-eabi/bin/../lib/gcc/arm-none-eabi/15.2.1/thumb/v6-m/nofp/libgcc.a(_dvmd_tls.o)
                0x20000eb8                __aeabi_ldiv0
                0x20000eb8                __aeabi_idiv0
 *fill*         0x20000ebc        0x4 
 .text.__stub   0x20000ec0       0x80 linker stubs
                0x20000f40                        . = ALIGN (0x4)
 *(.rodata*)
                0x20000f40                        . = ALIGN (0x4)
                [!provide]                        PROVIDE (__emutls_array_start = .)
 *(.*.__emutls_v.*)
                [!provide]                        PROVIDE (__emutls_array_end = .)
                0x20000f40                        . = ALIGN (0x4)
 *(.data*)
 .data.striped_spin_lock_num
                0x20000f40        0x1 CMakeFiles/i2c-display-on-rp2040.dir/Users/mdalaminashik/pico-zero/pico-sdk/src/rp2_common/hardware_sync/sync.c.o
 *fill*         0x20000f41        0x3 
 .data          0x20000f44       0x60 CMakeFiles/i2c-display-on-rp2040.dir/Users/mdalaminashik/pico-zero/pico-sdk/src/rp2_common/hardware_irq/irq_handler_chain.S.o
                0x20000f44                irq_handler_chain_slots
                0x20000f8c                irq_handler_chain_first_slot
                0x20000f96                irq_handler_chain_remove_tail
 *fill*         0x20000fa4        0x4 
 .data.last_added.0
                0x20000fa8        0x8 CMakeFiles/i2c-display-on-rp2040.dir/Users/mdalaminashik/pico-zero/pico-sdk/src/common/pico_time/time.c.o
 .data.default_alarm_pool
                0x20000fb0       0x18 CMakeFiles/i2c-display-on-rp2040.dir/Users/mdalaminashik/pico-zero/pico-sdk/src/common/pico_time/time.c.o
 *fill*         0x20000fc8        0x8 
 .data.aeabi_bits_funcs
                0x20000fd0       0x10 CMakeFiles/i2c-display-on-rp2040.dir/Users/mdalaminashik/pico-zero/pico-sdk/src/rp2_common/pico_bit_ops/bit_ops_aeabi.S.o
                0x20000fd0                aeabi_bits_funcs
                0x20000fe0                aeabi_bits_funcs_end
 .data.aeabi_mem_funcs
                0x20000fe0       0x10 CMakeFiles/i2c-display-on-rp2040.dir/Users/mdalaminashik/pico-zero/pico-sdk/src/rp2_common/pico_mem_ops/mem_ops_aeabi.S.o
                0x20000fe0                aeabi_mem_funcs
                0x20000ff0                aeabi_mem_funcs_end
 .data.stdio_uart
                0x20000ff0       0x18 CMakeFiles/i2c-display-on-rp2040.dir/Users/mdalaminashik/pico-zero/pico-sdk/src/rp2_common/pico_stdio_uart/stdio_uart.c.o
                0x20000ff0                stdio_uart
 .data.stdio_usb
                0x20001008       0x18 CMakeFiles/i2c-display-on-rp2040.dir/Users/mdalaminashik/pico-zero/pico-sdk/src/rp2_common/pico_stdio_usb/stdio_usb.c.o
                0x20001008                stdio_usb
 .data._usbd_qdef
                0x20001020       0x1c CMakeFiles/i2c-display-on-rp2040.dir/Users/mdalaminashik/pico-zero/pico-sdk/lib/tinyusb/src/device/usbd.c.o
                0x20001020                _usbd_qdef
 .data._usbd_rhport
                0x2000103c        0x1 CMakeFiles/i2c-display-on-rp2040.dir/Users/mdalaminashik/pico-zero/pico-sdk/lib/tinyusb/src/device/usbd.c.o
 *fill*         0x2000103d        0x3 
 .data.i2c1_inst
                0x20001040        0x8 CMakeFiles/i2c-display-on-rp2040.dir/Users/mdalaminashik/pico-zero/pico-sdk/src/rp2_common/hardware_i2c/i2c.c.o
                0x20001040                i2c1_inst
 .data.i2c0_inst
                0x20001048        0x8 CMakeFiles/i2c-display-on-rp2040.dir/Users/mdalaminashik/pico-zero/pico-sdk/src/rp2_common/hardware_i2c/i2c.c.o
                0x20001048                i2c0_inst
 *(.sdata*)
                0x20001050                        . = ALIGN (0x4)
 *(.after_data.*)
                0x20001050                        . = ALIGN (0x4)
                0x20001050                        PROVIDE (__mutex_array_start = .)
 *(SORT_BY_NAME(.mutex_array.*))
 *(.mutex_array)
 .mutex_array   0x20001050        0x8 CMakeFiles/i2c-display-on-rp2040.dir/Users/mdalaminashik/pico-zero/pico-sdk/src/rp2_common/pico_stdio/stdio.c.o
                0x20001058                        PROVIDE (__mutex_array_end = .)
 *(.jcr)
                0x20001058                        . = ALIGN (0x4)

.igot.plt       0x20001058        0x0 load address 0x10006038
 .igot.plt      0x20001058        0x0 CMakeFiles/i2c-display-on-rp2040.dir/main.c.o

.tdata          0x20001058        0x0 load address 0x10006038
                0x20001058                        . = ALIGN (0x4)
 *(.tdata .tdata.* .gnu.linkonce.td.*)
                0x20001058                        __tdata_end = .
                0x20001058                        PROVIDE (__data_end__ = .)
                0x100050a0                        __etext = LOADADDR (.data)
                0x20001058                        . = ALIGN (0x4)

.tbss           0x20001058        0x0 load address 0x10006038
                0x20001058                        __bss_start__ = .
                0x20001058                        __tls_base = .
 *(.tbss .tbss.* .gnu.linkonce.tb.*)
 *(.tcommon)
                0x20001058                        . = ALIGN (0x4)
                0x20001058                        __tls_end = .

.tbss_space     0x20001058        0x0 load address 0x10006038
                0x20001058                        . = (__bss_start__ + SIZEOF (.tbss))

.bss            0x20001058     0x102c load address 0x10006038
                0x20001058                        . = ALIGN (0x4)
                0x20001058                        __tbss_end = .
 *(SORT_BY_ALIGNMENT(SORT_BY_NAME(.bss*)))
 .bss._cdcd_itf
                0x20001058       0xc8 CMakeFiles/i2c-display-on-rp2040.dir/Users/mdalaminashik/pico-zero/pico-sdk/lib/tinyusb/src/class/cdc/cdc_device.c.o
 .bss.default_alarm_pool_entries
                0x20001120      0x180 CMakeFiles/i2c-display-on-rp2040.dir/Users/mdalaminashik/pico-zero/pico-sdk/src/common/pico_time/time.c.o
 .bss.last_avail_time.1
                0x200012a0        0x8 CMakeFiles/i2c-display-on-rp2040.dir/Users/mdalaminashik/pico-zero/pico-sdk/src/rp2_common/pico_stdio_usb/stdio_usb.c.o
 .bss.sd_table  0x200012a8      0x100 CMakeFiles/i2c-display-on-rp2040.dir/Users/mdalaminashik/pico-zero/pico-sdk/src/rp2_common/pico_double/double_init_rom_rp2040.c.o
                0x200012a8                sd_table
 .bss.sf_table  0x200013a8      0x100 CMakeFiles/i2c-display-on-rp2040.dir/Users/mdalaminashik/pico-zero/pico-sdk/src/rp2_common/pico_float/float_init_rom_rp2040.c.o
                0x200013a8                sf_table
 .bss._app_driver
                0x200014a8        0x4 CMakeFiles/i2c-display-on-rp2040.dir/Users/mdalaminashik/pico-zero/pico-sdk/lib/tinyusb/src/device/usbd.c.o
 .bss._cdcd_epbuf
                0x200014ac       0x80 CMakeFiles/i2c-display-on-rp2040.dir/Users/mdalaminashik/pico-zero/pico-sdk/lib/tinyusb/src/class/cdc/cdc_device.c.o
 .bss._cdcd_fifo_cfg
                0x2000152c        0x1 CMakeFiles/i2c-display-on-rp2040.dir/Users/mdalaminashik/pico-zero/pico-sdk/lib/tinyusb/src/class/cdc/cdc_device.c.o
 *fill*         0x2000152d        0x3 
 .bss._ctrl_epbuf
                0x20001530       0x40 CMakeFiles/i2c-display-on-rp2040.dir/Users/mdalaminashik/pico-zero/pico-sdk/lib/tinyusb/src/device/usbd_control.c.o
 .bss._ctrl_xfer
                0x20001570       0x14 CMakeFiles/i2c-display-on-rp2040.dir/Users/mdalaminashik/pico-zero/pico-sdk/lib/tinyusb/src/device/usbd_control.c.o
 .bss._tusb_rhport_role
                0x20001584        0x2 CMakeFiles/i2c-display-on-rp2040.dir/Users/mdalaminashik/pico-zero/pico-sdk/lib/tinyusb/src/tusb.c.o
                0x20001584                _tusb_rhport_role
 *fill*         0x20001586        0x2 
 .bss._ubsd_mutexdef
                0x20001588        0x8 CMakeFiles/i2c-display-on-rp2040.dir/Users/mdalaminashik/pico-zero/pico-sdk/lib/tinyusb/src/device/usbd.c.o
 .bss._usbd_dev
                0x20001590       0x54 CMakeFiles/i2c-display-on-rp2040.dir/Users/mdalaminashik/pico-zero/pico-sdk/lib/tinyusb/src/device/usbd.c.o
 .bss._usbd_mutex
                0x200015e4        0x4 CMakeFiles/i2c-display-on-rp2040.dir/Users/mdalaminashik/pico-zero/pico-sdk/lib/tinyusb/src/device/usbd.c.o
 .bss._usbd_q   0x200015e8        0x4 CMakeFiles/i2c-display-on-rp2040.dir/Users/mdalaminashik/pico-zero/pico-sdk/lib/tinyusb/src/device/usbd.c.o
 .bss._usbd_qdef_buf
                0x200015ec       0xc0 CMakeFiles/i2c-display-on-rp2040.dir/Users/mdalaminashik/pico-zero/pico-sdk/lib/tinyusb/src/device/usbd.c.o
                0x200015ec                _usbd_qdef_buf
 .bss.boot2_copyout
                0x200016ac      0x100 CMakeFiles/i2c-display-on-rp2040.dir/Users/mdalaminashik/pico-zero/pico-sdk/src/rp2_common/hardware_flash/flash.c.o
 .bss.chars_available_callback
                0x200017ac        0x4 CMakeFiles/i2c-display-on-rp2040.dir/Users/mdalaminashik/pico-zero/pico-sdk/src/rp2_common/pico_stdio_uart/stdio_uart.c.o
 .bss.chars_available_callback
                0x200017b0        0x4 CMakeFiles/i2c-display-on-rp2040.dir/Users/mdalaminashik/pico-zero/pico-sdk/src/rp2_common/pico_stdio_usb/stdio_usb.c.o
 .bss.chars_available_param
                0x200017b4        0x4 CMakeFiles/i2c-display-on-rp2040.dir/Users/mdalaminashik/pico-zero/pico-sdk/src/rp2_common/pico_stdio_uart/stdio_uart.c.o
 .bss.chars_available_param